Component: Arm Compiler for Embedded 6.22 Tool: armlink [5ee90200]

==============================================================================

Section Cross References

    startup_lpc17xx.o(STACK) refers (Special) to heapauxi.o(.text) for __use_two_region_memory
    startup_lpc17xx.o(HEAP) refers (Special) to heapauxi.o(.text) for __use_two_region_memory
    startup_lpc17xx.o(RESET) refers (Special) to heapauxi.o(.text) for __use_two_region_memory
    startup_lpc17xx.o(RESET) refers to startup_lpc17xx.o(STACK) for __initial_sp
    startup_lpc17xx.o(RESET) refers to startup_lpc17xx.o(.text) for Reset_Handler
    startup_lpc17xx.o(RESET) refers to irq_timer.o(.text) for TIMER0_IRQHandler
    startup_lpc17xx.o(RESET) refers to irq_button.o(.text) for EINT0_IRQHandler
    startup_lpc17xx.o(RESET) refers to irq_adc.o(.text) for ADC_IRQHandler
    startup_lpc17xx.o(RESET) refers to irq_can.o(.text) for CAN_IRQHandler
    startup_lpc17xx.o(RESET) refers to irq_rit.o(.text) for RIT_IRQHandler
    startup_lpc17xx.o(.ARM.__at_0x02FC) refers (Special) to heapauxi.o(.text) for __use_two_region_memory
    startup_lpc17xx.o(.text) refers (Special) to heapauxi.o(.text) for __use_two_region_memory
    startup_lpc17xx.o(.text) refers to __main.o(!!!main) for __main
    startup_lpc17xx.o(.text) refers to startup_lpc17xx.o(HEAP) for Heap_Mem
    startup_lpc17xx.o(.text) refers to startup_lpc17xx.o(STACK) for Stack_Mem
    sample.o(.text) refers to system_lpc17xx.o(.text) for SystemInit
    sample.o(.text) refers to glcd.o(.text) for LCD_Initialization
    sample.o(.text) refers to lib_rit.o(.text) for init_RIT
    sample.o(.text) refers to touchpanel.o(.text) for TP_Init
    sample.o(.text) refers to lib_adc.o(.text) for ADC_init
    sample.o(.text) refers to lib_can.o(.text) for CAN_Init
    sample.o(.text) refers to lib_button.o(.text) for BUTTON_init
    sample.o(.text) refers to imports.o(.text) for InitializeGame
    sample.o(.ARM.exidx) refers to sample.o(.text) for [Anonymous Symbol]
    system_lpc17xx.o(.text) refers to system_lpc17xx.o(.data.SystemFrequency) for SystemFrequency
    system_lpc17xx.o(.ARM.exidx) refers to system_lpc17xx.o(.text) for [Anonymous Symbol]
    irq_timer.o(.text) refers (Special) to _printf_percent.o(.ARM.Collect$$_printf_percent$$00000000) for _printf_percent
    irq_timer.o(.text) refers (Special) to _printf_d.o(.ARM.Collect$$_printf_percent$$00000009) for _printf_d
    irq_timer.o(.text) refers (Special) to _printf_dec.o(.text) for _printf_int_dec
    irq_timer.o(.text) refers to irq_timer.o(.bss.TIMER0_IRQHandler.i) for TIMER0_IRQHandler.i
    irq_timer.o(.text) refers to irq_timer.o(.data.frequencies_pacman) for frequencies_pacman
    irq_timer.o(.text) refers to irq_timer.o(.bss.state) for state
    irq_timer.o(.text) refers to imports.o(.bss.elapsed_time) for elapsed_time
    irq_timer.o(.text) refers to imports.o(.bss.startup) for startup
    irq_timer.o(.text) refers to imports.o(.bss.buffer) for buffer
    irq_timer.o(.text) refers to noretval__2sprintf.o(.text) for __2sprintf
    irq_timer.o(.text) refers to glcd.o(.text) for GUI_Text
    irq_timer.o(.text) refers to imports.o(.text) for GameOver
    irq_timer.o(.text) refers to imports.o(.bss.stateOfGame) for stateOfGame
    irq_timer.o(.text) refers to imports.o(.bss.timeToExpel) for timeToExpel
    irq_timer.o(.text) refers to imports.o(.bss.respawn) for respawn
    irq_timer.o(.text) refers to imports.o(.bss.wait) for wait
    irq_timer.o(.text) refers to lib_timer.o(.text) for disable_timer
    irq_timer.o(.text) refers to imports.o(.bss.paused) for paused
    irq_timer.o(.text) refers to irq_timer.o(.bss.TIMER3_IRQHandler.counter) for TIMER3_IRQHandler.counter
    irq_timer.o(.text) refers to irq_timer.o(.bss.TIMER3_IRQHandler.up) for TIMER3_IRQHandler.up
    irq_timer.o(.text) refers to imports.o(.bss.direction) for direction
    irq_timer.o(.text) refers to irq_timer.o(.bss.TIMER3_IRQHandler.right) for TIMER3_IRQHandler.right
    irq_timer.o(.text) refers to irq_timer.o(.bss.TIMER3_IRQHandler.left) for TIMER3_IRQHandler.left
    irq_timer.o(.text) refers to irq_timer.o(.bss.TIMER3_IRQHandler.down) for TIMER3_IRQHandler.down
    irq_timer.o(.ARM.exidx) refers (Special) to _printf_percent.o(.ARM.Collect$$_printf_percent$$00000000) for _printf_percent
    irq_timer.o(.ARM.exidx) refers (Special) to _printf_d.o(.ARM.Collect$$_printf_percent$$00000009) for _printf_d
    irq_timer.o(.ARM.exidx) refers (Special) to _printf_dec.o(.text) for _printf_int_dec
    irq_timer.o(.ARM.exidx) refers to irq_timer.o(.text) for [Anonymous Symbol]
    irq_timer.o(.data.frequencies_pacman) refers (Special) to _printf_percent.o(.ARM.Collect$$_printf_percent$$00000000) for _printf_percent
    irq_timer.o(.data.frequencies_pacman) refers (Special) to _printf_d.o(.ARM.Collect$$_printf_percent$$00000009) for _printf_d
[...]
    defsig.o(CL$$defsig) refers to defsig_rtmem_inner.o(.text) for __rt_SIGRTMEM_inner
    defsig_abrt_inner.o(.text) refers to defsig_general.o(.text) for __default_signal_display
    defsig_fpe_inner.o(.text) refers to defsig_general.o(.text) for __default_signal_display
    defsig_rtred_inner.o(.text) refers to defsig_general.o(.text) for __default_signal_display
    defsig_stak_inner.o(.text) refers to defsig_general.o(.text) for __default_signal_display
    defsig_pvfn_inner.o(.text) refers to defsig_general.o(.text) for __default_signal_display
    defsig_cppl_inner.o(.text) refers to defsig_general.o(.text) for __default_signal_display
    defsig_segv_inner.o(.text) refers to defsig_general.o(.text) for __default_signal_display
    defsig_other.o(.text) refers to defsig_general.o(.text) for __default_signal_display


==============================================================================

Removing Unused input sections from the image.

    Removing sample.o(.ARM.exidx), (8 bytes).
    Removing sample.o(.data.song1), (384 bytes).
    Removing sample.o(.ARM.use_no_argv), (4 bytes).
    Removing system_lpc17xx.o(.ARM.exidx), (8 bytes).
    Removing irq_timer.o(.ARM.exidx), (32 bytes).
    Removing lib_timer.o(.ARM.exidx), (32 bytes).
    Removing asciilib.o(.ARM.exidx), (8 bytes).
    Removing glcd.o(.ARM.exidx), (96 bytes).
    Removing hzlib.o(.text), (36 bytes).
    Removing hzlib.o(.ARM.exidx), (8 bytes).
    Removing hzlib.o(.rodata.HzLib), (216576 bytes).
    Removing touchpanel.o(.ARM.exidx), (128 bytes).
    Removing touchpanel.o(.bss.display), (4 bytes).
    Removing imports.o(.ARM.exidx), (168 bytes).
    Removing imports.o(.data.directions), (8 bytes).
    Removing imports.o(.data.rowDirs), (4 bytes).
    Removing imports.o(.data.colDirs), (4 bytes).
    Removing funct_joystick.o(.text), (2 bytes).
    Removing funct_joystick.o(.ARM.exidx), (8 bytes).
    Removing lib_joystick.o(.text), (34 bytes).
    Removing lib_joystick.o(.ARM.exidx), (8 bytes).
    Removing irq_button.o(.ARM.exidx), (24 bytes).
    Removing lib_button.o(.ARM.exidx), (8 bytes).
    Removing irq_rit.o(.ARM.exidx), (8 bytes).
    Removing lib_rit.o(.ARM.exidx), (32 bytes).
    Removing irq_can.o(.ARM.exidx), (8 bytes).
    Removing irq_can.o(.bss.val_RxCoordX), (2 bytes).
    Removing irq_can.o(.bss.val_RxCoordY), (2 bytes).
    Removing lib_can.o(.ARM.exidx), (56 bytes).
    Removing lib_can.o(.rodata.CAN_BIT_TIME), (68 bytes).
    Removing music.o(.ARM.exidx), (16 bytes).
    Removing irq_adc.o(.ARM.exidx), (8 bytes).
    Removing lib_adc.o(.ARM.exidx), (16 bytes).

33 unused section(s) (total 217808 bytes) removed from the image.

==============================================================================

Image Symbol Table

    Local Symbols

    Symbol Name                              Value     Ov Type        Size  Object(Section)

    ../clib/angel/boardlib.s                 0x00000000   Number         0  boardinit1.o ABSOLUTE
    ../clib/angel/boardlib.s                 0x00000000   Number         0  boardinit2.o ABSOLUTE
    ../clib/angel/boardlib.s                 0x00000000   Number         0  boardinit3.o ABSOLUTE
    ../clib/angel/boardlib.s                 0x00000000   Number         0  boardshut.o ABSOLUTE
    ../clib/angel/dczerorl2.s                0x00000000   Number         0  __dczerorl2.o ABSOLUTE
    ../clib/angel/handlers.s                 0x00000000   Number         0  __scatter_zi.o ABSOLUTE
    ../clib/angel/kernel.s                   0x00000000   Number         0  __rtentry.o ABSOLUTE
    ../clib/angel/kernel.s                   0x00000000   Number         0  __rtentry2.o ABSOLUTE
    ../clib/angel/kernel.s                   0x00000000   Number         0  __rtentry4.o ABSOLUTE
    ../clib/angel/kernel.s                   0x00000000   Number         0  rtexit.o ABSOLUTE
    ../clib/angel/kernel.s                   0x00000000   Number         0  rtexit2.o ABSOLUTE
    ../clib/angel/rt.s                       0x00000000   Number         0  rt_raise.o ABSOLUTE
    ../clib/angel/scatter.s                  0x00000000   Number         0  __scatter.o ABSOLUTE
    ../clib/angel/startup.s                  0x00000000   Number         0  __main.o ABSOLUTE
    ../clib/angel/sys.s                      0x00000000   Number         0  sys_stackheap_outer.o ABSOLUTE
    ../clib/angel/sys.s                      0x00000000   Number         0  libspace.o ABSOLUTE
    ../clib/angel/sys.s                      0x00000000   Number         0  use_no_semi.o ABSOLUTE
    ../clib/angel/sys.s                      0x00000000   Number         0  indicate_semi.o ABSOLUTE
    ../clib/angel/sysapp.c                   0x00000000   Number         0  sys_command.o ABSOLUTE
    ../clib/angel/sysapp.c                   0x00000000   Number         0  sys_command_hlt.o ABSOLUTE
    ../clib/angel/sysapp.c                   0x00000000   Number         0  sys_exit.o ABSOLUTE
    ../clib/angel/sysapp.c                   0x00000000   Number         0  sys_exit_hlt.o ABSOLUTE
    ../clib/angel/sysapp.c                   0x00000000   Number         0  sys_wrch.o ABSOLUTE
    ../clib/angel/sysapp.c                   0x00000000   Number         0  sys_wrch_hlt.o ABSOLUTE
    ../clib/armsys.c                         0x00000000   Number         0  argv_veneer.o ABSOLUTE
    ../clib/armsys.c                         0x00000000   Number         0  argv_veneer.o ABSOLUTE
    ../clib/armsys.c                         0x00000000   Number         0  _get_argv_nomalloc.o ABSOLUTE
    ../clib/armsys.c                         0x00000000   Number         0  no_argv.o ABSOLUTE
    ../clib/heapalloc.c                      0x00000000   Number         0  hrguard.o ABSOLUTE
    ../clib/heapaux.c                        0x00000000   Number         0  heapauxi.o ABSOLUTE
    ../clib/libinit.s                        0x00000000   Number         0  libinit2.o ABSOLUTE
    ../clib/libinit.s                        0x00000000   Number         0  libinit.o ABSOLUTE
    ../clib/libinit.s                        0x00000000   Number         0  libshutdown.o ABSOLUTE
    ../clib/libinit.s                        0x00000000   Number         0  libshutdown2.o ABSOLUTE
    ../clib/memcpset.s                       0x00000000   Number         0  rt_memcpy_v6.o ABSOLUTE
    ../clib/memcpset.s                       0x00000000   Number         0  rt_memclr_w.o ABSOLUTE
    ../clib/memcpset.s                       0x00000000   Number         0  rt_memcpy_w.o ABSOLUTE
    ../clib/printf.c                         0x00000000   Number         0  __2sprintf.o ABSOLUTE
    ../clib/printf.c                         0x00000000   Number         0  noretval__2sprintf.o ABSOLUTE
    ../clib/printf.c                         0x00000000   Number         0  __printf.o ABSOLUTE
    ../clib/printf.c                         0x00000000   Number         0  _printf_dec.o ABSOLUTE
    ../clib/printf.c                         0x00000000   Number         0  __printf_flags.o ABSOLUTE
    ../clib/printf.c                         0x00000000   Number         0  __printf_ss.o ABSOLUTE
    ../clib/printf.c                         0x00000000   Number         0  __printf_flags_ss.o ABSOLUTE
    ../clib/printf.c                         0x00000000   Number         0  __printf_wp.o ABSOLUTE
    ../clib/printf.c                         0x00000000   Number         0  __printf_flags_wp.o ABSOLUTE
    ../clib/printf.c                         0x00000000   Number         0  __printf_ss_wp.o ABSOLUTE
    ../clib/printf.c                         0x00000000   Number         0  __printf_flags_ss_wp.o ABSOLUTE
    ../clib/printf.c                         0x00000000   Number         0  _printf_intcommon.o ABSOLUTE
    ../clib/printf.c                         0x00000000   Number         0  _printf_char_common.o ABSOLUTE
    ../clib/printf.c                         0x00000000   Number         0  _sputc.o ABSOLUTE
    ../clib/printf.c                         0x00000000   Number         0  __printf_nopercent.o ABSOLUTE
    ../clib/printf_percent.s                 0x00000000   Number         0  _printf_d.o ABSOLUTE
    ../clib/printf_percent.s                 0x00000000   Number         0  _printf_percent.o ABSOLUTE
    ../clib/printf_percent.s                 0x00000000   Number         0  _printf_percent_end.o ABSOLUTE
    ../clib/signal.c                         0x00000000   Number         0  defsig_rtmem_outer.o ABSOLUTE
    ../clib/signal.c                         0x00000000   Number         0  defsig_rtmem_formal.o ABSOLUTE
    ../clib/signal.c                         0x00000000   Number         0  defsig_exit.o ABSOLUTE
    ../clib/signal.c                         0x00000000   Number         0  defsig_rtmem_inner.o ABSOLUTE
    ../clib/signal.c                         0x00000000   Number         0  __raise.o ABSOLUTE
    ../clib/signal.c                         0x00000000   Number         0  defsig_general.o ABSOLUTE
    ../clib/signal.c                         0x00000000   Number         0  defsig_abrt_inner.o ABSOLUTE
    ../clib/signal.c                         0x00000000   Number         0  defsig_fpe_inner.o ABSOLUTE
    ../clib/signal.c                         0x00000000   Number         0  defsig_rtred_inner.o ABSOLUTE
    ../clib/signal.c                         0x00000000   Number         0  defsig_stak_inner.o ABSOLUTE
    ../clib/signal.c                         0x00000000   Number         0  defsig_pvfn_inner.o ABSOLUTE
    ../clib/signal.c                         0x00000000   Number         0  defsig_cppl_inner.o ABSOLUTE
    ../clib/signal.c                         0x00000000   Number         0  defsig_segv_inner.o ABSOLUTE
    ../clib/signal.c                         0x00000000   Number         0  defsig_other.o ABSOLUTE
    ../clib/signal.s                         0x00000000   Number         0  defsig.o ABSOLUTE
    ../clib/stdlib.c                         0x00000000   Number         0  rand.o ABSOLUTE
    ../clib/stdlib.c                         0x00000000   Number         0  rand.o ABSOLUTE
    ../clib/stdlib.c                         0x00000000   Number         0  exit.o ABSOLUTE
    ../fplib/daddsub.s                       0x00000000   Number         0  daddsub_clz.o ABSOLUTE
    ../fplib/dcmp.s                          0x00000000   Number         0  dcmp.o ABSOLUTE
    ../fplib/dcmpi.s                         0x00000000   Number         0  dcmpi.o ABSOLUTE
    ../fplib/ddiv.s                          0x00000000   Number         0  ddiv.o ABSOLUTE
    ../fplib/deqf.s                          0x00000000   Number         0  deqf.o ABSOLUTE
    ../fplib/dfix.s                          0x00000000   Number         0  dfix.o ABSOLUTE
    ../fplib/dflt.s                          0x00000000   Number         0  dflt_clz.o ABSOLUTE
    ../fplib/dgeqf.s                         0x00000000   Number         0  dgeqf.o ABSOLUTE
    ../fplib/dleqf.s                         0x00000000   Number         0  dleqf.o ABSOLUTE
    ../fplib/dmul.s                          0x00000000   Number         0  dmul.o ABSOLUTE
    ../fplib/dnaninf.s                       0x00000000   Number         0  dnaninf.o ABSOLUTE
    ../fplib/dretinf.s                       0x00000000   Number         0  dretinf.o ABSOLUTE
    ../fplib/faddsub.s                       0x00000000   Number         0  faddsub_clz.o ABSOLUTE
    ../fplib/fcmp.s                          0x00000000   Number         0  fcmp.o ABSOLUTE
    ../fplib/fcmpi.s                         0x00000000   Number         0  fcmpi.o ABSOLUTE
    ../fplib/feqf.s                          0x00000000   Number         0  feqf.o ABSOLUTE
    ../fplib/fflt.s                          0x00000000   Number         0  fflt_clz.o ABSOLUTE
    ../fplib/fgeqf.s                         0x00000000   Number         0  fgeqf.o ABSOLUTE
    ../fplib/fleqf.s                         0x00000000   Number         0  fleqf.o ABSOLUTE
    ../fplib/fmul.s                          0x00000000   Number         0  fmul.o ABSOLUTE
    ../fplib/fnaninf.s                       0x00000000   Number         0  fnaninf.o ABSOLUTE
    ../fplib/fpinit.s                        0x00000000   Number         0  fpinit.o ABSOLUTE
    ../fplib/fpinit_empty.s                  0x00000000   Number         0  fpinit_empty.o ABSOLUTE
    ../fplib/fretinf.s                       0x00000000   Number         0  fretinf.o ABSOLUTE
    ../fplib/usenofp.s                       0x00000000   Number         0  usenofp.o ABSOLUTE
    AsciiLib.c                               0x00000000   Number         0  asciilib.o ABSOLUTE
    GLCD.c                                   0x00000000   Number         0  glcd.o ABSOLUTE
    HzLib.c                                  0x00000000   Number         0  hzlib.o ABSOLUTE
    IRQ_CAN.c                                0x00000000   Number         0  irq_can.o ABSOLUTE
    IRQ_RIT.c                                0x00000000   Number         0  irq_rit.o ABSOLUTE
    IRQ_adc.c                                0x00000000   Number         0  irq_adc.o ABSOLUTE
    IRQ_button.c                             0x00000000   Number         0  irq_button.o ABSOLUTE
    IRQ_timer.c                              0x00000000   Number         0  irq_timer.o ABSOLUTE
    Source\startup_LPC17xx.s                 0x00000000   Number         0  startup_lpc17xx.o ABSOLUTE
    TouchPanel.c                             0x00000000   Number         0  touchpanel.o ABSOLUTE
    dc.s                                     0x00000000   Number         0  dc.o ABSOLUTE
    funct_joystick.c                         0x00000000   Number         0  funct_joystick.o ABSOLUTE
    imports.c                                0x00000000   Number         0  imports.o ABSOLUTE
    lib_CAN.c                                0x00000000   Number         0  lib_can.o ABSOLUTE
    lib_RIT.c                                0x00000000   Number         0  lib_rit.o ABSOLUTE
    lib_adc.c                                0x00000000   Number         0  lib_adc.o ABSOLUTE
    lib_button.c                             0x00000000   Number         0  lib_button.o ABSOLUTE
    lib_joystick.c                           0x00000000   Number         0  lib_joystick.o ABSOLUTE
    lib_timer.c                              0x00000000   Number         0  lib_timer.o ABSOLUTE
    music.c                                  0x00000000   Number         0  music.o ABSOLUTE
    sample.c                                 0x00000000   Number         0  sample.o ABSOLUTE
    system_LPC17xx.c                         0x00000000   Number         0  system_lpc17xx.o ABSOLUTE
    RESET                                    0x00000000   Section      204  startup_lpc17xx.o(RESET)
    !!!main                                  0x000000cc   Section        8  __main.o(!!!main)
    !!!scatter                               0x000000d4   Section       92  __scatter.o(!!!scatter)
    !!dczerorl2                              0x00000130   Section       90  __dczerorl2.o(!!dczerorl2)
    !!handler_null                           0x0000018c   Section        2  __scatter.o(!!handler_null)
    !!handler_zi                             0x00000190   Section       28  __scatter_zi.o(!!handler_zi)
    .ARM.Collect$$_printf_percent$$00000000  0x000001ac   Section        0  _printf_percent.o(.ARM.Collect$$_printf_percent$$00000000)
    .ARM.Collect$$_printf_percent$$00000009  0x000001ac   Section        6  _printf_d.o(.ARM.Collect$$_printf_percent$$00000009)
    .ARM.Collect$$_printf_percent$$00000017  0x000001b2   Section        4  _printf_percent_end.o(.ARM.Collect$$_printf_percent$$00000017)
    .ARM.Collect$$libinit$$00000000          0x000001b6   Section        2  libinit.o(.ARM.Collect$$libinit$$00000000)
    .ARM.Collect$$libinit$$00000002          0x000001b8   Section        0  libinit2.o(.ARM.Collect$$libinit$$00000002)
    .ARM.Collect$$libinit$$00000004          0x000001b8   Section        0  libinit2.o(.ARM.Collect$$libinit$$00000004)
    .ARM.Collect$$libinit$$00000006          0x000001b8   Section        0  libinit2.o(.ARM.Collect$$libinit$$00000006)
    .ARM.Collect$$libinit$$0000000C          0x000001b8   Section        0  libinit2.o(.ARM.Collect$$libinit$$0000000C)
    .ARM.Collect$$libinit$$0000000E          0x000001b8   Section        0  libinit2.o(.ARM.Collect$$libinit$$0000000E)
    .ARM.Collect$$libinit$$0000000F          0x000001b8   Section        4  libinit2.o(.ARM.Collect$$libinit$$0000000F)
    .ARM.Collect$$libinit$$00000010          0x000001bc   Section        0  libinit2.o(.ARM.Collect$$libinit$$00000010)
    .ARM.Collect$$libinit$$00000013          0x000001bc   Section        0  libinit2.o(.ARM.Collect$$libinit$$00000013)
    .ARM.Collect$$libinit$$00000015          0x000001bc   Section        0  libinit2.o(.ARM.Collect$$libinit$$00000015)
    .ARM.Collect$$libinit$$00000017          0x000001bc   Section        0  libinit2.o(.ARM.Collect$$libinit$$00000017)
    .ARM.Collect$$libinit$$00000019          0x000001bc   Section        0  libinit2.o(.ARM.Collect$$libinit$$00000019)
    .ARM.Collect$$libinit$$0000001B          0x000001bc   Section        0  libinit2.o(.ARM.Collect$$libinit$$0000001B)
    .ARM.Collect$$libinit$$0000001D          0x000001bc   Section        0  libinit2.o(.ARM.Collect$$libinit$$0000001D)
    .ARM.Collect$$libinit$$0000001F          0x000001bc   Section        0  libinit2.o(.ARM.Collect$$libinit$$0000001F)
    .ARM.Collect$$libinit$$00000021          0x000001bc   Section        0  libinit2.o(.ARM.Collect$$libinit$$00000021)
    .ARM.Collect$$libinit$$00000023          0x000001bc   Section        0  libinit2.o(.ARM.Collect$$libinit$$00000023)
    .ARM.Collect$$libinit$$00000025          0x000001bc   Section        0  libinit2.o(.ARM.Collect$$libinit$$00000025)
    .ARM.Collect$$libinit$$00000027          0x000001bc   Section        0  libinit2.o(.ARM.Collect$$libinit$$00000027)
    .ARM.Collect$$libinit$$0000002E          0x000001bc   Section        0  libinit2.o(.ARM.Collect$$libinit$$0000002E)
    .ARM.Collect$$libinit$$00000030          0x000001bc   Section        0  libinit2.o(.ARM.Collect$$libinit$$00000030)
    .ARM.Collect$$libinit$$00000032          0x000001bc   Section        0  libinit2.o(.ARM.Collect$$libinit$$00000032)
    .ARM.Collect$$libinit$$00000034          0x000001bc   Section        0  libinit2.o(.ARM.Collect$$libinit$$00000034)
    .ARM.Collect$$libinit$$00000035          0x000001bc   Section        2  libinit2.o(.ARM.Collect$$libinit$$00000035)
    .ARM.Collect$$libshutdown$$00000000      0x000001be   Section        2  libshutdown.o(.ARM.Collect$$libshutdown$$00000000)
    .ARM.Collect$$libshutdown$$00000002      0x000001c0   Section        0  libshutdown2.o(.ARM.Collect$$libshutdown$$00000002)
    .ARM.Collect$$libshutdown$$00000004      0x000001c0   Section        0  libshutdown2.o(.ARM.Collect$$libshutdown$$00000004)
    .ARM.Collect$$libshutdown$$00000007      0x000001c0   Section        0  libshutdown2.o(.ARM.Collect$$libshutdown$$00000007)
    .ARM.Collect$$libshutdown$$0000000A      0x000001c0   Section        0  libshutdown2.o(.ARM.Collect$$libshutdown$$0000000A)
    .ARM.Collect$$libshutdown$$0000000C      0x000001c0   Section        0  libshutdown2.o(.ARM.Collect$$libshutdown$$0000000C)
    .ARM.Collect$$libshutdown$$0000000F      0x000001c0   Section        0  libshutdown2.o(.ARM.Collect$$libshutdown$$0000000F)
    .ARM.Collect$$libshutdown$$00000010      0x000001c0   Section        2  libshutdown2.o(.ARM.Collect$$libshutdown$$00000010)
    .ARM.Collect$$rtentry$$00000000          0x000001c2   Section        0  __rtentry.o(.ARM.Collect$$rtentry$$00000000)
    .ARM.Collect$$rtentry$$00000002          0x000001c2   Section        0  __rtentry2.o(.ARM.Collect$$rtentry$$00000002)
    .ARM.Collect$$rtentry$$00000004          0x000001c2   Section        6  __rtentry4.o(.ARM.Collect$$rtentry$$00000004)
    .ARM.Collect$$rtentry$$00000009          0x000001c8   Section        0  __rtentry2.o(.ARM.Collect$$rtentry$$00000009)
    .ARM.Collect$$rtentry$$0000000A          0x000001c8   Section        4  __rtentry2.o(.ARM.Collect$$rtentry$$0000000A)
    .ARM.Collect$$rtentry$$0000000C          0x000001cc   Section        0  __rtentry2.o(.ARM.Collect$$rtentry$$0000000C)
    .ARM.Collect$$rtentry$$0000000D          0x000001cc   Section        8  __rtentry2.o(.ARM.Collect$$rtentry$$0000000D)
    .ARM.Collect$$rtexit$$00000000           0x000001d4   Section        2  rtexit.o(.ARM.Collect$$rtexit$$00000000)
    .ARM.Collect$$rtexit$$00000002           0x000001d6   Section        0  rtexit2.o(.ARM.Collect$$rtexit$$00000002)
    .ARM.Collect$$rtexit$$00000003           0x000001d6   Section        4  rtexit2.o(.ARM.Collect$$rtexit$$00000003)
    .ARM.Collect$$rtexit$$00000004           0x000001da   Section        6  rtexit2.o(.ARM.Collect$$rtexit$$00000004)
    .emb_text                                0x000001e0   Section       52  rand.o(.emb_text)
    .text                                    0x00000214   Section       52  startup_lpc17xx.o(.text)
    [Anonymous Symbol]                       0x00000248   Section        0  sample.o(.text)
    [Anonymous Symbol]                       0x000002c0   Section        0  asciilib.o(.text)
    .text                                    0x000002ea   Section        0  heapauxi.o(.text)
    .text                                    0x000002f0   Section        0  _sputc.o(.text)
    .text                                    0x000002fa   Section        2  use_no_semi.o(.text)
    .ARM.__at_0x02FC                         0x000002fc   Section        4  startup_lpc17xx.o(.ARM.__at_0x02FC)
    [Anonymous Symbol]                       0x00000300   Section        0  system_lpc17xx.o(.text)
    [Anonymous Symbol]                       0x00000430   Section        0  irq_timer.o(.text)
    [Anonymous Symbol]                       0x0000067c   Section        0  lib_timer.o(.text)
    [Anonymous Symbol]                       0x00000784   Section        0  glcd.o(.text)
    LCD_Configuration                        0x00003691   Thumb Code    32  glcd.o(.text)
    delay_ms                                 0x000036b1   Thumb Code    82  glcd.o(.text)
    LCD_SetCursor                            0x00003ef1   Thumb Code  1932  glcd.o(.text)
    LCD_BGR2RGB                              0x00004ba9   Thumb Code    72  glcd.o(.text)
    wait_delay                               0x000050c1   Thumb Code    22  glcd.o(.text)
    [Anonymous Symbol]                       0x000050d8   Section        0  touchpanel.o(.text)
    ADS7843_SPI_Init                         0x0000513d   Thumb Code   148  touchpanel.o(.text)
    DelayUS                                  0x00005211   Thumb Code    58  touchpanel.o(.text)
    WR_CMD                                   0x0000524d   Thumb Code    98  touchpanel.o(.text)
    RD_AD                                    0x000052b1   Thumb Code    86  touchpanel.o(.text)
    [Anonymous Symbol]                       0x00005e04   Section        0  imports.o(.text)
    [Anonymous Symbol]                       0x000079a8   Section        0  irq_button.o(.text)
    [Anonymous Symbol]                       0x00007a2c   Section        0  lib_button.o(.text)
    [Anonymous Symbol]                       0x00007aa8   Section        0  irq_rit.o(.text)
    [Anonymous Symbol]                       0x00007b5c   Section        0  lib_rit.o(.text)
    [Anonymous Symbol]                       0x00007bd0   Section        0  irq_can.o(.text)
    [Anonymous Symbol]                       0x00007c40   Section        0  lib_can.o(.text)
    [Anonymous Symbol]                       0x00008164   Section        0  music.o(.text)
    [Anonymous Symbol]                       0x000081ac   Section        0  irq_adc.o(.text)
    [Anonymous Symbol]                       0x00008224   Section        0  lib_adc.o(.text)
    .text                                    0x0000828c   Section        0  noretval__2sprintf.o(.text)
    .text                                    0x000082b4   Section        0  __printf.o(.text)
    .text                                    0x0000831c   Section        0  _printf_dec.o(.text)
    .text                                    0x00008394   Section        0  rand.o(.text)
    .text                                    0x000083d0   Section       78  rt_memclr_w.o(.text)
    .text                                    0x0000841e   Section        0  _printf_intcommon.o(.text)
    _printf_input_char                       0x000084d1   Thumb Code    10  _printf_char_common.o(.text)
    .text                                    0x000084d0   Section        0  _printf_char_common.o(.text)
    .text                                    0x00008500   Section       74  sys_stackheap_outer.o(.text)
    .text                                    0x0000854a   Section        0  exit.o(.text)
    .text                                    0x0000855c   Section        8  libspace.o(.text)
    .text                                    0x00008564   Section        0  indicate_semi.o(.text)
    .text                                    0x00008564   Section        0  sys_exit.o(.text)
    x$fpl$dadd                               0x00008570   Section      336  daddsub_clz.o(x$fpl$dadd)
    _dadd1                                   0x00008581   Thumb Code     0  daddsub_clz.o(x$fpl$dadd)
    x$fpl$dcmpinf                            0x000086c0   Section       24  dcmpi.o(x$fpl$dcmpinf)
    x$fpl$ddiv                               0x000086d8   Section      696  ddiv.o(x$fpl$ddiv)
    ddiv_entry                               0x000086df   Thumb Code     0  ddiv.o(x$fpl$ddiv)
    x$fpl$deqf                               0x00008990   Section      120  deqf.o(x$fpl$deqf)
    x$fpl$dfix                               0x00008a08   Section       94  dfix.o(x$fpl$dfix)
    x$fpl$dflt                               0x00008a66   Section       46  dflt_clz.o(x$fpl$dflt)
    x$fpl$dgeqf                              0x00008a94   Section      120  dgeqf.o(x$fpl$dgeqf)
    x$fpl$dleqf                              0x00008b0c   Section      120  dleqf.o(x$fpl$dleqf)
    x$fpl$dmul                               0x00008b84   Section      340  dmul.o(x$fpl$dmul)
    x$fpl$dnaninf                            0x00008cd8   Section      156  dnaninf.o(x$fpl$dnaninf)
    x$fpl$dretinf                            0x00008d74   Section       12  dretinf.o(x$fpl$dretinf)
    x$fpl$dsub                               0x00008d80   Section      476  daddsub_clz.o(x$fpl$dsub)
    _dsub1                                   0x00008d91   Thumb Code     0  daddsub_clz.o(x$fpl$dsub)
    x$fpl$fadd                               0x00008f5c   Section      196  faddsub_clz.o(x$fpl$fadd)
    _fadd1                                   0x00008f6b   Thumb Code     0  faddsub_clz.o(x$fpl$fadd)
    x$fpl$fcmp                               0x00009020   Section       84  dcmp.o(x$fpl$fcmp)
    x$fpl$fcmp                               0x00009074   Section       84  fcmp.o(x$fpl$fcmp)
    x$fpl$fcmpinf                            0x000090c8   Section       24  fcmpi.o(x$fpl$fcmpinf)
    x$fpl$feqf                               0x000090e0   Section      104  feqf.o(x$fpl$feqf)
    x$fpl$fflt                               0x00009148   Section       48  fflt_clz.o(x$fpl$fflt)
    x$fpl$fgeqf                              0x00009178   Section      104  fgeqf.o(x$fpl$fgeqf)
    x$fpl$fleqf                              0x000091e0   Section      104  fleqf.o(x$fpl$fleqf)
    x$fpl$fmul                               0x00009248   Section      258  fmul.o(x$fpl$fmul)
    x$fpl$fnaninf                            0x0000934a   Section      140  fnaninf.o(x$fpl$fnaninf)
    x$fpl$fretinf                            0x000093d6   Section       10  fretinf.o(x$fpl$fretinf)
    x$fpl$fsub                               0x000093e0   Section      234  faddsub_clz.o(x$fpl$fsub)
    _fsub1                                   0x000093ef   Thumb Code     0  faddsub_clz.o(x$fpl$fsub)
    x$fpl$usenofp                            0x000094ca   Section        0  usenofp.o(x$fpl$usenofp)
    .Lswitch.table.MoveBlinky.8              0x000094cc   Data          16  imports.o(.rodata..Lswitch.table.MoveBlinky.8)
    AsciiLib                                 0x000094dc   Data        1520  asciilib.o(.rodata.AsciiLib)
    [Anonymous Symbol]                       0x000094dc   Section        0  asciilib.o(.rodata.AsciiLib)
    .L.str                                   0x00009aec   Data          29  touchpanel.o(.rodata.str1.1)
    [Anonymous Symbol]                       0x00009aec   Section        0  touchpanel.o(.rodata.str1.1)
    .L.str.6                                 0x00009b09   Data           9  imports.o(.rodata.str1.1)
    [Anonymous Symbol]                       0x00009b09   Section        0  imports.o(.rodata.str1.1)
    .L.str.5                                 0x00009b12   Data          10  imports.o(.rodata.str1.1)
    .L.str.1                                 0x00009b1c   Data           3  imports.o(.rodata.str1.1)
    Stack_Mem                                0x10000000   Data        4095  startup_lpc17xx.o(STACK)
    STACK                                    0x10000000   Section     4095  startup_lpc17xx.o(STACK)
    __initial_sp                             0x10000fff   Data           0  startup_lpc17xx.o(STACK)
    Move_Pacman.checkpoint                   0x2007c010   Data           4  imports.o(.data.Move_Pacman.checkpoint)
    [Anonymous Symbol]                       0x2007c010   Section        0  imports.o(.data.Move_Pacman.checkpoint)
    chaseMode.lastMove                       0x2007c37c   Data           1  imports.o(.data.chaseMode.lastMove)
    [Anonymous Symbol]                       0x2007c37c   Section        0  imports.o(.data.chaseMode.lastMove)
    frightenedMode.lastMove                  0x2007c478   Data           1  imports.o(.data.frightenedMode.lastMove)
    [Anonymous Symbol]                       0x2007c478   Section        0  imports.o(.data.frightenedMode.lastMove)
    .bss                                     0x2007c610   Section      228  rand.o(.bss)
    .bss                                     0x2007c6f4   Section       96  libspace.o(.bss)
    CAN_wrFilter.CAN_ext_cnt                 0x2007c778   Data           4  lib_can.o(.bss.CAN_wrFilter.CAN_ext_cnt)
    [Anonymous Symbol]                       0x2007c778   Section        0  lib_can.o(.bss.CAN_wrFilter.CAN_ext_cnt)
    CAN_wrFilter.CAN_std_cnt                 0x2007c77c   Data           4  lib_can.o(.bss.CAN_wrFilter.CAN_std_cnt)
    [Anonymous Symbol]                       0x2007c77c   Section        0  lib_can.o(.bss.CAN_wrFilter.CAN_std_cnt)
    LCD_Code                                 0x2007c780   Data           1  glcd.o(.bss.LCD_Code)
    [Anonymous Symbol]                       0x2007c780   Section        0  glcd.o(.bss.LCD_Code)
    Read_Ads7846.screen                      0x2007c782   Data           4  touchpanel.o(.bss.Read_Ads7846.screen)
    [Anonymous Symbol]                       0x2007c782   Section        0  touchpanel.o(.bss.Read_Ads7846.screen)
    TIMER0_IRQHandler.i                      0x2007c794   Data           4  irq_timer.o(.bss.TIMER0_IRQHandler.i)
    [Anonymous Symbol]                       0x2007c794   Section        0  irq_timer.o(.bss.TIMER0_IRQHandler.i)
    TIMER3_IRQHandler.counter                0x2007c798   Data           4  irq_timer.o(.bss.TIMER3_IRQHandler.counter)
    [Anonymous Symbol]                       0x2007c798   Section        0  irq_timer.o(.bss.TIMER3_IRQHandler.counter)
    TIMER3_IRQHandler.down                   0x2007c79c   Data           4  irq_timer.o(.bss.TIMER3_IRQHandler.down)
    [Anonymous Symbol]                       0x2007c79c   Section        0  irq_timer.o(.bss.TIMER3_IRQHandler.down)
    TIMER3_IRQHandler.left                   0x2007c7a0   Data           4  irq_timer.o(.bss.TIMER3_IRQHandler.left)
    [Anonymous Symbol]                       0x2007c7a0   Section        0  irq_timer.o(.bss.TIMER3_IRQHandler.left)
    TIMER3_IRQHandler.right                  0x2007c7a4   Data           4  irq_timer.o(.bss.TIMER3_IRQHandler.right)
    [Anonymous Symbol]                       0x2007c7a4   Section        0  irq_timer.o(.bss.TIMER3_IRQHandler.right)
    TIMER3_IRQHandler.up                     0x2007c7a8   Data           4  irq_timer.o(.bss.TIMER3_IRQHandler.up)
    [Anonymous Symbol]                       0x2007c7a8   Section        0  irq_timer.o(.bss.TIMER3_IRQHandler.up)
    Heap_Mem                                 0x2007c880   Data           0  startup_lpc17xx.o(HEAP)
    HEAP                                     0x2007c880   Section        0  startup_lpc17xx.o(HEAP)

    Global Symbols

    Symbol Name                              Value     Ov Type        Size  Object(Section)

    BuildAttributes$$THM_ISAv4$P$D$K$B$S$PE$A:L22UL41UL21$X:L11$S22US41US21$IEEE1$IW$~IW$USESV6$~STKCKD$USESV7$~SHL$OTIME$ROPI$EBA8$UX$STANDARDLIB$REQ8$PRES8$EABIv2 0x00000000   Number         0  anon$$obj.o ABSOLUTE
    __Vectors                                0x00000000   Data           4  startup_lpc17xx.o(RESET)
    __fp_init_empty                          0x00000000   Number         0  fpinit_empty.o ABSOLUTE
    __ARM_exceptions_init                     - Undefined Weak Reference
    __alloca_initialize                       - Undefined Weak Reference
    __arm_preinit_                            - Undefined Weak Reference
    __arm_relocate_pie_                       - Undefined Weak Reference
    __cpp_initialize__aeabi_                  - Undefined Weak Reference
    __cxa_finalize                            - Undefined Weak Reference
    __rt_locale                               - Undefined Weak Reference
    __sigvec_lookup                           - Undefined Weak Reference
    _atexit_init                              - Undefined Weak Reference
    _call_atexit_fns                          - Undefined Weak Reference
    _clock_init                               - Undefined Weak Reference
    _fp_trap_init                             - Undefined Weak Reference
    _fp_trap_shutdown                         - Undefined Weak Reference
    _get_lc_collate                           - Undefined Weak Reference
    _get_lc_ctype                             - Undefined Weak Reference
    _get_lc_monetary                          - Undefined Weak Reference
    _get_lc_numeric                           - Undefined Weak Reference
    _get_lc_time                              - Undefined Weak Reference
    _getenv_init                              - Undefined Weak Reference
    _handle_redirection                       - Undefined Weak Reference
    _init_alloc                               - Undefined Weak Reference
    _init_user_alloc                          - Undefined Weak Reference
    _initio                                   - Undefined Weak Reference
    _printf_post_padding                      - Undefined Weak Reference
    _printf_pre_padding                       - Undefined Weak Reference
    _printf_truncate_signed                   - Undefined Weak Reference
    _printf_truncate_unsigned                 - Undefined Weak Reference
    _signal_finish                            - Undefined Weak Reference
    _signal_init                              - Undefined Weak Reference
    _terminate_alloc                          - Undefined Weak Reference
    _terminate_user_alloc                     - Undefined Weak Reference
    _terminateio                              - Undefined Weak Reference
    __main                                   0x000000cd   Thumb Code     8  __main.o(!!!main)
    __scatterload                            0x000000d5   Thumb Code     0  __scatter.o(!!!scatter)
    __scatterload_rt2                        0x000000d5   Thumb Code    84  __scatter.o(!!!scatter)
    __scatterload_rt2_thumb_only             0x000000d5   Thumb Code     0  __scatter.o(!!!scatter)
    __scatterload_loop                       0x000000df   Thumb Code     0  __scatter.o(!!!scatter)
    __decompress                             0x00000131   Thumb Code    90  __dczerorl2.o(!!dczerorl2)
    __decompress1                            0x00000131   Thumb Code     0  __dczerorl2.o(!!dczerorl2)
    __scatterload_null                       0x0000018d   Thumb Code     2  __scatter.o(!!handler_null)
    __scatterload_zeroinit                   0x00000191   Thumb Code    28  __scatter_zi.o(!!handler_zi)
    _printf_d                                0x000001ad   Thumb Code     0  _printf_d.o(.ARM.Collect$$_printf_percent$$00000009)
    _printf_percent                          0x000001ad   Thumb Code     0  _printf_percent.o(.ARM.Collect$$_printf_percent$$00000000)
    _printf_percent_end                      0x000001b3   Thumb Code     0  _printf_percent_end.o(.ARM.Collect$$_printf_percent$$00000017)
    __rt_lib_init                            0x000001b7   Thumb Code     0  libinit.o(.ARM.Collect$$libinit$$00000000)
    __rt_lib_init_fp_1                       0x000001b9   Thumb Code     0  libinit2.o(.ARM.Collect$$libinit$$00000002)
    __rt_lib_init_heap_1                     0x000001b9   Thumb Code     0  libinit2.o(.ARM.Collect$$libinit$$0000000C)
    __rt_lib_init_preinit_1                  0x000001b9   Thumb Code     0  libinit2.o(.ARM.Collect$$libinit$$00000006)
    __rt_lib_init_rand_2                     0x000001b9   Thumb Code     0  libinit2.o(.ARM.Collect$$libinit$$0000000F)
    __rt_lib_init_relocate_pie_1             0x000001b9   Thumb Code     0  libinit2.o(.ARM.Collect$$libinit$$00000004)
    __rt_lib_init_user_alloc_1               0x000001b9   Thumb Code     0  libinit2.o(.ARM.Collect$$libinit$$0000000E)
    __rt_lib_init_alloca_1                   0x000001bd   Thumb Code     0  libinit2.o(.ARM.Collect$$libinit$$00000030)
    __rt_lib_init_argv_1                     0x000001bd   Thumb Code     0  libinit2.o(.ARM.Collect$$libinit$$0000002E)
    __rt_lib_init_atexit_1                   0x000001bd   Thumb Code     0  libinit2.o(.ARM.Collect$$libinit$$0000001D)
    __rt_lib_init_clock_1                    0x000001bd   Thumb Code     0  libinit2.o(.ARM.Collect$$libinit$$00000023)
    __rt_lib_init_cpp_1                      0x000001bd   Thumb Code     0  libinit2.o(.ARM.Collect$$libinit$$00000034)
    __rt_lib_init_exceptions_1               0x000001bd   Thumb Code     0  libinit2.o(.ARM.Collect$$libinit$$00000032)
    __rt_lib_init_fp_trap_1                  0x000001bd   Thumb Code     0  libinit2.o(.ARM.Collect$$libinit$$00000021)
    __rt_lib_init_getenv_1                   0x000001bd   Thumb Code     0  libinit2.o(.ARM.Collect$$libinit$$00000025)
    __rt_lib_init_lc_collate_1               0x000001bd   Thumb Code     0  libinit2.o(.ARM.Collect$$libinit$$00000013)
    __rt_lib_init_lc_ctype_1                 0x000001bd   Thumb Code     0  libinit2.o(.ARM.Collect$$libinit$$00000015)
    __rt_lib_init_lc_monetary_1              0x000001bd   Thumb Code     0  libinit2.o(.ARM.Collect$$libinit$$00000017)
    __rt_lib_init_lc_numeric_1               0x000001bd   Thumb Code     0  libinit2.o(.ARM.Collect$$libinit$$00000019)
    __rt_lib_init_lc_time_1                  0x000001bd   Thumb Code     0  libinit2.o(.ARM.Collect$$libinit$$0000001B)
    __rt_lib_init_rand_1                     0x000001bd   Thumb Code     0  libinit2.o(.ARM.Collect$$libinit$$00000010)
    __rt_lib_init_return                     0x000001bd   Thumb Code     0  libinit2.o(.ARM.Collect$$libinit$$00000035)
    __rt_lib_init_signal_1                   0x000001bd   Thumb Code     0  libinit2.o(.ARM.Collect$$libinit$$0000001F)
    __rt_lib_init_stdio_1                    0x000001bd   Thumb Code     0  libinit2.o(.ARM.Collect$$libinit$$00000027)
    __rt_lib_shutdown                        0x000001bf   Thumb Code     0  libshutdown.o(.ARM.Collect$$libshutdown$$00000000)
    __rt_lib_shutdown_cpp_1                  0x000001c1   Thumb Code     0  libshutdown2.o(.ARM.Collect$$libshutdown$$00000002)
    __rt_lib_shutdown_fp_trap_1              0x000001c1   Thumb Code     0  libshutdown2.o(.ARM.Collect$$libshutdown$$00000007)
    __rt_lib_shutdown_heap_1                 0x000001c1   Thumb Code     0  libshutdown2.o(.ARM.Collect$$libshutdown$$0000000F)
    __rt_lib_shutdown_return                 0x000001c1   Thumb Code     0  libshutdown2.o(.ARM.Collect$$libshutdown$$00000010)
    __rt_lib_shutdown_signal_1               0x000001c1   Thumb Code     0  libshutdown2.o(.ARM.Collect$$libshutdown$$0000000A)
    __rt_lib_shutdown_stdio_1                0x000001c1   Thumb Code     0  libshutdown2.o(.ARM.Collect$$libshutdown$$00000004)
    __rt_lib_shutdown_user_alloc_1           0x000001c1   Thumb Code     0  libshutdown2.o(.ARM.Collect$$libshutdown$$0000000C)
    __rt_entry                               0x000001c3   Thumb Code     0  __rtentry.o(.ARM.Collect$$rtentry$$00000000)
    __rt_entry_presh_1                       0x000001c3   Thumb Code     0  __rtentry2.o(.ARM.Collect$$rtentry$$00000002)
    __rt_entry_sh                            0x000001c3   Thumb Code     0  __rtentry4.o(.ARM.Collect$$rtentry$$00000004)
    __rt_entry_li                            0x000001c9   Thumb Code     0  __rtentry2.o(.ARM.Collect$$rtentry$$0000000A)
    __rt_entry_postsh_1                      0x000001c9   Thumb Code     0  __rtentry2.o(.ARM.Collect$$rtentry$$00000009)
    __rt_entry_main                          0x000001cd   Thumb Code     0  __rtentry2.o(.ARM.Collect$$rtentry$$0000000D)
    __rt_entry_postli_1                      0x000001cd   Thumb Code     0  __rtentry2.o(.ARM.Collect$$rtentry$$0000000C)
    __rt_exit                                0x000001d5   Thumb Code     0  rtexit.o(.ARM.Collect$$rtexit$$00000000)
    __rt_exit_ls                             0x000001d7   Thumb Code     0  rtexit2.o(.ARM.Collect$$rtexit$$00000003)
    __rt_exit_prels_1                        0x000001d7   Thumb Code     0  rtexit2.o(.ARM.Collect$$rtexit$$00000002)
    __rt_exit_exit                           0x000001db   Thumb Code     0  rtexit2.o(.ARM.Collect$$rtexit$$00000004)
    rand                                     0x000001e1   Thumb Code    48  rand.o(.emb_text)
    Reset_Handler                            0x00000215   Thumb Code     4  startup_lpc17xx.o(.text)
    NMI_Handler                              0x00000219   Thumb Code     2  startup_lpc17xx.o(.text)
    HardFault_Handler                        0x0000021b   Thumb Code     2  startup_lpc17xx.o(.text)
    MemManage_Handler                        0x0000021d   Thumb Code     2  startup_lpc17xx.o(.text)
    BusFault_Handler                         0x0000021f   Thumb Code     2  startup_lpc17xx.o(.text)
    UsageFault_Handler                       0x00000221   Thumb Code     2  startup_lpc17xx.o(.text)
    SVC_Handler                              0x00000223   Thumb Code     2  startup_lpc17xx.o(.text)
    DebugMon_Handler                         0x00000225   Thumb Code     2  startup_lpc17xx.o(.text)
    PendSV_Handler                           0x00000227   Thumb Code     2  startup_lpc17xx.o(.text)
    SysTick_Handler                          0x00000229   Thumb Code     2  startup_lpc17xx.o(.text)
    BOD_IRQHandler                           0x0000022b   Thumb Code     0  startup_lpc17xx.o(.text)
    CANActivity_IRQHandler                   0x0000022b   Thumb Code     0  startup_lpc17xx.o(.text)
    DMA_IRQHandler                           0x0000022b   Thumb Code     0  startup_lpc17xx.o(.text)
    EINT3_IRQHandler                         0x0000022b   Thumb Code     0  startup_lpc17xx.o(.text)
    ENET_IRQHandler                          0x0000022b   Thumb Code     0  startup_lpc17xx.o(.text)
    I2C0_IRQHandler                          0x0000022b   Thumb Code     0  startup_lpc17xx.o(.text)
    I2C1_IRQHandler                          0x0000022b   Thumb Code     0  startup_lpc17xx.o(.text)
    I2C2_IRQHandler                          0x0000022b   Thumb Code     0  startup_lpc17xx.o(.text)
    I2S_IRQHandler                           0x0000022b   Thumb Code     0  startup_lpc17xx.o(.text)
    MCPWM_IRQHandler                         0x0000022b   Thumb Code     0  startup_lpc17xx.o(.text)
    PLL0_IRQHandler                          0x0000022b   Thumb Code     0  startup_lpc17xx.o(.text)
    PLL1_IRQHandler                          0x0000022b   Thumb Code     0  startup_lpc17xx.o(.text)
    PWM1_IRQHandler                          0x0000022b   Thumb Code     0  startup_lpc17xx.o(.text)
    QEI_IRQHandler                           0x0000022b   Thumb Code     0  startup_lpc17xx.o(.text)
    RTC_IRQHandler                           0x0000022b   Thumb Code     0  startup_lpc17xx.o(.text)
    SPI_IRQHandler                           0x0000022b   Thumb Code     0  startup_lpc17xx.o(.text)
    SSP0_IRQHandler                          0x0000022b   Thumb Code     0  startup_lpc17xx.o(.text)
    SSP1_IRQHandler                          0x0000022b   Thumb Code     0  startup_lpc17xx.o(.text)
    UART0_IRQHandler                         0x0000022b   Thumb Code     0  startup_lpc17xx.o(.text)
    UART1_IRQHandler                         0x0000022b   Thumb Code     0  startup_lpc17xx.o(.text)
    UART2_IRQHandler                         0x0000022b   Thumb Code     0  startup_lpc17xx.o(.text)
    UART3_IRQHandler                         0x0000022b   Thumb Code     0  startup_lpc17xx.o(.text)
    USBActivity_IRQHandler                   0x0000022b   Thumb Code     0  startup_lpc17xx.o(.text)
    USB_IRQHandler                           0x0000022b   Thumb Code     0  startup_lpc17xx.o(.text)
    WDT_IRQHandler                           0x0000022b   Thumb Code     0  startup_lpc17xx.o(.text)
    __user_initial_stackheap                 0x0000022d   Thumb Code     0  startup_lpc17xx.o(.text)
    main                                     0x00000249   Thumb Code   120  sample.o(.text)
    GetASCIICode                             0x000002c1   Thumb Code    42  asciilib.o(.text)
    __use_two_region_memory                  0x000002eb   Thumb Code     2  heapauxi.o(.text)
    __rt_heap_escrow$2region                 0x000002ed   Thumb Code     2  heapauxi.o(.text)
    __rt_heap_expand$2region                 0x000002ef   Thumb Code     2  heapauxi.o(.text)
    _sputc                                   0x000002f1   Thumb Code    10  _sputc.o(.text)
    __I$use$semihosting                      0x000002fb   Thumb Code     0  use_no_semi.o(.text)
    __use_no_semihosting_swi                 0x000002fb   Thumb Code     2  use_no_semi.o(.text)
    SystemInit                               0x00000301   Thumb Code   288  system_lpc17xx.o(.text)
    TIMER0_IRQHandler                        0x00000431   Thumb Code    70  irq_timer.o(.text)
    TIMER1_IRQHandler                        0x00000479   Thumb Code   172  irq_timer.o(.text)
    TIMER2_IRQHandler                        0x00000529   Thumb Code    20  irq_timer.o(.text)
    TIMER3_IRQHandler                        0x0000053d   Thumb Code   318  irq_timer.o(.text)
    enable_timer                             0x0000067d   Thumb Code    38  lib_timer.o(.text)
    disable_timer                            0x000006a5   Thumb Code    38  lib_timer.o(.text)
    reset_timer                              0x000006cd   Thumb Code    42  lib_timer.o(.text)
    init_timer                               0x000006f9   Thumb Code   138  lib_timer.o(.text)
    LCD_Initialization                       0x00000785   Thumb Code 12042  glcd.o(.text)
    LCD_Clear                                0x00003705   Thumb Code  2028  glcd.o(.text)
    LCD_GetPoint                             0x0000467d   Thumb Code  1324  glcd.o(.text)
    LCD_SetPoint                             0x00004bf1   Thumb Code   320  glcd.o(.text)
    LCD_DrawLine                             0x00004d31   Thumb Code   546  glcd.o(.text)
    PutChar                                  0x00004f55   Thumb Code   210  glcd.o(.text)
    GUI_Text                                 0x00005029   Thumb Code   152  glcd.o(.text)
    LPC17xx_SPI_SetSpeed                     0x000050d9   Thumb Code    52  touchpanel.o(.text)
    TP_Init                                  0x0000510d   Thumb Code    48  touchpanel.o(.text)
    Read_X                                   0x000051d1   Thumb Code    64  touchpanel.o(.text)
    Read_Y                                   0x00005309   Thumb Code    64  touchpanel.o(.text)
    TP_GetAdXY                               0x00005349   Thumb Code    42  touchpanel.o(.text)
    TP_DrawPoint                             0x00005375   Thumb Code    32  touchpanel.o(.text)
    DrawCross                                0x00005395   Thumb Code   434  touchpanel.o(.text)
    DeleteCross                              0x00005549   Thumb Code   428  touchpanel.o(.text)
    Read_Ads7846                             0x000056f5   Thumb Code   808  touchpanel.o(.text)
    setCalibrationMatrix                     0x00005a1d   Thumb Code   464  touchpanel.o(.text)
    getDisplayPoint                          0x00005bed   Thumb Code   314  touchpanel.o(.text)
    TouchPanel_Calibrate                     0x00005d29   Thumb Code   218  touchpanel.o(.text)
    InitializeGame                           0x00005e05   Thumb Code   168  imports.o(.text)
    Draw_Map                                 0x00005ead   Thumb Code  2664  imports.o(.text)
    Draw_Point                               0x00006929   Thumb Code    16  imports.o(.text)
    Draw_Circle                              0x00006939   Thumb Code   366  imports.o(.text)
    Draw_Ghost                               0x00006aa9   Thumb Code   190  imports.o(.text)
    Draw_Wall                                0x00006b69   Thumb Code    80  imports.o(.text)
    Move_Pacman                              0x00006bb9   Thumb Code   432  imports.o(.text)
    PauseHandler                             0x00006d69   Thumb Code   192  imports.o(.text)
    GameOver                                 0x00006e31   Thumb Code    56  imports.o(.text)
    Victory                                  0x00006e69   Thumb Code    54  imports.o(.text)
    DrawLife                                 0x00006ea1   Thumb Code   186  imports.o(.text)
    Generate_Power_Pills_Coord               0x00006f5d   Thumb Code   242  imports.o(.text)
    Draw_PowerPills                          0x00007051   Thumb Code    84  imports.o(.text)
    Draw_Brick                               0x000070a5   Thumb Code   102  imports.o(.text)
    MoveBlinky                               0x0000710d   Thumb Code   496  imports.o(.text)
    frightenedMode                           0x0000730d   Thumb Code   526  imports.o(.text)
    chaseMode                                0x0000751d   Thumb Code   526  imports.o(.text)
    sendResults                              0x0000772d   Thumb Code    72  imports.o(.text)
    respawnBlinky                            0x00007775   Thumb Code    24  imports.o(.text)
    UpdateGameStatus                         0x0000778d   Thumb Code   174  imports.o(.text)
    collisionManager                         0x0000783d   Thumb Code   362  imports.o(.text)
    EINT0_IRQHandler                         0x000079a9   Thumb Code    56  irq_button.o(.text)
    EINT1_IRQHandler                         0x000079e1   Thumb Code    56  irq_button.o(.text)
    EINT2_IRQHandler                         0x00007a19   Thumb Code    18  irq_button.o(.text)
    BUTTON_init                              0x00007a2d   Thumb Code   124  lib_button.o(.text)
    RIT_IRQHandler                           0x00007aa9   Thumb Code   178  irq_rit.o(.text)
    enable_RIT                               0x00007b5d   Thumb Code    16  lib_rit.o(.text)
    disable_RIT                              0x00007b6d   Thumb Code    16  lib_rit.o(.text)
    reset_RIT                                0x00007b7d   Thumb Code    12  lib_rit.o(.text)
    init_RIT                                 0x00007b89   Thumb Code    70  lib_rit.o(.text)
    CAN_IRQHandler                           0x00007bd1   Thumb Code   110  irq_can.o(.text)
    CAN_setup                                0x00007c41   Thumb Code   174  lib_can.o(.text)
    CAN_start                                0x00007cf1   Thumb Code    32  lib_can.o(.text)
    CAN_waitReady                            0x00007d11   Thumb Code    32  lib_can.o(.text)
    CAN_wrMsg                                0x00007d31   Thumb Code   146  lib_can.o(.text)
    CAN_rdMsg                                0x00007dc5   Thumb Code   106  lib_can.o(.text)
    CAN_wrFilter                             0x00007e31   Thumb Code   566  lib_can.o(.text)
    CAN_Init                                 0x00008069   Thumb Code   252  lib_can.o(.text)
    playNote                                 0x00008165   Thumb Code    52  music.o(.text)
    isNotePlaying                            0x00008199   Thumb Code    18  music.o(.text)
    ADC_IRQHandler                           0x000081ad   Thumb Code   120  irq_adc.o(.text)
    ADC_init                                 0x00008225   Thumb Code    84  lib_adc.o(.text)
    ADC_start_conversion                     0x00008279   Thumb Code    18  lib_adc.o(.text)
    __2sprintf                               0x0000828d   Thumb Code    34  noretval__2sprintf.o(.text)
    __printf                                 0x000082b5   Thumb Code   104  __printf.o(.text)
    _printf_int_dec                          0x0000831d   Thumb Code   104  _printf_dec.o(.text)
    srand                                    0x00008395   Thumb Code    42  rand.o(.text)
    _rand_init                               0x000083bf   Thumb Code     4  rand.o(.text)
    __aeabi_memclr4                          0x000083d1   Thumb Code     0  rt_memclr_w.o(.text)
    __aeabi_memclr8                          0x000083d1   Thumb Code     0  rt_memclr_w.o(.text)
    __rt_memclr_w                            0x000083d1   Thumb Code     0  rt_memclr_w.o(.text)
    _memset_w                                0x000083d5   Thumb Code    74  rt_memclr_w.o(.text)
    _printf_int_common                       0x0000841f   Thumb Code   178  _printf_intcommon.o(.text)
    _printf_char_common                      0x000084db   Thumb Code    32  _printf_char_common.o(.text)
    __user_setup_stackheap                   0x00008501   Thumb Code    74  sys_stackheap_outer.o(.text)
    exit                                     0x0000854b   Thumb Code    18  exit.o(.text)
    __user_libspace                          0x0000855d   Thumb Code     8  libspace.o(.text)
    __user_perproc_libspace                  0x0000855d   Thumb Code     0  libspace.o(.text)
    __user_perthread_libspace                0x0000855d   Thumb Code     0  libspace.o(.text)
    __semihosting_library_function           0x00008565   Thumb Code     0  indicate_semi.o(.text)
    _sys_exit                                0x00008565   Thumb Code     8  sys_exit.o(.text)
    __aeabi_dadd                             0x00008571   Thumb Code     0  daddsub_clz.o(x$fpl$dadd)
    _dadd                                    0x00008571   Thumb Code   332  daddsub_clz.o(x$fpl$dadd)
    __fpl_dcmp_Inf                           0x000086c1   Thumb Code    24  dcmpi.o(x$fpl$dcmpinf)
    __aeabi_ddiv                             0x000086d9   Thumb Code     0  ddiv.o(x$fpl$ddiv)
    _ddiv                                    0x000086d9   Thumb Code   560  ddiv.o(x$fpl$ddiv)
    __aeabi_cdcmpeq                          0x00008991   Thumb Code     0  deqf.o(x$fpl$deqf)
    _dcmpeq                                  0x00008991   Thumb Code   120  deqf.o(x$fpl$deqf)
    __aeabi_d2iz                             0x00008a09   Thumb Code     0  dfix.o(x$fpl$dfix)
    _dfix                                    0x00008a09   Thumb Code    94  dfix.o(x$fpl$dfix)
    __aeabi_i2d                              0x00008a67   Thumb Code     0  dflt_clz.o(x$fpl$dflt)
    _dflt                                    0x00008a67   Thumb Code    46  dflt_clz.o(x$fpl$dflt)
    __aeabi_cdcmpge                          0x00008a95   Thumb Code     0  dgeqf.o(x$fpl$dgeqf)
    _dcmpge                                  0x00008a95   Thumb Code   120  dgeqf.o(x$fpl$dgeqf)
    __aeabi_cdcmple                          0x00008b0d   Thumb Code     0  dleqf.o(x$fpl$dleqf)
    _dcmple                                  0x00008b0d   Thumb Code   120  dleqf.o(x$fpl$dleqf)
    __fpl_dcmple_InfNaN                      0x00008b6f   Thumb Code     0  dleqf.o(x$fpl$dleqf)
    __aeabi_dmul                             0x00008b85   Thumb Code     0  dmul.o(x$fpl$dmul)
    _dmul                                    0x00008b85   Thumb Code   332  dmul.o(x$fpl$dmul)
    __fpl_dnaninf                            0x00008cd9   Thumb Code   156  dnaninf.o(x$fpl$dnaninf)
    __fpl_dretinf                            0x00008d75   Thumb Code    12  dretinf.o(x$fpl$dretinf)
    __aeabi_dsub                             0x00008d81   Thumb Code     0  daddsub_clz.o(x$fpl$dsub)
    _dsub                                    0x00008d81   Thumb Code   472  daddsub_clz.o(x$fpl$dsub)
    __aeabi_fadd                             0x00008f5d   Thumb Code     0  faddsub_clz.o(x$fpl$fadd)
    _fadd                                    0x00008f5d   Thumb Code   196  faddsub_clz.o(x$fpl$fadd)
    __aeabi_dcmpeq                           0x00009021   Thumb Code     0  dcmp.o(x$fpl$fcmp)
    _deq                                     0x00009021   Thumb Code    14  dcmp.o(x$fpl$fcmp)
    _dneq                                    0x0000902f   Thumb Code    14  dcmp.o(x$fpl$fcmp)
    __aeabi_dcmpgt                           0x0000903d   Thumb Code     0  dcmp.o(x$fpl$fcmp)
    _dgr                                     0x0000903d   Thumb Code    14  dcmp.o(x$fpl$fcmp)
    __aeabi_dcmpge                           0x0000904b   Thumb Code     0  dcmp.o(x$fpl$fcmp)
    _dgeq                                    0x0000904b   Thumb Code    14  dcmp.o(x$fpl$fcmp)
    __aeabi_dcmple                           0x00009059   Thumb Code     0  dcmp.o(x$fpl$fcmp)
    _dleq                                    0x00009059   Thumb Code    14  dcmp.o(x$fpl$fcmp)
    __aeabi_dcmplt                           0x00009067   Thumb Code     0  dcmp.o(x$fpl$fcmp)
    _dls                                     0x00009067   Thumb Code    14  dcmp.o(x$fpl$fcmp)
    __aeabi_fcmpeq                           0x00009075   Thumb Code     0  fcmp.o(x$fpl$fcmp)
    _feq                                     0x00009075   Thumb Code    14  fcmp.o(x$fpl$fcmp)
    _fneq                                    0x00009083   Thumb Code    14  fcmp.o(x$fpl$fcmp)
    __aeabi_fcmpgt                           0x00009091   Thumb Code     0  fcmp.o(x$fpl$fcmp)
    _fgr                                     0x00009091   Thumb Code    14  fcmp.o(x$fpl$fcmp)
    __aeabi_fcmpge                           0x0000909f   Thumb Code     0  fcmp.o(x$fpl$fcmp)
    _fgeq                                    0x0000909f   Thumb Code    14  fcmp.o(x$fpl$fcmp)
    __aeabi_fcmple                           0x000090ad   Thumb Code     0  fcmp.o(x$fpl$fcmp)
    _fleq                                    0x000090ad   Thumb Code    14  fcmp.o(x$fpl$fcmp)
    __aeabi_fcmplt                           0x000090bb   Thumb Code     0  fcmp.o(x$fpl$fcmp)
    _fls                                     0x000090bb   Thumb Code    14  fcmp.o(x$fpl$fcmp)
    __fpl_fcmp_Inf                           0x000090c9   Thumb Code    24  fcmpi.o(x$fpl$fcmpinf)
    __aeabi_cfcmpeq                          0x000090e1   Thumb Code     0  feqf.o(x$fpl$feqf)
    _fcmpeq                                  0x000090e1   Thumb Code   104  feqf.o(x$fpl$feqf)
    __aeabi_i2f                              0x00009149   Thumb Code     0  fflt_clz.o(x$fpl$fflt)
    _fflt                                    0x00009149   Thumb Code    48  fflt_clz.o(x$fpl$fflt)
    _fcmpge                                  0x00009179   Thumb Code   104  fgeqf.o(x$fpl$fgeqf)
    __aeabi_cfcmple                          0x000091e1   Thumb Code     0  fleqf.o(x$fpl$fleqf)
    _fcmple                                  0x000091e1   Thumb Code   104  fleqf.o(x$fpl$fleqf)
    __fpl_fcmple_InfNaN                      0x00009233   Thumb Code     0  fleqf.o(x$fpl$fleqf)
    __aeabi_fmul                             0x00009249   Thumb Code     0  fmul.o(x$fpl$fmul)
    _fmul                                    0x00009249   Thumb Code   258  fmul.o(x$fpl$fmul)
    __fpl_fnaninf                            0x0000934b   Thumb Code   140  fnaninf.o(x$fpl$fnaninf)
    __fpl_fretinf                            0x000093d7   Thumb Code    10  fretinf.o(x$fpl$fretinf)
    __aeabi_fsub                             0x000093e1   Thumb Code     0  faddsub_clz.o(x$fpl$fsub)
    _fsub                                    0x000093e1   Thumb Code   234  faddsub_clz.o(x$fpl$fsub)
    __I$use$fp                               0x000094ca   Number         0  usenofp.o(x$fpl$usenofp)
    freqs                                    0x00009acc   Data          32  irq_adc.o(.rodata.freqs)
    Region$$Table$$Base                      0x00009b20   Number         0  anon$$obj.o(Region$$Table)
    Region$$Table$$Limit                     0x00009b50   Number         0  anon$$obj.o(Region$$Table)
    AD_last                                  0x2007c000   Data           2  irq_adc.o(.data.AD_last)
    DisplaySample                            0x2007c002   Data          12  touchpanel.o(.data.DisplaySample)
    SystemFrequency                          0x2007c014   Data           4  system_lpc17xx.o(.data.SystemFrequency)
    board                                    0x2007c018   Data         868  imports.o(.data.board)
    escapeRoute                              0x2007c37d   Data           6  imports.o(.data.escapeRoute)
    eye_sprite                               0x2007c383   Data          64  imports.o(.data.eye_sprite)
    frequencies_pacman                       0x2007c3c4   Data         180  irq_timer.o(.data.frequencies_pacman)
    ghost                                    0x2007c479   Data          64  imports.o(.data.ghost)
    song                                     0x2007c4bc   Data         336  irq_rit.o(.data.song)
    _random_number_data                      0x2007c610   Data         228  rand.o(.bss)
    __libspace_start                         0x2007c6f4   Data          96  libspace.o(.bss)
    AD_current                               0x2007c754   Data           2  irq_adc.o(.bss.AD_current)
    __temporary_stack_top$libspace           0x2007c754   Data           0  libspace.o(.bss)
    CAN_RxMsg                                0x2007c758   Data          16  lib_can.o(.bss.CAN_RxMsg)
    CAN_TxMsg                                0x2007c768   Data          16  lib_can.o(.bss.CAN_TxMsg)
    ScreenSample                             0x2007c786   Data          12  touchpanel.o(.bss.ScreenSample)
    blinky                                   0x2007c7ac   Data           8  imports.o(.bss.blinky)
    buffer                                   0x2007c7b4   Data         100  imports.o(.bss.buffer)
    button_down                              0x2007c818   Data           1  irq_button.o(.bss.button_down)
    currentNote                              0x2007c81c   Data           4  irq_rit.o(.bss.currentNote)
    direction                                0x2007c820   Data           1  imports.o(.bss.direction)
    elapsed_time                             0x2007c821   Data           1  imports.o(.bss.elapsed_time)
    icr                                      0x2007c822   Data           1  lib_can.o(.bss.icr)
    kills                                    0x2007c823   Data           1  imports.o(.bss.kills)
    life                                     0x2007c824   Data           1  imports.o(.bss.life)
    matrix                                   0x2007c828   Data          56  touchpanel.o(.bss.matrix)
    pacman                                   0x2007c860   Data           8  imports.o(.bss.pacman)
    paused                                   0x2007c868   Data           1  imports.o(.bss.paused)
    punteggio                                0x2007c86a   Data           2  imports.o(.bss.punteggio)
    respawn                                  0x2007c86c   Data           1  imports.o(.bss.respawn)
    result                                   0x2007c870   Data           4  lib_can.o(.bss.result)
    startup                                  0x2007c874   Data           1  imports.o(.bss.startup)
    state                                    0x2007c875   Data           1  irq_timer.o(.bss.state)
    stateOfGame                              0x2007c876   Data           1  imports.o(.bss.stateOfGame)
    step                                     0x2007c877   Data           1  imports.o(.bss.step)
    ticks                                    0x2007c878   Data           4  irq_rit.o(.bss.ticks)
    timeToExpel                              0x2007c87c   Data           1  imports.o(.bss.timeToExpel)
    wait                                     0x2007c87d   Data           1  imports.o(.bss.wait)



==============================================================================

Memory Map of the image

  Image Entry point : 0x000000cd

  Load Region LR_IROM1 (Base: 0x00000000, Size: 0x0000a160, Max: 0x00080000, ABSOLUTE, COMPRESSED[0x00009cd8])

    Execution Region ER_IROM1 (Exec base: 0x00000000, Load base: 0x00000000, Size: 0x00009b50, Max: 0x00080000, ABSOLUTE)

    Exec Addr    Load Addr    Size         Type   Attr      Idx    E Section Name        Object

    0x00000000   0x00000000   0x000000cc   Data   RO            3    RESET               startup_lpc17xx.o
    0x000000cc   0x000000cc   0x00000008   Code   RO          270  * !!!main             c_w.l(__main.o)
    0x000000d4   0x000000d4   0x0000005c   Code   RO          513    !!!scatter          c_w.l(__scatter.o)
    0x00000130   0x00000130   0x0000005a   Code   RO          511    !!dczerorl2         c_w.l(__dczerorl2.o)
    0x0000018a   0x0000018a   0x00000002   PAD
    0x0000018c   0x0000018c   0x00000002   Code   RO          514    !!handler_null      c_w.l(__scatter.o)
    0x0000018e   0x0000018e   0x00000002   PAD
    0x00000190   0x00000190   0x0000001c   Code   RO          517    !!handler_zi        c_w.l(__scatter_zi.o)
    0x000001ac   0x000001ac   0x00000000   Code   RO          258    .ARM.Collect$$_printf_percent$$00000000  c_w.l(_printf_percent.o)
    0x000001ac   0x000001ac   0x00000006   Code   RO          257    .ARM.Collect$$_printf_percent$$00000009  c_w.l(_printf_d.o)
    0x000001b2   0x000001b2   0x00000004   Code   RO          319    .ARM.Collect$$_printf_percent$$00000017  c_w.l(_printf_percent_end.o)
    0x000001b6   0x000001b6   0x00000002   Code   RO          428    .ARM.Collect$$libinit$$00000000  c_w.l(libinit.o)
    0x000001b8   0x000001b8   0x00000000   Code   RO          323    .ARM.Collect$$libinit$$00000002  c_w.l(libinit2.o)
    0x000001b8   0x000001b8   0x00000000   Code   RO          325    .ARM.Collect$$libinit$$00000004  c_w.l(libinit2.o)
    0x000001b8   0x000001b8   0x00000000   Code   RO          327    .ARM.Collect$$libinit$$00000006  c_w.l(libinit2.o)
    0x000001b8   0x000001b8   0x00000000   Code   RO          330    .ARM.Collect$$libinit$$0000000C  c_w.l(libinit2.o)
    0x000001b8   0x000001b8   0x00000000   Code   RO          332    .ARM.Collect$$libinit$$0000000E  c_w.l(libinit2.o)
    0x000001b8   0x000001b8   0x00000004   Code   RO          333    .ARM.Collect$$libinit$$0000000F  c_w.l(libinit2.o)
    0x000001bc   0x000001bc   0x00000000   Code   RO          334    .ARM.Collect$$libinit$$00000010  c_w.l(libinit2.o)
    0x000001bc   0x000001bc   0x00000000   Code   RO          337    .ARM.Collect$$libinit$$00000013  c_w.l(libinit2.o)
    0x000001bc   0x000001bc   0x00000000   Code   RO          339    .ARM.Collect$$libinit$$00000015  c_w.l(libinit2.o)
    0x000001bc   0x000001bc   0x00000000   Code   RO          341    .ARM.Collect$$libinit$$00000017  c_w.l(libinit2.o)
    0x000001bc   0x000001bc   0x00000000   Code   RO          343    .ARM.Collect$$libinit$$00000019  c_w.l(libinit2.o)
    0x000001bc   0x000001bc   0x00000000   Code   RO          345    .ARM.Collect$$libinit$$0000001B  c_w.l(libinit2.o)
    0x000001bc   0x000001bc   0x00000000   Code   RO          347    .ARM.Collect$$libinit$$0000001D  c_w.l(libinit2.o)
    0x000001bc   0x000001bc   0x00000000   Code   RO          349    .ARM.Collect$$libinit$$0000001F  c_w.l(libinit2.o)
    0x000001bc   0x000001bc   0x00000000   Code   RO          351    .ARM.Collect$$libinit$$00000021  c_w.l(libinit2.o)
    0x000001bc   0x000001bc   0x00000000   Code   RO          353    .ARM.Collect$$libinit$$00000023  c_w.l(libinit2.o)
    0x000001bc   0x000001bc   0x00000000   Code   RO          355    .ARM.Collect$$libinit$$00000025  c_w.l(libinit2.o)
    0x000001bc   0x000001bc   0x00000000   Code   RO          357    .ARM.Collect$$libinit$$00000027  c_w.l(libinit2.o)
    0x000001bc   0x000001bc   0x00000000   Code   RO          361    .ARM.Collect$$libinit$$0000002E  c_w.l(libinit2.o)
    0x000001bc   0x000001bc   0x00000000   Code   RO          363    .ARM.Collect$$libinit$$00000030  c_w.l(libinit2.o)
    0x000001bc   0x000001bc   0x00000000   Code   RO          365    .ARM.Collect$$libinit$$00000032  c_w.l(libinit2.o)
    0x000001bc   0x000001bc   0x00000000   Code   RO          367    .ARM.Collect$$libinit$$00000034  c_w.l(libinit2.o)
    0x000001bc   0x000001bc   0x00000002   Code   RO          368    .ARM.Collect$$libinit$$00000035  c_w.l(libinit2.o)
    0x000001be   0x000001be   0x00000002   Code   RO          470    .ARM.Collect$$libshutdown$$00000000  c_w.l(libshutdown.o)
    0x000001c0   0x000001c0   0x00000000   Code   RO          478    .ARM.Collect$$libshutdown$$00000002  c_w.l(libshutdown2.o)
    0x000001c0   0x000001c0   0x00000000   Code   RO          480    .ARM.Collect$$libshutdown$$00000004  c_w.l(libshutdown2.o)
    0x000001c0   0x000001c0   0x00000000   Code   RO          483    .ARM.Collect$$libshutdown$$00000007  c_w.l(libshutdown2.o)
    0x000001c0   0x000001c0   0x00000000   Code   RO          486    .ARM.Collect$$libshutdown$$0000000A  c_w.l(libshutdown2.o)
    0x000001c0   0x000001c0   0x00000000   Code   RO          488    .ARM.Collect$$libshutdown$$0000000C  c_w.l(libshutdown2.o)
    0x000001c0   0x000001c0   0x00000000   Code   RO          491    .ARM.Collect$$libshutdown$$0000000F  c_w.l(libshutdown2.o)
    0x000001c0   0x000001c0   0x00000002   Code   RO          492    .ARM.Collect$$libshutdown$$00000010  c_w.l(libshutdown2.o)
    0x000001c2   0x000001c2   0x00000000   Code   RO          312    .ARM.Collect$$rtentry$$00000000  c_w.l(__rtentry.o)
    0x000001c2   0x000001c2   0x00000000   Code   RO          391    .ARM.Collect$$rtentry$$00000002  c_w.l(__rtentry2.o)
    0x000001c2   0x000001c2   0x00000006   Code   RO          403    .ARM.Collect$$rtentry$$00000004  c_w.l(__rtentry4.o)
    0x000001c8   0x000001c8   0x00000000   Code   RO          393    .ARM.Collect$$rtentry$$00000009  c_w.l(__rtentry2.o)
    0x000001c8   0x000001c8   0x00000004   Code   RO          394    .ARM.Collect$$rtentry$$0000000A  c_w.l(__rtentry2.o)
    0x000001cc   0x000001cc   0x00000000   Code   RO          396    .ARM.Collect$$rtentry$$0000000C  c_w.l(__rtentry2.o)
    0x000001cc   0x000001cc   0x00000008   Code   RO          397    .ARM.Collect$$rtentry$$0000000D  c_w.l(__rtentry2.o)
    0x000001d4   0x000001d4   0x00000002   Code   RO          436    .ARM.Collect$$rtexit$$00000000  c_w.l(rtexit.o)
    0x000001d6   0x000001d6   0x00000000   Code   RO          448    .ARM.Collect$$rtexit$$00000002  c_w.l(rtexit2.o)
    0x000001d6   0x000001d6   0x00000004   Code   RO          449    .ARM.Collect$$rtexit$$00000003  c_w.l(rtexit2.o)
    0x000001da   0x000001da   0x00000006   Code   RO          450    .ARM.Collect$$rtexit$$00000004  c_w.l(rtexit2.o)
    0x000001e0   0x000001e0   0x00000034   Code   RO          259    .emb_text           c_w.l(rand.o)
    0x00000214   0x00000214   0x00000034   Code   RO            5    .text               startup_lpc17xx.o
    0x00000248   0x00000248   0x00000078   Code   RO           13    .text               sample.o
    0x000002c0   0x000002c0   0x0000002a   Code   RO           55    .text               asciilib.o
    0x000002ea   0x000002ea   0x00000006   Code   RO          268    .text               c_w.l(heapauxi.o)
    0x000002f0   0x000002f0   0x0000000a   Code   RO          317    .text               c_w.l(_sputc.o)
    0x000002fa   0x000002fa   0x00000002   Code   RO          444    .text               c_w.l(use_no_semi.o)
    0x000002fc   0x000002fc   0x00000004   Code   RO            4    .ARM.__at_0x02FC    startup_lpc17xx.o
    0x00000300   0x00000300   0x00000130   Code   RO           23    .text               system_lpc17xx.o
    0x00000430   0x00000430   0x0000024a   Code   RO           31    .text               irq_timer.o
    0x0000067a   0x0000067a   0x00000002   PAD
    0x0000067c   0x0000067c   0x00000106   Code   RO           47    .text               lib_timer.o
    0x00000782   0x00000782   0x00000002   PAD
    0x00000784   0x00000784   0x00004952   Code   RO           64    .text               glcd.o
    0x000050d6   0x000050d6   0x00000002   PAD
    0x000050d8   0x000050d8   0x00000d2a   Code   RO           81    .text               touchpanel.o
    0x00005e02   0x00005e02   0x00000002   PAD
    0x00005e04   0x00005e04   0x00001ba2   Code   RO           94    .text               imports.o
    0x000079a6   0x000079a6   0x00000002   PAD
    0x000079a8   0x000079a8   0x00000082   Code   RO          144    .text               irq_button.o
    0x00007a2a   0x00007a2a   0x00000002   PAD
    0x00007a2c   0x00007a2c   0x0000007c   Code   RO          152    .text               lib_button.o
    0x00007aa8   0x00007aa8   0x000000b2   Code   RO          159    .text               irq_rit.o
    0x00007b5a   0x00007b5a   0x00000002   PAD
    0x00007b5c   0x00007b5c   0x00000072   Code   RO          169    .text               lib_rit.o
    0x00007bce   0x00007bce   0x00000002   PAD
    0x00007bd0   0x00007bd0   0x0000006e   Code   RO          177    .text               irq_can.o
    0x00007c3e   0x00007c3e   0x00000002   PAD
    0x00007c40   0x00007c40   0x00000524   Code   RO          186    .text               lib_can.o
    0x00008164   0x00008164   0x00000046   Code   RO          202    .text               music.o
    0x000081aa   0x000081aa   0x00000002   PAD
    0x000081ac   0x000081ac   0x00000078   Code   RO          210    .text               irq_adc.o
    0x00008224   0x00008224   0x00000066   Code   RO          220    .text               lib_adc.o
    0x0000828a   0x0000828a   0x00000002   PAD
    0x0000828c   0x0000828c   0x00000028   Code   RO          231    .text               c_w.l(noretval__2sprintf.o)
    0x000082b4   0x000082b4   0x00000068   Code   RO          233    .text               c_w.l(__printf.o)
    0x0000831c   0x0000831c   0x00000078   Code   RO          235    .text               c_w.l(_printf_dec.o)
    0x00008394   0x00008394   0x0000003c   Code   RO          260    .text               c_w.l(rand.o)
    0x000083d0   0x000083d0   0x0000004e   Code   RO          266    .text               c_w.l(rt_memclr_w.o)
    0x0000841e   0x0000841e   0x000000b2   Code   RO          313    .text               c_w.l(_printf_intcommon.o)
    0x000084d0   0x000084d0   0x00000030   Code   RO          315    .text               c_w.l(_printf_char_common.o)
    0x00008500   0x00008500   0x0000004a   Code   RO          415    .text               c_w.l(sys_stackheap_outer.o)
    0x0000854a   0x0000854a   0x00000012   Code   RO          417    .text               c_w.l(exit.o)
    0x0000855c   0x0000855c   0x00000008   Code   RO          433    .text               c_w.l(libspace.o)
    0x00008564   0x00008564   0x00000000   Code   RO          446    .text               c_w.l(indicate_semi.o)
    0x00008564   0x00008564   0x0000000c   Code   RO          460    .text               c_w.l(sys_exit.o)
    0x00008570   0x00008570   0x00000150   Code   RO          272    x$fpl$dadd          fz_ws.l(daddsub_clz.o)
    0x000086c0   0x000086c0   0x00000018   Code   RO          409    x$fpl$dcmpinf       fz_ws.l(dcmpi.o)
    0x000086d8   0x000086d8   0x000002b8   Code   RO          281    x$fpl$ddiv          fz_ws.l(ddiv.o)
    0x00008990   0x00008990   0x00000078   Code   RO          369    x$fpl$deqf          fz_ws.l(deqf.o)
    0x00008a08   0x00008a08   0x0000005e   Code   RO          284    x$fpl$dfix          fz_ws.l(dfix.o)
    0x00008a66   0x00008a66   0x0000002e   Code   RO          289    x$fpl$dflt          fz_ws.l(dflt_clz.o)
    0x00008a94   0x00008a94   0x00000078   Code   RO          371    x$fpl$dgeqf         fz_ws.l(dgeqf.o)
    0x00008b0c   0x00008b0c   0x00000078   Code   RO          373    x$fpl$dleqf         fz_ws.l(dleqf.o)
    0x00008b84   0x00008b84   0x00000154   Code   RO          294    x$fpl$dmul          fz_ws.l(dmul.o)
    0x00008cd8   0x00008cd8   0x0000009c   Code   RO          375    x$fpl$dnaninf       fz_ws.l(dnaninf.o)
    0x00008d74   0x00008d74   0x0000000c   Code   RO          377    x$fpl$dretinf       fz_ws.l(dretinf.o)
    0x00008d80   0x00008d80   0x000001dc   Code   RO          274    x$fpl$dsub          fz_ws.l(daddsub_clz.o)
    0x00008f5c   0x00008f5c   0x000000c4   Code   RO          296    x$fpl$fadd          fz_ws.l(faddsub_clz.o)
    0x00009020   0x00009020   0x00000054   Code   RO          278    x$fpl$fcmp          fz_ws.l(dcmp.o)
    0x00009074   0x00009074   0x00000054   Code   RO          302    x$fpl$fcmp          fz_ws.l(fcmp.o)
    0x000090c8   0x000090c8   0x00000018   Code   RO          411    x$fpl$fcmpinf       fz_ws.l(fcmpi.o)
    0x000090e0   0x000090e0   0x00000068   Code   RO          379    x$fpl$feqf          fz_ws.l(feqf.o)
    0x00009148   0x00009148   0x00000030   Code   RO          305    x$fpl$fflt          fz_ws.l(fflt_clz.o)
    0x00009178   0x00009178   0x00000068   Code   RO          381    x$fpl$fgeqf         fz_ws.l(fgeqf.o)
    0x000091e0   0x000091e0   0x00000068   Code   RO          383    x$fpl$fleqf         fz_ws.l(fleqf.o)
    0x00009248   0x00009248   0x00000102   Code   RO          310    x$fpl$fmul          fz_ws.l(fmul.o)
    0x0000934a   0x0000934a   0x0000008c   Code   RO          385    x$fpl$fnaninf       fz_ws.l(fnaninf.o)
    0x000093d6   0x000093d6   0x0000000a   Code   RO          387    x$fpl$fretinf       fz_ws.l(fretinf.o)
    0x000093e0   0x000093e0   0x000000ea   Code   RO          298    x$fpl$fsub          fz_ws.l(faddsub_clz.o)
    0x000094ca   0x000094ca   0x00000000   Code   RO          389    x$fpl$usenofp       fz_ws.l(usenofp.o)
    0x000094ca   0x000094ca   0x00000002   PAD
    0x000094cc   0x000094cc   0x00000010   Data   RO          122    .rodata..Lswitch.table.MoveBlinky.8  imports.o
    0x000094dc   0x000094dc   0x000005f0   Data   RO           57    .rodata.AsciiLib    asciilib.o
    0x00009acc   0x00009acc   0x00000020   Data   RO          213    .rodata.freqs       irq_adc.o
    0x00009aec   0x00009aec   0x0000001d   Data   RO           85    .rodata.str1.1      touchpanel.o
    0x00009b09   0x00009b09   0x00000016   Data   RO          116    .rodata.str1.1      imports.o
    0x00009b1f   0x00009b1f   0x00000001   PAD
    0x00009b20   0x00009b20   0x00000030   Data   RO          510    Region$$Table       anon$$obj.o


    Execution Region RW_IRAM1 (Exec base: 0x10000000, Load base: 0x00009b50, Size: 0x00001000, Max: 0x00008000, ABSOLUTE)

    Exec Addr    Load Addr    Size         Type   Attr      Idx    E Section Name        Object

    0x10000000        -       0x00000fff   Zero   RW            1    STACK               startup_lpc17xx.o


    Execution Region RW_IRAM2 (Exec base: 0x2007c000, Load base: 0x00009b50, Size: 0x00000880, Max: 0x00008000, ABSOLUTE, COMPRESSED[0x00000188])

    Exec Addr    Load Addr    Size         Type   Attr      Idx    E Section Name        Object

    0x2007c000   COMPRESSED   0x00000002   Data   RW          212    .data.AD_last       irq_adc.o
    0x2007c002   COMPRESSED   0x0000000c   Data   RW           83    .data.DisplaySample  touchpanel.o
    0x2007c00e   COMPRESSED   0x00000002   PAD
    0x2007c010   COMPRESSED   0x00000004   Data   RW          117    .data.Move_Pacman.checkpoint  imports.o
    0x2007c014   COMPRESSED   0x00000004   Data   RW           25    .data.SystemFrequency  system_lpc17xx.o
    0x2007c018   COMPRESSED   0x00000364   Data   RW          102    .data.board         imports.o
    0x2007c37c   COMPRESSED   0x00000001   Data   RW          120    .data.chaseMode.lastMove  imports.o
    0x2007c37d   COMPRESSED   0x00000006   Data   RW          101    .data.escapeRoute   imports.o
    0x2007c383   COMPRESSED   0x00000040   Data   RW           98    .data.eye_sprite    imports.o
    0x2007c3c3   COMPRESSED   0x00000001   PAD
    0x2007c3c4   COMPRESSED   0x000000b4   Data   RW           33    .data.frequencies_pacman  irq_timer.o
    0x2007c478   COMPRESSED   0x00000001   Data   RW          119    .data.frightenedMode.lastMove  imports.o
    0x2007c479   COMPRESSED   0x00000040   Data   RW           97    .data.ghost         imports.o
    0x2007c4b9   COMPRESSED   0x00000003   PAD
    0x2007c4bc   COMPRESSED   0x00000150   Data   RW          161    .data.song          irq_rit.o
    0x2007c60c   COMPRESSED   0x00000004   PAD
    0x2007c610        -       0x000000e4   Zero   RW          261    .bss                c_w.l(rand.o)
    0x2007c6f4        -       0x00000060   Zero   RW          434    .bss                c_w.l(libspace.o)
    0x2007c754        -       0x00000002   Zero   RW          214    .bss.AD_current     irq_adc.o
    0x2007c756   COMPRESSED   0x00000002   PAD
    0x2007c758        -       0x00000010   Zero   RW          194    .bss.CAN_RxMsg      lib_can.o
    0x2007c768        -       0x00000010   Zero   RW          193    .bss.CAN_TxMsg      lib_can.o
    0x2007c778        -       0x00000004   Zero   RW          192    .bss.CAN_wrFilter.CAN_ext_cnt  lib_can.o
    0x2007c77c        -       0x00000004   Zero   RW          191    .bss.CAN_wrFilter.CAN_std_cnt  lib_can.o
    0x2007c780        -       0x00000001   Zero   RW           66    .bss.LCD_Code       glcd.o
    0x2007c781   COMPRESSED   0x00000001   PAD
    0x2007c782        -       0x00000004   Zero   RW           84    .bss.Read_Ads7846.screen  touchpanel.o
    0x2007c786        -       0x0000000c   Zero   RW           86    .bss.ScreenSample   touchpanel.o
    0x2007c792   COMPRESSED   0x00000002   PAD
    0x2007c794        -       0x00000004   Zero   RW           34    .bss.TIMER0_IRQHandler.i  irq_timer.o
    0x2007c798        -       0x00000004   Zero   RW           40    .bss.TIMER3_IRQHandler.counter  irq_timer.o
    0x2007c79c        -       0x00000004   Zero   RW           37    .bss.TIMER3_IRQHandler.down  irq_timer.o
    0x2007c7a0        -       0x00000004   Zero   RW           38    .bss.TIMER3_IRQHandler.left  irq_timer.o
    0x2007c7a4        -       0x00000004   Zero   RW           39    .bss.TIMER3_IRQHandler.right  irq_timer.o
    0x2007c7a8        -       0x00000004   Zero   RW           36    .bss.TIMER3_IRQHandler.up  irq_timer.o
    0x2007c7ac        -       0x00000008   Zero   RW          106    .bss.blinky         imports.o
    0x2007c7b4        -       0x00000064   Zero   RW          115    .bss.buffer         imports.o
    0x2007c818        -       0x00000001   Zero   RW          146    .bss.button_down    irq_button.o
    0x2007c819   COMPRESSED   0x00000003   PAD
    0x2007c81c        -       0x00000004   Zero   RW          162    .bss.currentNote    irq_rit.o
    0x2007c820        -       0x00000001   Zero   RW          107    .bss.direction      imports.o
    0x2007c821        -       0x00000001   Zero   RW          103    .bss.elapsed_time   imports.o
    0x2007c822        -       0x00000001   Zero   RW          188    .bss.icr            lib_can.o
    0x2007c823        -       0x00000001   Zero   RW          110    .bss.kills          imports.o
    0x2007c824        -       0x00000001   Zero   RW          112    .bss.life           imports.o
    0x2007c825   COMPRESSED   0x00000003   PAD
    0x2007c828        -       0x00000038   Zero   RW           87    .bss.matrix         touchpanel.o
    0x2007c860        -       0x00000008   Zero   RW          105    .bss.pacman         imports.o
    0x2007c868        -       0x00000001   Zero   RW          109    .bss.paused         imports.o
    0x2007c869   COMPRESSED   0x00000001   PAD
    0x2007c86a        -       0x00000002   Zero   RW          108    .bss.punteggio      imports.o
    0x2007c86c        -       0x00000001   Zero   RW          121    .bss.respawn        imports.o
    0x2007c86d   COMPRESSED   0x00000003   PAD
    0x2007c870        -       0x00000004   Zero   RW          189    .bss.result         lib_can.o
    0x2007c874        -       0x00000001   Zero   RW          114    .bss.startup        imports.o
    0x2007c875        -       0x00000001   Zero   RW           35    .bss.state          irq_timer.o
    0x2007c876        -       0x00000001   Zero   RW          113    .bss.stateOfGame    imports.o
    0x2007c877        -       0x00000001   Zero   RW          111    .bss.step           imports.o
    0x2007c878        -       0x00000004   Zero   RW          163    .bss.ticks          irq_rit.o
    0x2007c87c        -       0x00000001   Zero   RW          118    .bss.timeToExpel    imports.o
    0x2007c87d        -       0x00000001   Zero   RW          104    .bss.wait           imports.o
    0x2007c87e   COMPRESSED   0x00000002   PAD
    0x2007c880        -       0x00000000   Zero   RW            2    HEAP                startup_lpc17xx.o


==============================================================================

Image component sizes


      Code (inc. data)   RO Data    RW Data    ZI Data      Debug   Object Name

        42          0       1520          0          0        651   asciilib.o
     18770          0          0          0          1      24972   glcd.o
      7074         52         38       1008        129      11477   imports.o
       120          0         32          2          2       1192   irq_adc.o
       130          0          0          0          1       3945   irq_button.o
       110          0          0          0          0       1495   irq_can.o
       178          0          0        336          8       4895   irq_rit.o
       586          4          0        180         25       3281   irq_timer.o
       102          0          0          0          0       4646   lib_adc.o
       124          0          0          0          0       5489   lib_button.o
      1316          0          0          0         45       9111   lib_can.o
       114          0          0          0          0       3479   lib_rit.o
       262          0          0          0          0       4096   lib_timer.o
        70          0          0          0          0       2055   music.o
       120          0          0          0          0       4119   sample.o
        56         22        204          0       4095        976   startup_lpc17xx.o
       304         20          0          4          0       1804   system_lpc17xx.o
      3370          0         29         12         72       8508   touchpanel.o

    ----------------------------------------------------------------------
     32870         98       1872       1548       4400      96191   Object Totals
         0          0         48          0          0          0   (incl. Generated)
        22          0          1          6         22          0   (incl. Padding)

    ----------------------------------------------------------------------

      Code (inc. data)   RO Data    RW Data    ZI Data      Debug   Library Member Name

        90          0          0          0          0          0   __dczerorl2.o
         8          0          0          0          0         68   __main.o
       104          0          0          0          0         84   __printf.o
         0          0          0          0          0          0   __rtentry.o
        12          0          0          0          0          0   __rtentry2.o
         6          0          0          0          0          0   __rtentry4.o
        94          8          0          0          0          0   __scatter.o
        28          0          0          0          0          0   __scatter_zi.o
        48          6          0          0          0         96   _printf_char_common.o
         6          0          0          0          0          0   _printf_d.o
       120         16          0          0          0         92   _printf_dec.o
       178          0          0          0          0         88   _printf_intcommon.o
         0          0          0          0          0          0   _printf_percent.o
         4          0          0          0          0          0   _printf_percent_end.o
        10          0          0          0          0         68   _sputc.o
        18          0          0          0          0         80   exit.o
         6          0          0          0          0        152   heapauxi.o
         0          0          0          0          0          0   indicate_semi.o
         2          0          0          0          0          0   libinit.o
         6          0          0          0          0          0   libinit2.o
         2          0          0          0          0          0   libshutdown.o
         2          0          0          0          0          0   libshutdown2.o
         8          4          0          0         96         68   libspace.o
        40          6          0          0          0         84   noretval__2sprintf.o
       112         18          0          0        228        160   rand.o
        78          0          0          0          0         80   rt_memclr_w.o
         2          0          0          0          0          0   rtexit.o
        10          0          0          0          0          0   rtexit2.o
        12          4          0          0          0         68   sys_exit.o
        74          0          0          0          0         80   sys_stackheap_outer.o
         2          0          0          0          0         68   use_no_semi.o
       812         16          0          0          0        296   daddsub_clz.o
        84          0          0          0          0        196   dcmp.o
        24          0          0          0          0         68   dcmpi.o
       696        140          0          0          0        216   ddiv.o
       120          4          0          0          0         92   deqf.o
        94          4          0          0          0         92   dfix.o
        46          0          0          0          0         68   dflt_clz.o
       120          4          0          0          0         92   dgeqf.o
       120          4          0          0          0         92   dleqf.o
       340         12          0          0          0        104   dmul.o
       156          4          0          0          0         92   dnaninf.o
        12          0          0          0          0         68   dretinf.o
       430          8          0          0          0        168   faddsub_clz.o
        84          0          0          0          0        196   fcmp.o
        24          0          0          0          0         68   fcmpi.o
       104          4          0          0          0         84   feqf.o
        48          0          0          0          0         68   fflt_clz.o
       104          4          0          0          0         84   fgeqf.o
       104          4          0          0          0         84   fleqf.o
       258          4          0          0          0         84   fmul.o
       140          4          0          0          0         84   fnaninf.o
        10          0          0          0          0         68   fretinf.o
         0          0          0          0          0          0   usenofp.o

    ----------------------------------------------------------------------
      5018        278          0          0        324       3800   Library Totals
         6          0          0          0          0          0   (incl. Padding)

    ----------------------------------------------------------------------

      Code (inc. data)   RO Data    RW Data    ZI Data      Debug   Library Name

      1082         62          0          0        324       1336   c_w.l
      3930        216          0          0          0       2464   fz_ws.l

    ----------------------------------------------------------------------
      5018        278          0          0        324       3800   Library Totals

    ----------------------------------------------------------------------

==============================================================================


      Code (inc. data)   RO Data    RW Data    ZI Data      Debug   

     37888        376       1872       1548       4724      97915   Grand Totals
     37888        376       1872        392       4724      97915   ELF Image Totals (compressed)
     37888        376       1872        392          0          0   ROM Totals

==============================================================================

    Total RO  Size (Code + RO Data)                39760 (  38.83kB)
    Total RW  Size (RW Data + ZI Data)              6272 (   6.13kB)
    Total ROM Size (Code + RO Data + RW Data)      40152 (  39.21kB)

==============================================================================

