Component: Arm Compiler for Embedded 6.22 Tool: armlink [5ee90200]

==============================================================================

Section Cross References

    startup_lpc17xx.o(STACK) refers (Special) to heapauxi.o(.text) for __use_two_region_memory
    startup_lpc17xx.o(HEAP) refers (Special) to heapauxi.o(.text) for __use_two_region_memory
    startup_lpc17xx.o(RESET) refers (Special) to heapauxi.o(.text) for __use_two_region_memory
    startup_lpc17xx.o(RESET) refers to startup_lpc17xx.o(STACK) for __initial_sp
    startup_lpc17xx.o(RESET) refers to startup_lpc17xx.o(.text) for Reset_Handler
    startup_lpc17xx.o(RESET) refers to irq_timer.o(.text) for TIMER0_IRQHandler
    startup_lpc17xx.o(RESET) refers to irq_button.o(.text) for EINT0_IRQHandler
    startup_lpc17xx.o(RESET) refers to irq_rit.o(.text) for RIT_IRQHandler
    startup_lpc17xx.o(.ARM.__at_0x02FC) refers (Special) to heapauxi.o(.text) for __use_two_region_memory
    startup_lpc17xx.o(.text) refers (Special) to heapauxi.o(.text) for __use_two_region_memory
    startup_lpc17xx.o(.text) refers to __main.o(!!!main) for __main
    startup_lpc17xx.o(.text) refers to startup_lpc17xx.o(HEAP) for Heap_Mem
    startup_lpc17xx.o(.text) refers to startup_lpc17xx.o(STACK) for Stack_Mem
    sample.o(.text) refers to system_lpc17xx.o(.text) for SystemInit
    sample.o(.text) refers to glcd.o(.text) for LCD_Initialization
    sample.o(.text) refers to lib_rit.o(.text) for init_RIT
    sample.o(.text) refers to touchpanel.o(.text) for TP_Init
    sample.o(.text) refers to imports.o(.text) for InitializeGame
    sample.o(.text) refers to lib_button.o(.text) for BUTTON_init
    sample.o(.ARM.exidx) refers to sample.o(.text) for [Anonymous Symbol]
    system_lpc17xx.o(.text) refers to system_lpc17xx.o(.data.SystemFrequency) for SystemFrequency
    system_lpc17xx.o(.text) refers to system_lpc17xx.o(.bss.ScaleFlag) for ScaleFlag
    system_lpc17xx.o(.ARM.exidx) refers to system_lpc17xx.o(.text) for [Anonymous Symbol]
    irq_timer.o(.text) refers (Special) to _printf_percent.o(.ARM.Collect$$_printf_percent$$00000000) for _printf_percent
    irq_timer.o(.text) refers (Special) to _printf_d.o(.ARM.Collect$$_printf_percent$$00000009) for _printf_d
    irq_timer.o(.text) refers (Special) to _printf_dec.o(.text) for _printf_int_dec
    irq_timer.o(.text) refers to irq_timer.o(.bss.TIMER0_IRQHandler.up) for TIMER0_IRQHandler.up
    irq_timer.o(.text) refers to imports.o(.bss.direction) for direction
    irq_timer.o(.text) refers to irq_timer.o(.bss.TIMER0_IRQHandler.right) for TIMER0_IRQHandler.right
    irq_timer.o(.text) refers to irq_timer.o(.bss.TIMER0_IRQHandler.left) for TIMER0_IRQHandler.left
    irq_timer.o(.text) refers to irq_timer.o(.bss.TIMER0_IRQHandler.down) for TIMER0_IRQHandler.down
    irq_timer.o(.text) refers to imports.o(.text) for Move_Pacman
    irq_timer.o(.text) refers to imports.o(.bss.elapsed_time) for elapsed_time
    irq_timer.o(.text) refers to imports.o(.bss.buffer) for buffer
    irq_timer.o(.text) refers to noretval__2sprintf.o(.text) for __2sprintf
    irq_timer.o(.text) refers to glcd.o(.text) for GUI_Text
    irq_timer.o(.text) refers to imports.o(.bss.wait) for wait
    irq_timer.o(.ARM.exidx) refers (Special) to _printf_percent.o(.ARM.Collect$$_printf_percent$$00000000) for _printf_percent
    irq_timer.o(.ARM.exidx) refers (Special) to _printf_d.o(.ARM.Collect$$_printf_percent$$00000009) for _printf_d
    irq_timer.o(.ARM.exidx) refers (Special) to _printf_dec.o(.text) for _printf_int_dec
    irq_timer.o(.ARM.exidx) refers to irq_timer.o(.text) for [Anonymous Symbol]
    irq_timer.o(.bss.TIMER0_IRQHandler.up) refers (Special) to _printf_percent.o(.ARM.Collect$$_printf_percent$$00000000) for _printf_percent
    irq_timer.o(.bss.TIMER0_IRQHandler.up) refers (Special) to _printf_d.o(.ARM.Collect$$_printf_percent$$00000009) for _printf_d
    irq_timer.o(.bss.TIMER0_IRQHandler.up) refers (Special) to _printf_dec.o(.text) for _printf_int_dec
    irq_timer.o(.bss.TIMER0_IRQHandler.down) refers (Special) to _printf_percent.o(.ARM.Collect$$_printf_percent$$00000000) for _printf_percent
    irq_timer.o(.bss.TIMER0_IRQHandler.down) refers (Special) to _printf_d.o(.ARM.Collect$$_printf_percent$$00000009) for _printf_d
    irq_timer.o(.bss.TIMER0_IRQHandler.down) refers (Special) to _printf_dec.o(.text) for _printf_int_dec
    irq_timer.o(.bss.TIMER0_IRQHandler.left) refers (Special) to _printf_percent.o(.ARM.Collect$$_printf_percent$$00000000) for _printf_percent
    irq_timer.o(.bss.TIMER0_IRQHandler.left) refers (Special) to _printf_d.o(.ARM.Collect$$_printf_percent$$00000009) for _printf_d
    irq_timer.o(.bss.TIMER0_IRQHandler.left) refers (Special) to _printf_dec.o(.text) for _printf_int_dec
    irq_timer.o(.bss.TIMER0_IRQHandler.right) refers (Special) to _printf_percent.o(.ARM.Collect$$_printf_percent$$00000000) for _printf_percent
[...]
    __rtentry2.o(.ARM.Collect$$rtentry$$0000000A) refers to libinit.o(.ARM.Collect$$libinit$$00000000) for __rt_lib_init
    __rtentry2.o(.ARM.Collect$$rtentry$$0000000B) refers to boardinit3.o(.text) for _platform_post_lib_init
    __rtentry2.o(.ARM.Collect$$rtentry$$0000000D) refers to sample.o(.text) for main
    __rtentry2.o(.ARM.Collect$$rtentry$$0000000D) refers to exit.o(.text) for exit
    __rtentry2.o(.ARM.exidx) refers to __rtentry2.o(.ARM.Collect$$rtentry$$00000001) for .ARM.Collect$$rtentry$$00000001
    __rtentry2.o(.ARM.exidx) refers to __rtentry2.o(.ARM.Collect$$rtentry$$00000008) for .ARM.Collect$$rtentry$$00000008
    __rtentry2.o(.ARM.exidx) refers to __rtentry2.o(.ARM.Collect$$rtentry$$0000000A) for .ARM.Collect$$rtentry$$0000000A
    __rtentry2.o(.ARM.exidx) refers to __rtentry2.o(.ARM.Collect$$rtentry$$0000000B) for .ARM.Collect$$rtentry$$0000000B
    __rtentry2.o(.ARM.exidx) refers to __rtentry2.o(.ARM.Collect$$rtentry$$0000000D) for .ARM.Collect$$rtentry$$0000000D
    __rtentry4.o(.ARM.Collect$$rtentry$$00000004) refers to sys_stackheap_outer.o(.text) for __user_setup_stackheap
    __rtentry4.o(.ARM.exidx) refers to __rtentry4.o(.ARM.Collect$$rtentry$$00000004) for .ARM.Collect$$rtentry$$00000004
    argv_veneer.o(.emb_text) refers to no_argv.o(.text) for __ARM_get_argv
    dcmpi.o(x$fpl$dcmpinf) refers (Special) to usenofp.o(x$fpl$usenofp) for __I$use$fp
    fcmpi.o(x$fpl$fcmpinf) refers (Special) to usenofp.o(x$fpl$usenofp) for __I$use$fp
    sys_stackheap_outer.o(.text) refers to libspace.o(.text) for __user_perproc_libspace
    sys_stackheap_outer.o(.text) refers to startup_lpc17xx.o(.text) for __user_initial_stackheap
    exit.o(.text) refers to rtexit.o(.ARM.Collect$$rtexit$$00000000) for __rt_exit
    _get_argv_nomalloc.o(.text) refers (Special) to hrguard.o(.text) for __heap_region$guard
    _get_argv_nomalloc.o(.text) refers to defsig_rtmem_outer.o(.text) for __rt_SIGRTMEM
    _get_argv_nomalloc.o(.text) refers to sys_command.o(.text) for _sys_command_string
    libinit.o(.ARM.Collect$$libinit$$00000000) refers (Special) to libinit2.o(.ARM.Collect$$libinit$$00000030) for __rt_lib_init_alloca_1
    libinit.o(.ARM.Collect$$libinit$$00000000) refers (Special) to libinit2.o(.ARM.Collect$$libinit$$0000002E) for __rt_lib_init_argv_1
    libinit.o(.ARM.Collect$$libinit$$00000000) refers (Special) to libinit2.o(.ARM.Collect$$libinit$$0000001D) for __rt_lib_init_atexit_1
    libinit.o(.ARM.Collect$$libinit$$00000000) refers (Special) to libinit2.o(.ARM.Collect$$libinit$$00000023) for __rt_lib_init_clock_1
    libinit.o(.ARM.Collect$$libinit$$00000000) refers (Special) to libinit2.o(.ARM.Collect$$libinit$$00000034) for __rt_lib_init_cpp_1
    libinit.o(.ARM.Collect$$libinit$$00000000) refers (Special) to libinit2.o(.ARM.Collect$$libinit$$00000032) for __rt_lib_init_exceptions_1
    libinit.o(.ARM.Collect$$libinit$$00000000) refers (Special) to libinit2.o(.ARM.Collect$$libinit$$00000002) for __rt_lib_init_fp_1
    libinit.o(.ARM.Collect$$libinit$$00000000) refers (Special) to libinit2.o(.ARM.Collect$$libinit$$00000021) for __rt_lib_init_fp_trap_1
    libinit.o(.ARM.Collect$$libinit$$00000000) refers (Special) to libinit2.o(.ARM.Collect$$libinit$$00000025) for __rt_lib_init_getenv_1
    libinit.o(.ARM.Collect$$libinit$$00000000) refers (Special) to libinit2.o(.ARM.Collect$$libinit$$0000000C) for __rt_lib_init_heap_1
    libinit.o(.ARM.Collect$$libinit$$00000000) refers (Special) to libinit2.o(.ARM.Collect$$libinit$$00000013) for __rt_lib_init_lc_collate_1
    libinit.o(.ARM.Collect$$libinit$$00000000) refers (Special) to libinit2.o(.ARM.Collect$$libinit$$00000015) for __rt_lib_init_lc_ctype_1
    libinit.o(.ARM.Collect$$libinit$$00000000) refers (Special) to libinit2.o(.ARM.Collect$$libinit$$00000017) for __rt_lib_init_lc_monetary_1
    libinit.o(.ARM.Collect$$libinit$$00000000) refers (Special) to libinit2.o(.ARM.Collect$$libinit$$00000019) for __rt_lib_init_lc_numeric_1
    libinit.o(.ARM.Collect$$libinit$$00000000) refers (Special) to libinit2.o(.ARM.Collect$$libinit$$0000001B) for __rt_lib_init_lc_time_1
    libinit.o(.ARM.Collect$$libinit$$00000000) refers (Special) to libinit2.o(.ARM.Collect$$libinit$$00000006) for __rt_lib_init_preinit_1
    libinit.o(.ARM.Collect$$libinit$$00000000) refers (Special) to libinit2.o(.ARM.Collect$$libinit$$00000010) for __rt_lib_init_rand_1
    libinit.o(.ARM.Collect$$libinit$$00000000) refers (Special) to libinit2.o(.ARM.Collect$$libinit$$00000004) for __rt_lib_init_relocate_pie_1
    libinit.o(.ARM.Collect$$libinit$$00000000) refers (Special) to libinit2.o(.ARM.Collect$$libinit$$00000035) for __rt_lib_init_return
    libinit.o(.ARM.Collect$$libinit$$00000000) refers (Special) to libinit2.o(.ARM.Collect$$libinit$$0000001F) for __rt_lib_init_signal_1
    libinit.o(.ARM.Collect$$libinit$$00000000) refers (Special) to libinit2.o(.ARM.Collect$$libinit$$00000027) for __rt_lib_init_stdio_1
    libinit.o(.ARM.Collect$$libinit$$00000000) refers (Special) to libinit2.o(.ARM.Collect$$libinit$$0000000E) for __rt_lib_init_user_alloc_1
    sys_command.o(.text) refers (Special) to use_no_semi.o(.text) for __I$use$semihosting
    sys_command.o(.text) refers (Special) to indicate_semi.o(.text) for __semihosting_library_function
    sys_command_hlt.o(.text) refers (Special) to use_no_semi.o(.text) for __I$use$semihosting
    sys_command_hlt.o(.text) refers (Special) to indicate_semi.o(.text) for __semihosting_library_function
    libspace.o(.text) refers to libspace.o(.bss) for __libspace_start
    rtexit.o(.ARM.Collect$$rtexit$$00000000) refers (Special) to rtexit2.o(.ARM.Collect$$rtexit$$00000004) for __rt_exit_exit
    rtexit.o(.ARM.Collect$$rtexit$$00000000) refers (Special) to rtexit2.o(.ARM.Collect$$rtexit$$00000003) for __rt_exit_ls
    rtexit.o(.ARM.Collect$$rtexit$$00000000) refers (Special) to rtexit2.o(.ARM.Collect$$rtexit$$00000002) for __rt_exit_prels_1
    rtexit.o(.ARM.exidx) refers (Special) to rtexit2.o(.ARM.Collect$$rtexit$$00000004) for __rt_exit_exit
    rtexit.o(.ARM.exidx) refers (Special) to rtexit2.o(.ARM.Collect$$rtexit$$00000003) for __rt_exit_ls
    rtexit.o(.ARM.exidx) refers (Special) to rtexit2.o(.ARM.Collect$$rtexit$$00000002) for __rt_exit_prels_1
    rtexit.o(.ARM.exidx) refers to rtexit.o(.ARM.Collect$$rtexit$$00000000) for .ARM.Collect$$rtexit$$00000000
    defsig_rtmem_outer.o(.text) refers to defsig_rtmem_inner.o(.text) for __rt_SIGRTMEM_inner
    defsig_rtmem_outer.o(.text) refers to defsig_exit.o(.text) for __sig_exit
    defsig_rtmem_formal.o(.text) refers to rt_raise.o(.text) for __rt_raise
    rtexit2.o(.ARM.Collect$$rtexit$$00000003) refers to libshutdown.o(.ARM.Collect$$libshutdown$$00000000) for __rt_lib_shutdown
    rtexit2.o(.ARM.Collect$$rtexit$$00000004) refers to sys_exit.o(.text) for _sys_exit
    rtexit2.o(.ARM.exidx) refers to rtexit2.o(.ARM.Collect$$rtexit$$00000001) for .ARM.Collect$$rtexit$$00000001
    rtexit2.o(.ARM.exidx) refers to rtexit2.o(.ARM.Collect$$rtexit$$00000003) for .ARM.Collect$$rtexit$$00000003
    rtexit2.o(.ARM.exidx) refers to rtexit2.o(.ARM.Collect$$rtexit$$00000004) for .ARM.Collect$$rtexit$$00000004
    rt_raise.o(.text) refers to __raise.o(.text) for __raise
    rt_raise.o(.text) refers to sys_exit.o(.text) for _sys_exit
    defsig_exit.o(.text) refers to sys_exit.o(.text) for _sys_exit
    defsig_rtmem_inner.o(.text) refers to defsig_general.o(.text) for __default_signal_display
    sys_exit.o(.text) refers (Special) to use_no_semi.o(.text) for __I$use$semihosting
    sys_exit.o(.text) refers (Special) to indicate_semi.o(.text) for __semihosting_library_function
    sys_exit_hlt.o(.text) refers (Special) to use_no_semi.o(.text) for __I$use$semihosting
    sys_exit_hlt.o(.text) refers (Special) to indicate_semi.o(.text) for __semihosting_library_function
    __raise.o(.text) refers to defsig.o(CL$$defsig) for __default_signal_handler
    defsig_general.o(.text) refers to sys_wrch.o(.text) for _ttywrch
    libshutdown.o(.ARM.Collect$$libshutdown$$00000000) refers (Special) to libshutdown2.o(.ARM.Collect$$libshutdown$$00000002) for __rt_lib_shutdown_cpp_1
    libshutdown.o(.ARM.Collect$$libshutdown$$00000000) refers (Special) to libshutdown2.o(.ARM.Collect$$libshutdown$$00000007) for __rt_lib_shutdown_fp_trap_1
    libshutdown.o(.ARM.Collect$$libshutdown$$00000000) refers (Special) to libshutdown2.o(.ARM.Collect$$libshutdown$$0000000F) for __rt_lib_shutdown_heap_1
    libshutdown.o(.ARM.Collect$$libshutdown$$00000000) refers (Special) to libshutdown2.o(.ARM.Collect$$libshutdown$$00000010) for __rt_lib_shutdown_return
    libshutdown.o(.ARM.Collect$$libshutdown$$00000000) refers (Special) to libshutdown2.o(.ARM.Collect$$libshutdown$$0000000A) for __rt_lib_shutdown_signal_1
    libshutdown.o(.ARM.Collect$$libshutdown$$00000000) refers (Special) to libshutdown2.o(.ARM.Collect$$libshutdown$$00000004) for __rt_lib_shutdown_stdio_1
    libshutdown.o(.ARM.Collect$$libshutdown$$00000000) refers (Special) to libshutdown2.o(.ARM.Collect$$libshutdown$$0000000C) for __rt_lib_shutdown_user_alloc_1
    sys_wrch.o(.text) refers (Special) to use_no_semi.o(.text) for __I$use$semihosting
    sys_wrch.o(.text) refers (Special) to indicate_semi.o(.text) for __semihosting_library_function
    sys_wrch_hlt.o(.text) refers (Special) to use_no_semi.o(.text) for __I$use$semihosting
    sys_wrch_hlt.o(.text) refers (Special) to indicate_semi.o(.text) for __semihosting_library_function
    defsig.o(CL$$defsig) refers to defsig_rtmem_inner.o(.text) for __rt_SIGRTMEM_inner
    defsig_abrt_inner.o(.text) refers to defsig_general.o(.text) for __default_signal_display
    defsig_fpe_inner.o(.text) refers to defsig_general.o(.text) for __default_signal_display
    defsig_rtred_inner.o(.text) refers to defsig_general.o(.text) for __default_signal_display
    defsig_stak_inner.o(.text) refers to defsig_general.o(.text) for __default_signal_display
    defsig_pvfn_inner.o(.text) refers to defsig_general.o(.text) for __default_signal_display
    defsig_cppl_inner.o(.text) refers to defsig_general.o(.text) for __default_signal_display
    defsig_segv_inner.o(.text) refers to defsig_general.o(.text) for __default_signal_display
    defsig_other.o(.text) refers to defsig_general.o(.text) for __default_signal_display


==============================================================================

Removing Unused input sections from the image.

    Removing sample.o(.ARM.exidx), (8 bytes).
    Removing sample.o(.ARM.use_no_argv), (4 bytes).
    Removing system_lpc17xx.o(.ARM.exidx), (8 bytes).
    Removing irq_timer.o(.ARM.exidx), (16 bytes).
    Removing lib_timer.o(.ARM.exidx), (32 bytes).
    Removing asciilib.o(.ARM.exidx), (8 bytes).
    Removing glcd.o(.ARM.exidx), (56 bytes).
    Removing hzlib.o(.text), (36 bytes).
    Removing hzlib.o(.ARM.exidx), (8 bytes).
    Removing hzlib.o(.rodata.HzLib), (216576 bytes).
    Removing touchpanel.o(.ARM.exidx), (128 bytes).
    Removing touchpanel.o(.bss.display), (4 bytes).
    Removing imports.o(.ARM.exidx), (112 bytes).
    Removing funct_joystick.o(.text), (2 bytes).
    Removing funct_joystick.o(.ARM.exidx), (8 bytes).
    Removing lib_joystick.o(.text), (34 bytes).
    Removing lib_joystick.o(.ARM.exidx), (8 bytes).
    Removing irq_button.o(.ARM.exidx), (24 bytes).
    Removing lib_button.o(.ARM.exidx), (8 bytes).
    Removing irq_rit.o(.ARM.exidx), (8 bytes).
    Removing lib_rit.o(.ARM.exidx), (32 bytes).

21 unused section(s) (total 217120 bytes) removed from the image.

==============================================================================

Image Symbol Table

    Local Symbols

    Symbol Name                              Value     Ov Type        Size  Object(Section)

    ../clib/angel/boardlib.s                 0x00000000   Number         0  boardinit1.o ABSOLUTE
    ../clib/angel/boardlib.s                 0x00000000   Number         0  boardinit2.o ABSOLUTE
    ../clib/angel/boardlib.s                 0x00000000   Number         0  boardinit3.o ABSOLUTE
    ../clib/angel/boardlib.s                 0x00000000   Number         0  boardshut.o ABSOLUTE
    ../clib/angel/dclz77c.s                  0x00000000   Number         0  __dclz77c.o ABSOLUTE
    ../clib/angel/handlers.s                 0x00000000   Number         0  __scatter_copy.o ABSOLUTE
    ../clib/angel/handlers.s                 0x00000000   Number         0  __scatter_zi.o ABSOLUTE
    ../clib/angel/kernel.s                   0x00000000   Number         0  __rtentry.o ABSOLUTE
    ../clib/angel/kernel.s                   0x00000000   Number         0  __rtentry2.o ABSOLUTE
    ../clib/angel/kernel.s                   0x00000000   Number         0  __rtentry4.o ABSOLUTE
    ../clib/angel/kernel.s                   0x00000000   Number         0  rtexit.o ABSOLUTE
    ../clib/angel/kernel.s                   0x00000000   Number         0  rtexit2.o ABSOLUTE
    ../clib/angel/rt.s                       0x00000000   Number         0  rt_raise.o ABSOLUTE
    ../clib/angel/scatter.s                  0x00000000   Number         0  __scatter.o ABSOLUTE
    ../clib/angel/startup.s                  0x00000000   Number         0  __main.o ABSOLUTE
    ../clib/angel/sys.s                      0x00000000   Number         0  use_no_semi.o ABSOLUTE
    ../clib/angel/sys.s                      0x00000000   Number         0  indicate_semi.o ABSOLUTE
    ../clib/angel/sys.s                      0x00000000   Number         0  sys_stackheap_outer.o ABSOLUTE
    ../clib/angel/sys.s                      0x00000000   Number         0  libspace.o ABSOLUTE
    ../clib/angel/sysapp.c                   0x00000000   Number         0  sys_time.o ABSOLUTE
    ../clib/angel/sysapp.c                   0x00000000   Number         0  sys_time_hlt.o ABSOLUTE
    ../clib/angel/sysapp.c                   0x00000000   Number         0  sys_command.o ABSOLUTE
    ../clib/angel/sysapp.c                   0x00000000   Number         0  sys_command_hlt.o ABSOLUTE
    ../clib/angel/sysapp.c                   0x00000000   Number         0  sys_exit.o ABSOLUTE
    ../clib/angel/sysapp.c                   0x00000000   Number         0  sys_exit_hlt.o ABSOLUTE
    ../clib/angel/sysapp.c                   0x00000000   Number         0  sys_wrch.o ABSOLUTE
    ../clib/angel/sysapp.c                   0x00000000   Number         0  sys_wrch_hlt.o ABSOLUTE
    ../clib/armsys.c                         0x00000000   Number         0  argv_veneer.o ABSOLUTE
    ../clib/armsys.c                         0x00000000   Number         0  argv_veneer.o ABSOLUTE
    ../clib/armsys.c                         0x00000000   Number         0  _get_argv_nomalloc.o ABSOLUTE
    ../clib/armsys.c                         0x00000000   Number         0  no_argv.o ABSOLUTE
    ../clib/heapalloc.c                      0x00000000   Number         0  hrguard.o ABSOLUTE
    ../clib/heapaux.c                        0x00000000   Number         0  heapauxi.o ABSOLUTE
    ../clib/libinit.s                        0x00000000   Number         0  libinit2.o ABSOLUTE
    ../clib/libinit.s                        0x00000000   Number         0  libinit.o ABSOLUTE
    ../clib/libinit.s                        0x00000000   Number         0  libshutdown.o ABSOLUTE
    ../clib/libinit.s                        0x00000000   Number         0  libshutdown2.o ABSOLUTE
    ../clib/memcpset.s                       0x00000000   Number         0  rt_memcpy_v6.o ABSOLUTE
    ../clib/memcpset.s                       0x00000000   Number         0  rt_memclr_w.o ABSOLUTE
    ../clib/memcpset.s                       0x00000000   Number         0  rt_memcpy_w.o ABSOLUTE
    ../clib/printf.c                         0x00000000   Number         0  __2sprintf.o ABSOLUTE
    ../clib/printf.c                         0x00000000   Number         0  noretval__2sprintf.o ABSOLUTE
    ../clib/printf.c                         0x00000000   Number         0  __printf.o ABSOLUTE
    ../clib/printf.c                         0x00000000   Number         0  _printf_dec.o ABSOLUTE
    ../clib/printf.c                         0x00000000   Number         0  __printf_flags.o ABSOLUTE
    ../clib/printf.c                         0x00000000   Number         0  __printf_ss.o ABSOLUTE
    ../clib/printf.c                         0x00000000   Number         0  __printf_flags_ss.o ABSOLUTE
    ../clib/printf.c                         0x00000000   Number         0  __printf_wp.o ABSOLUTE
    ../clib/printf.c                         0x00000000   Number         0  __printf_flags_wp.o ABSOLUTE
    ../clib/printf.c                         0x00000000   Number         0  __printf_ss_wp.o ABSOLUTE
    ../clib/printf.c                         0x00000000   Number         0  __printf_flags_ss_wp.o ABSOLUTE
    ../clib/printf.c                         0x00000000   Number         0  _printf_intcommon.o ABSOLUTE
    ../clib/printf.c                         0x00000000   Number         0  _printf_char_common.o ABSOLUTE
    ../clib/printf.c                         0x00000000   Number         0  _sputc.o ABSOLUTE
    ../clib/printf.c                         0x00000000   Number         0  __printf_nopercent.o ABSOLUTE
    ../clib/printf_percent.s                 0x00000000   Number         0  _printf_d.o ABSOLUTE
    ../clib/printf_percent.s                 0x00000000   Number         0  _printf_percent.o ABSOLUTE
    ../clib/printf_percent.s                 0x00000000   Number         0  _printf_percent_end.o ABSOLUTE
    ../clib/signal.c                         0x00000000   Number         0  defsig_rtmem_outer.o ABSOLUTE
    ../clib/signal.c                         0x00000000   Number         0  defsig_rtmem_formal.o ABSOLUTE
    ../clib/signal.c                         0x00000000   Number         0  defsig_exit.o ABSOLUTE
    ../clib/signal.c                         0x00000000   Number         0  defsig_rtmem_inner.o ABSOLUTE
    ../clib/signal.c                         0x00000000   Number         0  __raise.o ABSOLUTE
    ../clib/signal.c                         0x00000000   Number         0  defsig_general.o ABSOLUTE
    ../clib/signal.c                         0x00000000   Number         0  defsig_abrt_inner.o ABSOLUTE
    ../clib/signal.c                         0x00000000   Number         0  defsig_fpe_inner.o ABSOLUTE
    ../clib/signal.c                         0x00000000   Number         0  defsig_rtred_inner.o ABSOLUTE
    ../clib/signal.c                         0x00000000   Number         0  defsig_stak_inner.o ABSOLUTE
    ../clib/signal.c                         0x00000000   Number         0  defsig_pvfn_inner.o ABSOLUTE
    ../clib/signal.c                         0x00000000   Number         0  defsig_cppl_inner.o ABSOLUTE
    ../clib/signal.c                         0x00000000   Number         0  defsig_segv_inner.o ABSOLUTE
    ../clib/signal.c                         0x00000000   Number         0  defsig_other.o ABSOLUTE
    ../clib/signal.s                         0x00000000   Number         0  defsig.o ABSOLUTE
    ../clib/stdlib.c                         0x00000000   Number         0  rand.o ABSOLUTE
    ../clib/stdlib.c                         0x00000000   Number         0  rand.o ABSOLUTE
    ../clib/stdlib.c                         0x00000000   Number         0  exit.o ABSOLUTE
    ../fplib/daddsub.s                       0x00000000   Number         0  daddsub_clz.o ABSOLUTE
    ../fplib/dcmp.s                          0x00000000   Number         0  dcmp.o ABSOLUTE
    ../fplib/dcmpi.s                         0x00000000   Number         0  dcmpi.o ABSOLUTE
    ../fplib/ddiv.s                          0x00000000   Number         0  ddiv.o ABSOLUTE
    ../fplib/deqf.s                          0x00000000   Number         0  deqf.o ABSOLUTE
    ../fplib/dfix.s                          0x00000000   Number         0  dfix.o ABSOLUTE
    ../fplib/dflt.s                          0x00000000   Number         0  dflt_clz.o ABSOLUTE
    ../fplib/dgeqf.s                         0x00000000   Number         0  dgeqf.o ABSOLUTE
    ../fplib/dleqf.s                         0x00000000   Number         0  dleqf.o ABSOLUTE
    ../fplib/dmul.s                          0x00000000   Number         0  dmul.o ABSOLUTE
    ../fplib/dnaninf.s                       0x00000000   Number         0  dnaninf.o ABSOLUTE
    ../fplib/dretinf.s                       0x00000000   Number         0  dretinf.o ABSOLUTE
    ../fplib/faddsub.s                       0x00000000   Number         0  faddsub_clz.o ABSOLUTE
    ../fplib/fcmp.s                          0x00000000   Number         0  fcmp.o ABSOLUTE
    ../fplib/fcmpi.s                         0x00000000   Number         0  fcmpi.o ABSOLUTE
    ../fplib/feqf.s                          0x00000000   Number         0  feqf.o ABSOLUTE
    ../fplib/fflt.s                          0x00000000   Number         0  fflt_clz.o ABSOLUTE
    ../fplib/fgeqf.s                         0x00000000   Number         0  fgeqf.o ABSOLUTE
    ../fplib/fleqf.s                         0x00000000   Number         0  fleqf.o ABSOLUTE
    ../fplib/fmul.s                          0x00000000   Number         0  fmul.o ABSOLUTE
    ../fplib/fnaninf.s                       0x00000000   Number         0  fnaninf.o ABSOLUTE
    ../fplib/fpinit.s                        0x00000000   Number         0  fpinit.o ABSOLUTE
    ../fplib/fpinit_empty.s                  0x00000000   Number         0  fpinit_empty.o ABSOLUTE
    ../fplib/fretinf.s                       0x00000000   Number         0  fretinf.o ABSOLUTE
    ../fplib/usenofp.s                       0x00000000   Number         0  usenofp.o ABSOLUTE
    AsciiLib.c                               0x00000000   Number         0  asciilib.o ABSOLUTE
    GLCD.c                                   0x00000000   Number         0  glcd.o ABSOLUTE
    HzLib.c                                  0x00000000   Number         0  hzlib.o ABSOLUTE
    IRQ_RIT.c                                0x00000000   Number         0  irq_rit.o ABSOLUTE
    IRQ_button.c                             0x00000000   Number         0  irq_button.o ABSOLUTE
    IRQ_timer.c                              0x00000000   Number         0  irq_timer.o ABSOLUTE
    Source\startup_LPC17xx.s                 0x00000000   Number         0  startup_lpc17xx.o ABSOLUTE
    TouchPanel.c                             0x00000000   Number         0  touchpanel.o ABSOLUTE
    dc.s                                     0x00000000   Number         0  dc.o ABSOLUTE
    funct_joystick.c                         0x00000000   Number         0  funct_joystick.o ABSOLUTE
    imports.c                                0x00000000   Number         0  imports.o ABSOLUTE
    lib_RIT.c                                0x00000000   Number         0  lib_rit.o ABSOLUTE
    lib_button.c                             0x00000000   Number         0  lib_button.o ABSOLUTE
    lib_joystick.c                           0x00000000   Number         0  lib_joystick.o ABSOLUTE
    lib_timer.c                              0x00000000   Number         0  lib_timer.o ABSOLUTE
    sample.c                                 0x00000000   Number         0  sample.o ABSOLUTE
    system_LPC17xx.c                         0x00000000   Number         0  system_lpc17xx.o ABSOLUTE
    RESET                                    0x00000000   Section      204  startup_lpc17xx.o(RESET)
    !!!main                                  0x000000cc   Section        8  __main.o(!!!main)
    !!!scatter                               0x000000d4   Section       92  __scatter.o(!!!scatter)
    !!dclz77c                                0x00000130   Section      100  __dclz77c.o(!!dclz77c)
    !!handler_copy                           0x00000194   Section       26  __scatter_copy.o(!!handler_copy)
    !!handler_null                           0x000001b0   Section        2  __scatter.o(!!handler_null)
    !!handler_zi                             0x000001b4   Section       28  __scatter_zi.o(!!handler_zi)
    .ARM.Collect$$_printf_percent$$00000000  0x000001d0   Section        0  _printf_percent.o(.ARM.Collect$$_printf_percent$$00000000)
    .ARM.Collect$$_printf_percent$$00000009  0x000001d0   Section        6  _printf_d.o(.ARM.Collect$$_printf_percent$$00000009)
    .ARM.Collect$$_printf_percent$$00000017  0x000001d6   Section        4  _printf_percent_end.o(.ARM.Collect$$_printf_percent$$00000017)
    .ARM.Collect$$libinit$$00000000          0x000001da   Section        2  libinit.o(.ARM.Collect$$libinit$$00000000)
    .ARM.Collect$$libinit$$00000002          0x000001dc   Section        0  libinit2.o(.ARM.Collect$$libinit$$00000002)
    .ARM.Collect$$libinit$$00000004          0x000001dc   Section        0  libinit2.o(.ARM.Collect$$libinit$$00000004)
    .ARM.Collect$$libinit$$00000006          0x000001dc   Section        0  libinit2.o(.ARM.Collect$$libinit$$00000006)
    .ARM.Collect$$libinit$$0000000C          0x000001dc   Section        0  libinit2.o(.ARM.Collect$$libinit$$0000000C)
    .ARM.Collect$$libinit$$0000000E          0x000001dc   Section        0  libinit2.o(.ARM.Collect$$libinit$$0000000E)
    .ARM.Collect$$libinit$$0000000F          0x000001dc   Section        4  libinit2.o(.ARM.Collect$$libinit$$0000000F)
    .ARM.Collect$$libinit$$00000010          0x000001e0   Section        0  libinit2.o(.ARM.Collect$$libinit$$00000010)
    .ARM.Collect$$libinit$$00000013          0x000001e0   Section        0  libinit2.o(.ARM.Collect$$libinit$$00000013)
    .ARM.Collect$$libinit$$00000015          0x000001e0   Section        0  libinit2.o(.ARM.Collect$$libinit$$00000015)
    .ARM.Collect$$libinit$$00000017          0x000001e0   Section        0  libinit2.o(.ARM.Collect$$libinit$$00000017)
    .ARM.Collect$$libinit$$00000019          0x000001e0   Section        0  libinit2.o(.ARM.Collect$$libinit$$00000019)
    .ARM.Collect$$libinit$$0000001B          0x000001e0   Section        0  libinit2.o(.ARM.Collect$$libinit$$0000001B)
    .ARM.Collect$$libinit$$0000001D          0x000001e0   Section        0  libinit2.o(.ARM.Collect$$libinit$$0000001D)
    .ARM.Collect$$libinit$$0000001F          0x000001e0   Section        0  libinit2.o(.ARM.Collect$$libinit$$0000001F)
    .ARM.Collect$$libinit$$00000021          0x000001e0   Section        0  libinit2.o(.ARM.Collect$$libinit$$00000021)
    .ARM.Collect$$libinit$$00000023          0x000001e0   Section        0  libinit2.o(.ARM.Collect$$libinit$$00000023)
    .ARM.Collect$$libinit$$00000025          0x000001e0   Section        0  libinit2.o(.ARM.Collect$$libinit$$00000025)
    .ARM.Collect$$libinit$$00000027          0x000001e0   Section        0  libinit2.o(.ARM.Collect$$libinit$$00000027)
    .ARM.Collect$$libinit$$0000002E          0x000001e0   Section        0  libinit2.o(.ARM.Collect$$libinit$$0000002E)
    .ARM.Collect$$libinit$$00000030          0x000001e0   Section        0  libinit2.o(.ARM.Collect$$libinit$$00000030)
    .ARM.Collect$$libinit$$00000032          0x000001e0   Section        0  libinit2.o(.ARM.Collect$$libinit$$00000032)
    .ARM.Collect$$libinit$$00000034          0x000001e0   Section        0  libinit2.o(.ARM.Collect$$libinit$$00000034)
    .ARM.Collect$$libinit$$00000035          0x000001e0   Section        2  libinit2.o(.ARM.Collect$$libinit$$00000035)
    .ARM.Collect$$libshutdown$$00000000      0x000001e2   Section        2  libshutdown.o(.ARM.Collect$$libshutdown$$00000000)
    .ARM.Collect$$libshutdown$$00000002      0x000001e4   Section        0  libshutdown2.o(.ARM.Collect$$libshutdown$$00000002)
    .ARM.Collect$$libshutdown$$00000004      0x000001e4   Section        0  libshutdown2.o(.ARM.Collect$$libshutdown$$00000004)
    .ARM.Collect$$libshutdown$$00000007      0x000001e4   Section        0  libshutdown2.o(.ARM.Collect$$libshutdown$$00000007)
    .ARM.Collect$$libshutdown$$0000000A      0x000001e4   Section        0  libshutdown2.o(.ARM.Collect$$libshutdown$$0000000A)
    .ARM.Collect$$libshutdown$$0000000C      0x000001e4   Section        0  libshutdown2.o(.ARM.Collect$$libshutdown$$0000000C)
    .ARM.Collect$$libshutdown$$0000000F      0x000001e4   Section        0  libshutdown2.o(.ARM.Collect$$libshutdown$$0000000F)
    .ARM.Collect$$libshutdown$$00000010      0x000001e4   Section        2  libshutdown2.o(.ARM.Collect$$libshutdown$$00000010)
    .ARM.Collect$$rtentry$$00000000          0x000001e6   Section        0  __rtentry.o(.ARM.Collect$$rtentry$$00000000)
    .ARM.Collect$$rtentry$$00000002          0x000001e6   Section        0  __rtentry2.o(.ARM.Collect$$rtentry$$00000002)
    .ARM.Collect$$rtentry$$00000004          0x000001e6   Section        6  __rtentry4.o(.ARM.Collect$$rtentry$$00000004)
    .ARM.Collect$$rtentry$$00000009          0x000001ec   Section        0  __rtentry2.o(.ARM.Collect$$rtentry$$00000009)
    .ARM.Collect$$rtentry$$0000000A          0x000001ec   Section        4  __rtentry2.o(.ARM.Collect$$rtentry$$0000000A)
    .ARM.Collect$$rtentry$$0000000C          0x000001f0   Section        0  __rtentry2.o(.ARM.Collect$$rtentry$$0000000C)
    .ARM.Collect$$rtentry$$0000000D          0x000001f0   Section        8  __rtentry2.o(.ARM.Collect$$rtentry$$0000000D)
    .ARM.Collect$$rtexit$$00000000           0x000001f8   Section        2  rtexit.o(.ARM.Collect$$rtexit$$00000000)
    .ARM.Collect$$rtexit$$00000002           0x000001fa   Section        0  rtexit2.o(.ARM.Collect$$rtexit$$00000002)
    .ARM.Collect$$rtexit$$00000003           0x000001fa   Section        4  rtexit2.o(.ARM.Collect$$rtexit$$00000003)
    .ARM.Collect$$rtexit$$00000004           0x000001fe   Section        6  rtexit2.o(.ARM.Collect$$rtexit$$00000004)
    .emb_text                                0x00000204   Section       52  rand.o(.emb_text)
    .text                                    0x00000238   Section       52  startup_lpc17xx.o(.text)
    [Anonymous Symbol]                       0x0000026c   Section        0  sample.o(.text)
    [Anonymous Symbol]                       0x000002b0   Section        0  asciilib.o(.text)
    .text                                    0x000002da   Section        0  sys_time.o(.text)
    .text                                    0x000002ec   Section        0  heapauxi.o(.text)
    .text                                    0x000002f2   Section        2  use_no_semi.o(.text)
    .text                                    0x000002f4   Section        0  indicate_semi.o(.text)
    .text                                    0x000002f4   Section        8  libspace.o(.text)
    .ARM.__at_0x02FC                         0x000002fc   Section        4  startup_lpc17xx.o(.ARM.__at_0x02FC)
    [Anonymous Symbol]                       0x00000300   Section        0  system_lpc17xx.o(.text)
    [Anonymous Symbol]                       0x00000450   Section        0  irq_timer.o(.text)
    [Anonymous Symbol]                       0x000005b8   Section        0  lib_timer.o(.text)
    [Anonymous Symbol]                       0x00000664   Section        0  glcd.o(.text)
    [Anonymous Symbol]                       0x00001d8c   Section        0  touchpanel.o(.text)
    ADS7843_SPI_Init                         0x00001df1   Thumb Code   148  touchpanel.o(.text)
    DelayUS                                  0x00001ec5   Thumb Code    58  touchpanel.o(.text)
    WR_CMD                                   0x00001f01   Thumb Code    98  touchpanel.o(.text)
    RD_AD                                    0x00001f65   Thumb Code    86  touchpanel.o(.text)
    [Anonymous Symbol]                       0x00002ab4   Section        0  imports.o(.text)
    [Anonymous Symbol]                       0x000034f0   Section        0  irq_button.o(.text)
    [Anonymous Symbol]                       0x0000357c   Section        0  lib_button.o(.text)
    [Anonymous Symbol]                       0x000035f8   Section        0  irq_rit.o(.text)
    [Anonymous Symbol]                       0x000036c0   Section        0  lib_rit.o(.text)
    .text                                    0x00003734   Section        0  noretval__2sprintf.o(.text)
    .text                                    0x0000375c   Section        0  __printf.o(.text)
    .text                                    0x000037c4   Section        0  _printf_dec.o(.text)
    .text                                    0x0000383c   Section        0  rand.o(.text)
    .text                                    0x00003878   Section       78  rt_memclr_w.o(.text)
    .text                                    0x000038c6   Section        0  _printf_intcommon.o(.text)
    _printf_input_char                       0x00003979   Thumb Code    10  _printf_char_common.o(.text)
    .text                                    0x00003978   Section        0  _printf_char_common.o(.text)
    .text                                    0x000039a8   Section        0  _sputc.o(.text)
    .text                                    0x000039b2   Section       74  sys_stackheap_outer.o(.text)
    .text                                    0x000039fc   Section        0  exit.o(.text)
    .text                                    0x00003a10   Section        0  sys_exit.o(.text)
    x$fpl$dadd                               0x00003a1c   Section      336  daddsub_clz.o(x$fpl$dadd)
    _dadd1                                   0x00003a2d   Thumb Code     0  daddsub_clz.o(x$fpl$dadd)
    x$fpl$dcmpinf                            0x00003b6c   Section       24  dcmpi.o(x$fpl$dcmpinf)
    x$fpl$ddiv                               0x00003b84   Section      696  ddiv.o(x$fpl$ddiv)
    ddiv_entry                               0x00003b8b   Thumb Code     0  ddiv.o(x$fpl$ddiv)
    x$fpl$deqf                               0x00003e3c   Section      120  deqf.o(x$fpl$deqf)
    x$fpl$dfix                               0x00003eb4   Section       94  dfix.o(x$fpl$dfix)
    x$fpl$dflt                               0x00003f12   Section       46  dflt_clz.o(x$fpl$dflt)
    x$fpl$dgeqf                              0x00003f40   Section      120  dgeqf.o(x$fpl$dgeqf)
    x$fpl$dleqf                              0x00003fb8   Section      120  dleqf.o(x$fpl$dleqf)
    x$fpl$dmul                               0x00004030   Section      340  dmul.o(x$fpl$dmul)
    x$fpl$dnaninf                            0x00004184   Section      156  dnaninf.o(x$fpl$dnaninf)
    x$fpl$dretinf                            0x00004220   Section       12  dretinf.o(x$fpl$dretinf)
    x$fpl$dsub                               0x0000422c   Section      476  daddsub_clz.o(x$fpl$dsub)
    _dsub1                                   0x0000423d   Thumb Code     0  daddsub_clz.o(x$fpl$dsub)
    x$fpl$fadd                               0x00004408   Section      196  faddsub_clz.o(x$fpl$fadd)
    _fadd1                                   0x00004417   Thumb Code     0  faddsub_clz.o(x$fpl$fadd)
    x$fpl$fcmp                               0x000044cc   Section       84  dcmp.o(x$fpl$fcmp)
    x$fpl$fcmp                               0x00004520   Section       84  fcmp.o(x$fpl$fcmp)
    x$fpl$fcmpinf                            0x00004574   Section       24  fcmpi.o(x$fpl$fcmpinf)
    x$fpl$feqf                               0x0000458c   Section      104  feqf.o(x$fpl$feqf)
    x$fpl$fflt                               0x000045f4   Section       48  fflt_clz.o(x$fpl$fflt)
    x$fpl$fgeqf                              0x00004624   Section      104  fgeqf.o(x$fpl$fgeqf)
    x$fpl$fleqf                              0x0000468c   Section      104  fleqf.o(x$fpl$fleqf)
    x$fpl$fmul                               0x000046f4   Section      258  fmul.o(x$fpl$fmul)
    x$fpl$fnaninf                            0x000047f6   Section      140  fnaninf.o(x$fpl$fnaninf)
    x$fpl$fretinf                            0x00004882   Section       10  fretinf.o(x$fpl$fretinf)
    x$fpl$fsub                               0x0000488c   Section      234  faddsub_clz.o(x$fpl$fsub)
    _fsub1                                   0x0000489b   Thumb Code     0  faddsub_clz.o(x$fpl$fsub)
    AsciiLib                                 0x00004976   Data        1520  asciilib.o(.rodata.AsciiLib)
    [Anonymous Symbol]                       0x00004976   Section        0  asciilib.o(.rodata.AsciiLib)
    x$fpl$usenofp                            0x00004976   Section        0  usenofp.o(x$fpl$usenofp)
    .L.str                                   0x00004f66   Data          29  touchpanel.o(.rodata.str1.1)
    [Anonymous Symbol]                       0x00004f66   Section        0  touchpanel.o(.rodata.str1.1)
    .L.str.6                                 0x00004f83   Data           9  imports.o(.rodata.str1.1)
    [Anonymous Symbol]                       0x00004f83   Section        0  imports.o(.rodata.str1.1)
    .L.str.4                                 0x00004f8c   Data           6  imports.o(.rodata.str1.1)
    .L.str.1                                 0x00004f92   Data           3  imports.o(.rodata.str1.1)
    Move_Pacman.checkpoint                   0x10000000   Data           4  imports.o(.data.Move_Pacman.checkpoint)
    [Anonymous Symbol]                       0x10000000   Section        0  imports.o(.data.Move_Pacman.checkpoint)
    RIT_IRQHandler.down0                     0x10000008   Data           4  irq_rit.o(.bss.RIT_IRQHandler.down0)
    [Anonymous Symbol]                       0x10000008   Section        0  irq_rit.o(.bss.RIT_IRQHandler.down0)
    RIT_IRQHandler.position                  0x1000000c   Data           1  irq_rit.o(.bss.RIT_IRQHandler.position)
    [Anonymous Symbol]                       0x1000000c   Section        0  irq_rit.o(.bss.RIT_IRQHandler.position)
    Read_Ads7846.screen                      0x1000000e   Data           4  touchpanel.o(.bss.Read_Ads7846.screen)
    [Anonymous Symbol]                       0x1000000e   Section        0  touchpanel.o(.bss.Read_Ads7846.screen)
    TIMER0_IRQHandler.left                   0x10000014   Data           4  irq_timer.o(.bss.TIMER0_IRQHandler.left)
    [Anonymous Symbol]                       0x10000014   Section        0  irq_timer.o(.bss.TIMER0_IRQHandler.left)
    TIMER0_IRQHandler.up                     0x10000018   Data           4  irq_timer.o(.bss.TIMER0_IRQHandler.up)
    [Anonymous Symbol]                       0x10000018   Section        0  irq_timer.o(.bss.TIMER0_IRQHandler.up)
    Stack_Mem                                0x100000f0   Data        1024  startup_lpc17xx.o(STACK)
    STACK                                    0x100000f0   Section     1024  startup_lpc17xx.o(STACK)
    __initial_sp                             0x100004f0   Data           0  startup_lpc17xx.o(STACK)
    .bss                                     0x2007c378   Section      228  rand.o(.bss)
    .bss                                     0x2007c45c   Section       96  libspace.o(.bss)
    PauseHandler.pause                       0x2007c4bc   Data           1  imports.o(.bss.PauseHandler.pause)
    [Anonymous Symbol]                       0x2007c4bc   Section        0  imports.o(.bss.PauseHandler.pause)
    RIT_IRQHandler.down                      0x2007c4c0   Data           4  irq_rit.o(.bss.RIT_IRQHandler.down)
    [Anonymous Symbol]                       0x2007c4c0   Section        0  irq_rit.o(.bss.RIT_IRQHandler.down)
    TIMER0_IRQHandler.down                   0x2007c4d4   Data           4  irq_timer.o(.bss.TIMER0_IRQHandler.down)
    [Anonymous Symbol]                       0x2007c4d4   Section        0  irq_timer.o(.bss.TIMER0_IRQHandler.down)
    TIMER0_IRQHandler.right                  0x2007c4d8   Data           4  irq_timer.o(.bss.TIMER0_IRQHandler.right)
    [Anonymous Symbol]                       0x2007c4d8   Section        0  irq_timer.o(.bss.TIMER0_IRQHandler.right)
    Heap_Mem                                 0x2007c4f0   Data           0  startup_lpc17xx.o(HEAP)
    HEAP                                     0x2007c4f0   Section        0  startup_lpc17xx.o(HEAP)

    Global Symbols

    Symbol Name                              Value     Ov Type        Size  Object(Section)

    BuildAttributes$$THM_ISAv4$P$D$K$B$S$PE$A:L22UL41UL21$X:L11$S22US41US21$IEEE1$IW$~IW$USESV6$~STKCKD$USESV7$~SHL$OTIME$ROPI$EBA8$UX$STANDARDLIB$REQ8$PRES8$EABIv2 0x00000000   Number         0  anon$$obj.o ABSOLUTE
    __Vectors                                0x00000000   Data           4  startup_lpc17xx.o(RESET)
    __fp_init_empty                          0x00000000   Number         0  fpinit_empty.o ABSOLUTE
    __ARM_exceptions_init                     - Undefined Weak Reference
    __alloca_initialize                       - Undefined Weak Reference
    __arm_preinit_                            - Undefined Weak Reference
    __arm_relocate_pie_                       - Undefined Weak Reference
    __cpp_initialize__aeabi_                  - Undefined Weak Reference
    __cxa_finalize                            - Undefined Weak Reference
    __rt_locale                               - Undefined Weak Reference
    __sigvec_lookup                           - Undefined Weak Reference
    _atexit_init                              - Undefined Weak Reference
    _call_atexit_fns                          - Undefined Weak Reference
    _clock_init                               - Undefined Weak Reference
    _fp_trap_init                             - Undefined Weak Reference
    _fp_trap_shutdown                         - Undefined Weak Reference
    _get_lc_collate                           - Undefined Weak Reference
    _get_lc_ctype                             - Undefined Weak Reference
    _get_lc_monetary                          - Undefined Weak Reference
    _get_lc_numeric                           - Undefined Weak Reference
    _get_lc_time                              - Undefined Weak Reference
    _getenv_init                              - Undefined Weak Reference
    _handle_redirection                       - Undefined Weak Reference
    _init_alloc                               - Undefined Weak Reference
    _init_user_alloc                          - Undefined Weak Reference
    _initio                                   - Undefined Weak Reference
    _printf_post_padding                      - Undefined Weak Reference
    _printf_pre_padding                       - Undefined Weak Reference
    _printf_truncate_signed                   - Undefined Weak Reference
    _printf_truncate_unsigned                 - Undefined Weak Reference
    _signal_finish                            - Undefined Weak Reference
    _signal_init                              - Undefined Weak Reference
    _terminate_alloc                          - Undefined Weak Reference
    _terminate_user_alloc                     - Undefined Weak Reference
    _terminateio                              - Undefined Weak Reference
    __main                                   0x000000cd   Thumb Code     8  __main.o(!!!main)
    __scatterload                            0x000000d5   Thumb Code     0  __scatter.o(!!!scatter)
    __scatterload_rt2                        0x000000d5   Thumb Code    84  __scatter.o(!!!scatter)
    __scatterload_rt2_thumb_only             0x000000d5   Thumb Code     0  __scatter.o(!!!scatter)
    __scatterload_loop                       0x000000df   Thumb Code     0  __scatter.o(!!!scatter)
    __decompress                             0x00000131   Thumb Code   100  __dclz77c.o(!!dclz77c)
    __decompress2                            0x00000131   Thumb Code     0  __dclz77c.o(!!dclz77c)
    __scatterload_copy                       0x00000195   Thumb Code    26  __scatter_copy.o(!!handler_copy)
    __scatterload_null                       0x000001b1   Thumb Code     2  __scatter.o(!!handler_null)
    __scatterload_zeroinit                   0x000001b5   Thumb Code    28  __scatter_zi.o(!!handler_zi)
    _printf_d                                0x000001d1   Thumb Code     0  _printf_d.o(.ARM.Collect$$_printf_percent$$00000009)
    _printf_percent                          0x000001d1   Thumb Code     0  _printf_percent.o(.ARM.Collect$$_printf_percent$$00000000)
    _printf_percent_end                      0x000001d7   Thumb Code     0  _printf_percent_end.o(.ARM.Collect$$_printf_percent$$00000017)
    __rt_lib_init                            0x000001db   Thumb Code     0  libinit.o(.ARM.Collect$$libinit$$00000000)
    __rt_lib_init_fp_1                       0x000001dd   Thumb Code     0  libinit2.o(.ARM.Collect$$libinit$$00000002)
    __rt_lib_init_heap_1                     0x000001dd   Thumb Code     0  libinit2.o(.ARM.Collect$$libinit$$0000000C)
    __rt_lib_init_preinit_1                  0x000001dd   Thumb Code     0  libinit2.o(.ARM.Collect$$libinit$$00000006)
    __rt_lib_init_rand_2                     0x000001dd   Thumb Code     0  libinit2.o(.ARM.Collect$$libinit$$0000000F)
    __rt_lib_init_relocate_pie_1             0x000001dd   Thumb Code     0  libinit2.o(.ARM.Collect$$libinit$$00000004)
    __rt_lib_init_user_alloc_1               0x000001dd   Thumb Code     0  libinit2.o(.ARM.Collect$$libinit$$0000000E)
    __rt_lib_init_alloca_1                   0x000001e1   Thumb Code     0  libinit2.o(.ARM.Collect$$libinit$$00000030)
    __rt_lib_init_argv_1                     0x000001e1   Thumb Code     0  libinit2.o(.ARM.Collect$$libinit$$0000002E)
    __rt_lib_init_atexit_1                   0x000001e1   Thumb Code     0  libinit2.o(.ARM.Collect$$libinit$$0000001D)
    __rt_lib_init_clock_1                    0x000001e1   Thumb Code     0  libinit2.o(.ARM.Collect$$libinit$$00000023)
    __rt_lib_init_cpp_1                      0x000001e1   Thumb Code     0  libinit2.o(.ARM.Collect$$libinit$$00000034)
    __rt_lib_init_exceptions_1               0x000001e1   Thumb Code     0  libinit2.o(.ARM.Collect$$libinit$$00000032)
    __rt_lib_init_fp_trap_1                  0x000001e1   Thumb Code     0  libinit2.o(.ARM.Collect$$libinit$$00000021)
    __rt_lib_init_getenv_1                   0x000001e1   Thumb Code     0  libinit2.o(.ARM.Collect$$libinit$$00000025)
    __rt_lib_init_lc_collate_1               0x000001e1   Thumb Code     0  libinit2.o(.ARM.Collect$$libinit$$00000013)
    __rt_lib_init_lc_ctype_1                 0x000001e1   Thumb Code     0  libinit2.o(.ARM.Collect$$libinit$$00000015)
    __rt_lib_init_lc_monetary_1              0x000001e1   Thumb Code     0  libinit2.o(.ARM.Collect$$libinit$$00000017)
    __rt_lib_init_lc_numeric_1               0x000001e1   Thumb Code     0  libinit2.o(.ARM.Collect$$libinit$$00000019)
    __rt_lib_init_lc_time_1                  0x000001e1   Thumb Code     0  libinit2.o(.ARM.Collect$$libinit$$0000001B)
    __rt_lib_init_rand_1                     0x000001e1   Thumb Code     0  libinit2.o(.ARM.Collect$$libinit$$00000010)
    __rt_lib_init_return                     0x000001e1   Thumb Code     0  libinit2.o(.ARM.Collect$$libinit$$00000035)
    __rt_lib_init_signal_1                   0x000001e1   Thumb Code     0  libinit2.o(.ARM.Collect$$libinit$$0000001F)
    __rt_lib_init_stdio_1                    0x000001e1   Thumb Code     0  libinit2.o(.ARM.Collect$$libinit$$00000027)
    __rt_lib_shutdown                        0x000001e3   Thumb Code     0  libshutdown.o(.ARM.Collect$$libshutdown$$00000000)
    __rt_lib_shutdown_cpp_1                  0x000001e5   Thumb Code     0  libshutdown2.o(.ARM.Collect$$libshutdown$$00000002)
    __rt_lib_shutdown_fp_trap_1              0x000001e5   Thumb Code     0  libshutdown2.o(.ARM.Collect$$libshutdown$$00000007)
    __rt_lib_shutdown_heap_1                 0x000001e5   Thumb Code     0  libshutdown2.o(.ARM.Collect$$libshutdown$$0000000F)
    __rt_lib_shutdown_return                 0x000001e5   Thumb Code     0  libshutdown2.o(.ARM.Collect$$libshutdown$$00000010)
    __rt_lib_shutdown_signal_1               0x000001e5   Thumb Code     0  libshutdown2.o(.ARM.Collect$$libshutdown$$0000000A)
    __rt_lib_shutdown_stdio_1                0x000001e5   Thumb Code     0  libshutdown2.o(.ARM.Collect$$libshutdown$$00000004)
    __rt_lib_shutdown_user_alloc_1           0x000001e5   Thumb Code     0  libshutdown2.o(.ARM.Collect$$libshutdown$$0000000C)
    __rt_entry                               0x000001e7   Thumb Code     0  __rtentry.o(.ARM.Collect$$rtentry$$00000000)
    __rt_entry_presh_1                       0x000001e7   Thumb Code     0  __rtentry2.o(.ARM.Collect$$rtentry$$00000002)
    __rt_entry_sh                            0x000001e7   Thumb Code     0  __rtentry4.o(.ARM.Collect$$rtentry$$00000004)
    __rt_entry_li                            0x000001ed   Thumb Code     0  __rtentry2.o(.ARM.Collect$$rtentry$$0000000A)
    __rt_entry_postsh_1                      0x000001ed   Thumb Code     0  __rtentry2.o(.ARM.Collect$$rtentry$$00000009)
    __rt_entry_main                          0x000001f1   Thumb Code     0  __rtentry2.o(.ARM.Collect$$rtentry$$0000000D)
    __rt_entry_postli_1                      0x000001f1   Thumb Code     0  __rtentry2.o(.ARM.Collect$$rtentry$$0000000C)
    __rt_exit                                0x000001f9   Thumb Code     0  rtexit.o(.ARM.Collect$$rtexit$$00000000)
    __rt_exit_ls                             0x000001fb   Thumb Code     0  rtexit2.o(.ARM.Collect$$rtexit$$00000003)
    __rt_exit_prels_1                        0x000001fb   Thumb Code     0  rtexit2.o(.ARM.Collect$$rtexit$$00000002)
    __rt_exit_exit                           0x000001ff   Thumb Code     0  rtexit2.o(.ARM.Collect$$rtexit$$00000004)
    rand                                     0x00000205   Thumb Code    48  rand.o(.emb_text)
    Reset_Handler                            0x00000239   Thumb Code     4  startup_lpc17xx.o(.text)
    NMI_Handler                              0x0000023d   Thumb Code     2  startup_lpc17xx.o(.text)
    HardFault_Handler                        0x0000023f   Thumb Code     2  startup_lpc17xx.o(.text)
    MemManage_Handler                        0x00000241   Thumb Code     2  startup_lpc17xx.o(.text)
    BusFault_Handler                         0x00000243   Thumb Code     2  startup_lpc17xx.o(.text)
    UsageFault_Handler                       0x00000245   Thumb Code     2  startup_lpc17xx.o(.text)
    SVC_Handler                              0x00000247   Thumb Code     2  startup_lpc17xx.o(.text)
    DebugMon_Handler                         0x00000249   Thumb Code     2  startup_lpc17xx.o(.text)
    PendSV_Handler                           0x0000024b   Thumb Code     2  startup_lpc17xx.o(.text)
    SysTick_Handler                          0x0000024d   Thumb Code     2  startup_lpc17xx.o(.text)
    ADC_IRQHandler                           0x0000024f   Thumb Code     0  startup_lpc17xx.o(.text)
    BOD_IRQHandler                           0x0000024f   Thumb Code     0  startup_lpc17xx.o(.text)
    CANActivity_IRQHandler                   0x0000024f   Thumb Code     0  startup_lpc17xx.o(.text)
    CAN_IRQHandler                           0x0000024f   Thumb Code     0  startup_lpc17xx.o(.text)
    DMA_IRQHandler                           0x0000024f   Thumb Code     0  startup_lpc17xx.o(.text)
    EINT3_IRQHandler                         0x0000024f   Thumb Code     0  startup_lpc17xx.o(.text)
    ENET_IRQHandler                          0x0000024f   Thumb Code     0  startup_lpc17xx.o(.text)
    I2C0_IRQHandler                          0x0000024f   Thumb Code     0  startup_lpc17xx.o(.text)
    I2C1_IRQHandler                          0x0000024f   Thumb Code     0  startup_lpc17xx.o(.text)
    I2C2_IRQHandler                          0x0000024f   Thumb Code     0  startup_lpc17xx.o(.text)
    I2S_IRQHandler                           0x0000024f   Thumb Code     0  startup_lpc17xx.o(.text)
    MCPWM_IRQHandler                         0x0000024f   Thumb Code     0  startup_lpc17xx.o(.text)
    PLL0_IRQHandler                          0x0000024f   Thumb Code     0  startup_lpc17xx.o(.text)
    PLL1_IRQHandler                          0x0000024f   Thumb Code     0  startup_lpc17xx.o(.text)
    PWM1_IRQHandler                          0x0000024f   Thumb Code     0  startup_lpc17xx.o(.text)
    QEI_IRQHandler                           0x0000024f   Thumb Code     0  startup_lpc17xx.o(.text)
    RTC_IRQHandler                           0x0000024f   Thumb Code     0  startup_lpc17xx.o(.text)
    SPI_IRQHandler                           0x0000024f   Thumb Code     0  startup_lpc17xx.o(.text)
    SSP0_IRQHandler                          0x0000024f   Thumb Code     0  startup_lpc17xx.o(.text)
    SSP1_IRQHandler                          0x0000024f   Thumb Code     0  startup_lpc17xx.o(.text)
    TIMER2_IRQHandler                        0x0000024f   Thumb Code     0  startup_lpc17xx.o(.text)
    TIMER3_IRQHandler                        0x0000024f   Thumb Code     0  startup_lpc17xx.o(.text)
    UART0_IRQHandler                         0x0000024f   Thumb Code     0  startup_lpc17xx.o(.text)
    UART1_IRQHandler                         0x0000024f   Thumb Code     0  startup_lpc17xx.o(.text)
    UART2_IRQHandler                         0x0000024f   Thumb Code     0  startup_lpc17xx.o(.text)
    UART3_IRQHandler                         0x0000024f   Thumb Code     0  startup_lpc17xx.o(.text)
    USBActivity_IRQHandler                   0x0000024f   Thumb Code     0  startup_lpc17xx.o(.text)
    USB_IRQHandler                           0x0000024f   Thumb Code     0  startup_lpc17xx.o(.text)
    WDT_IRQHandler                           0x0000024f   Thumb Code     0  startup_lpc17xx.o(.text)
    __user_initial_stackheap                 0x00000251   Thumb Code     0  startup_lpc17xx.o(.text)
    main                                     0x0000026d   Thumb Code    68  sample.o(.text)
    GetASCIICode                             0x000002b1   Thumb Code    42  asciilib.o(.text)
    time                                     0x000002db   Thumb Code    18  sys_time.o(.text)
    __use_two_region_memory                  0x000002ed   Thumb Code     2  heapauxi.o(.text)
    __rt_heap_escrow$2region                 0x000002ef   Thumb Code     2  heapauxi.o(.text)
    __rt_heap_expand$2region                 0x000002f1   Thumb Code     2  heapauxi.o(.text)
    __I$use$semihosting                      0x000002f3   Thumb Code     0  use_no_semi.o(.text)
    __use_no_semihosting_swi                 0x000002f3   Thumb Code     2  use_no_semi.o(.text)
    __semihosting_library_function           0x000002f5   Thumb Code     0  indicate_semi.o(.text)
    __user_libspace                          0x000002f5   Thumb Code     8  libspace.o(.text)
    __user_perproc_libspace                  0x000002f5   Thumb Code     0  libspace.o(.text)
    __user_perthread_libspace                0x000002f5   Thumb Code     0  libspace.o(.text)
    SystemInit                               0x00000301   Thumb Code   320  system_lpc17xx.o(.text)
    TIMER0_IRQHandler                        0x00000451   Thumb Code   216  irq_timer.o(.text)
    TIMER1_IRQHandler                        0x00000529   Thumb Code   140  irq_timer.o(.text)
    enable_timer                             0x000005b9   Thumb Code    32  lib_timer.o(.text)
    disable_timer                            0x000005d9   Thumb Code    32  lib_timer.o(.text)
    reset_timer                              0x000005f9   Thumb Code    34  lib_timer.o(.text)
    init_timer                               0x0000061d   Thumb Code    72  lib_timer.o(.text)
    LCD_Initialization                       0x00000665   Thumb Code  4466  glcd.o(.text)
    LCD_Clear                                0x000017d9   Thumb Code   292  glcd.o(.text)
    LCD_GetPoint                             0x000018fd   Thumb Code   356  glcd.o(.text)
    LCD_SetPoint                             0x00001a61   Thumb Code   322  glcd.o(.text)
    LCD_DrawLine                             0x00001ba5   Thumb Code   224  glcd.o(.text)
    PutChar                                  0x00001c85   Thumb Code   102  glcd.o(.text)
    GUI_Text                                 0x00001ced   Thumb Code   158  glcd.o(.text)
    LPC17xx_SPI_SetSpeed                     0x00001d8d   Thumb Code    52  touchpanel.o(.text)
    TP_Init                                  0x00001dc1   Thumb Code    48  touchpanel.o(.text)
    Read_X                                   0x00001e85   Thumb Code    64  touchpanel.o(.text)
    Read_Y                                   0x00001fbd   Thumb Code    64  touchpanel.o(.text)
    TP_GetAdXY                               0x00001ffd   Thumb Code    42  touchpanel.o(.text)
    TP_DrawPoint                             0x00002029   Thumb Code    32  touchpanel.o(.text)
    DrawCross                                0x00002049   Thumb Code   434  touchpanel.o(.text)
    DeleteCross                              0x000021fd   Thumb Code   428  touchpanel.o(.text)
    Read_Ads7846                             0x000023a9   Thumb Code   808  touchpanel.o(.text)
    setCalibrationMatrix                     0x000026d1   Thumb Code   464  touchpanel.o(.text)
    getDisplayPoint                          0x000028a1   Thumb Code   314  touchpanel.o(.text)
    TouchPanel_Calibrate                     0x000029dd   Thumb Code   214  touchpanel.o(.text)
    InitializeGame                           0x00002ab5   Thumb Code   384  imports.o(.text)
    Draw_Map                                 0x00002c35   Thumb Code   356  imports.o(.text)
    Draw_Brick                               0x00002db9   Thumb Code   102  imports.o(.text)
    Draw_Point                               0x00002e21   Thumb Code    16  imports.o(.text)
    Draw_Circle                              0x00002e31   Thumb Code   368  imports.o(.text)
    Draw_Wall                                0x00002fa1   Thumb Code    80  imports.o(.text)
    Move_Pacman                              0x00002ff1   Thumb Code   416  imports.o(.text)
    PauseHandler                             0x00003191   Thumb Code   120  imports.o(.text)
    GameOver                                 0x00003209   Thumb Code    52  imports.o(.text)
    Victory                                  0x00003249   Thumb Code    54  imports.o(.text)
    DrawLife                                 0x00003281   Thumb Code   204  imports.o(.text)
    Generate_Power_Pills_Coord               0x0000334d   Thumb Code   186  imports.o(.text)
    Place_Power_Pills                        0x00003409   Thumb Code   146  imports.o(.text)
    Draw_PowerPills                          0x0000349d   Thumb Code    84  imports.o(.text)
    EINT0_IRQHandler                         0x000034f1   Thumb Code    62  irq_button.o(.text)
    EINT1_IRQHandler                         0x00003531   Thumb Code    56  irq_button.o(.text)
    EINT2_IRQHandler                         0x00003569   Thumb Code    18  irq_button.o(.text)
    BUTTON_init                              0x0000357d   Thumb Code   124  lib_button.o(.text)
    RIT_IRQHandler                           0x000035f9   Thumb Code   200  irq_rit.o(.text)
    enable_RIT                               0x000036c1   Thumb Code    16  lib_rit.o(.text)
    disable_RIT                              0x000036d1   Thumb Code    16  lib_rit.o(.text)
    reset_RIT                                0x000036e1   Thumb Code    12  lib_rit.o(.text)
    init_RIT                                 0x000036ed   Thumb Code    70  lib_rit.o(.text)
    __2sprintf                               0x00003735   Thumb Code    34  noretval__2sprintf.o(.text)
    __printf                                 0x0000375d   Thumb Code   104  __printf.o(.text)
    _printf_int_dec                          0x000037c5   Thumb Code   104  _printf_dec.o(.text)
    srand                                    0x0000383d   Thumb Code    42  rand.o(.text)
    _rand_init                               0x00003867   Thumb Code     4  rand.o(.text)
    __aeabi_memclr4                          0x00003879   Thumb Code     0  rt_memclr_w.o(.text)
    __aeabi_memclr8                          0x00003879   Thumb Code     0  rt_memclr_w.o(.text)
    __rt_memclr_w                            0x00003879   Thumb Code     0  rt_memclr_w.o(.text)
    _memset_w                                0x0000387d   Thumb Code    74  rt_memclr_w.o(.text)
    _printf_int_common                       0x000038c7   Thumb Code   178  _printf_intcommon.o(.text)
    _printf_char_common                      0x00003983   Thumb Code    32  _printf_char_common.o(.text)
    _sputc                                   0x000039a9   Thumb Code    10  _sputc.o(.text)
    __user_setup_stackheap                   0x000039b3   Thumb Code    74  sys_stackheap_outer.o(.text)
    exit                                     0x000039fd   Thumb Code    18  exit.o(.text)
    _sys_exit                                0x00003a11   Thumb Code     8  sys_exit.o(.text)
    __aeabi_dadd                             0x00003a1d   Thumb Code     0  daddsub_clz.o(x$fpl$dadd)
    _dadd                                    0x00003a1d   Thumb Code   332  daddsub_clz.o(x$fpl$dadd)
    __fpl_dcmp_Inf                           0x00003b6d   Thumb Code    24  dcmpi.o(x$fpl$dcmpinf)
    __aeabi_ddiv                             0x00003b85   Thumb Code     0  ddiv.o(x$fpl$ddiv)
    _ddiv                                    0x00003b85   Thumb Code   560  ddiv.o(x$fpl$ddiv)
    __aeabi_cdcmpeq                          0x00003e3d   Thumb Code     0  deqf.o(x$fpl$deqf)
    _dcmpeq                                  0x00003e3d   Thumb Code   120  deqf.o(x$fpl$deqf)
    __aeabi_d2iz                             0x00003eb5   Thumb Code     0  dfix.o(x$fpl$dfix)
    _dfix                                    0x00003eb5   Thumb Code    94  dfix.o(x$fpl$dfix)
    __aeabi_i2d                              0x00003f13   Thumb Code     0  dflt_clz.o(x$fpl$dflt)
    _dflt                                    0x00003f13   Thumb Code    46  dflt_clz.o(x$fpl$dflt)
    __aeabi_cdcmpge                          0x00003f41   Thumb Code     0  dgeqf.o(x$fpl$dgeqf)
    _dcmpge                                  0x00003f41   Thumb Code   120  dgeqf.o(x$fpl$dgeqf)
    __aeabi_cdcmple                          0x00003fb9   Thumb Code     0  dleqf.o(x$fpl$dleqf)
    _dcmple                                  0x00003fb9   Thumb Code   120  dleqf.o(x$fpl$dleqf)
    __fpl_dcmple_InfNaN                      0x0000401b   Thumb Code     0  dleqf.o(x$fpl$dleqf)
    __aeabi_dmul                             0x00004031   Thumb Code     0  dmul.o(x$fpl$dmul)
    _dmul                                    0x00004031   Thumb Code   332  dmul.o(x$fpl$dmul)
    __fpl_dnaninf                            0x00004185   Thumb Code   156  dnaninf.o(x$fpl$dnaninf)
    __fpl_dretinf                            0x00004221   Thumb Code    12  dretinf.o(x$fpl$dretinf)
    __aeabi_dsub                             0x0000422d   Thumb Code     0  daddsub_clz.o(x$fpl$dsub)
    _dsub                                    0x0000422d   Thumb Code   472  daddsub_clz.o(x$fpl$dsub)
    __aeabi_fadd                             0x00004409   Thumb Code     0  faddsub_clz.o(x$fpl$fadd)
    _fadd                                    0x00004409   Thumb Code   196  faddsub_clz.o(x$fpl$fadd)
    __aeabi_dcmpeq                           0x000044cd   Thumb Code     0  dcmp.o(x$fpl$fcmp)
    _deq                                     0x000044cd   Thumb Code    14  dcmp.o(x$fpl$fcmp)
    _dneq                                    0x000044db   Thumb Code    14  dcmp.o(x$fpl$fcmp)
    __aeabi_dcmpgt                           0x000044e9   Thumb Code     0  dcmp.o(x$fpl$fcmp)
    _dgr                                     0x000044e9   Thumb Code    14  dcmp.o(x$fpl$fcmp)
    __aeabi_dcmpge                           0x000044f7   Thumb Code     0  dcmp.o(x$fpl$fcmp)
    _dgeq                                    0x000044f7   Thumb Code    14  dcmp.o(x$fpl$fcmp)
    __aeabi_dcmple                           0x00004505   Thumb Code     0  dcmp.o(x$fpl$fcmp)
    _dleq                                    0x00004505   Thumb Code    14  dcmp.o(x$fpl$fcmp)
    __aeabi_dcmplt                           0x00004513   Thumb Code     0  dcmp.o(x$fpl$fcmp)
    _dls                                     0x00004513   Thumb Code    14  dcmp.o(x$fpl$fcmp)
    __aeabi_fcmpeq                           0x00004521   Thumb Code     0  fcmp.o(x$fpl$fcmp)
    _feq                                     0x00004521   Thumb Code    14  fcmp.o(x$fpl$fcmp)
    _fneq                                    0x0000452f   Thumb Code    14  fcmp.o(x$fpl$fcmp)
    __aeabi_fcmpgt                           0x0000453d   Thumb Code     0  fcmp.o(x$fpl$fcmp)
    _fgr                                     0x0000453d   Thumb Code    14  fcmp.o(x$fpl$fcmp)
    __aeabi_fcmpge                           0x0000454b   Thumb Code     0  fcmp.o(x$fpl$fcmp)
    _fgeq                                    0x0000454b   Thumb Code    14  fcmp.o(x$fpl$fcmp)
    __aeabi_fcmple                           0x00004559   Thumb Code     0  fcmp.o(x$fpl$fcmp)
    _fleq                                    0x00004559   Thumb Code    14  fcmp.o(x$fpl$fcmp)
    __aeabi_fcmplt                           0x00004567   Thumb Code     0  fcmp.o(x$fpl$fcmp)
    _fls                                     0x00004567   Thumb Code    14  fcmp.o(x$fpl$fcmp)
    __fpl_fcmp_Inf                           0x00004575   Thumb Code    24  fcmpi.o(x$fpl$fcmpinf)
    __aeabi_cfcmpeq                          0x0000458d   Thumb Code     0  feqf.o(x$fpl$feqf)
    _fcmpeq                                  0x0000458d   Thumb Code   104  feqf.o(x$fpl$feqf)
    __aeabi_i2f                              0x000045f5   Thumb Code     0  fflt_clz.o(x$fpl$fflt)
    _fflt                                    0x000045f5   Thumb Code    48  fflt_clz.o(x$fpl$fflt)
    _fcmpge                                  0x00004625   Thumb Code   104  fgeqf.o(x$fpl$fgeqf)
    __aeabi_cfcmple                          0x0000468d   Thumb Code     0  fleqf.o(x$fpl$fleqf)
    _fcmple                                  0x0000468d   Thumb Code   104  fleqf.o(x$fpl$fleqf)
    __fpl_fcmple_InfNaN                      0x000046df   Thumb Code     0  fleqf.o(x$fpl$fleqf)
    __aeabi_fmul                             0x000046f5   Thumb Code     0  fmul.o(x$fpl$fmul)
    _fmul                                    0x000046f5   Thumb Code   258  fmul.o(x$fpl$fmul)
    __fpl_fnaninf                            0x000047f7   Thumb Code   140  fnaninf.o(x$fpl$fnaninf)
    __fpl_fretinf                            0x00004883   Thumb Code    10  fretinf.o(x$fpl$fretinf)
    __aeabi_fsub                             0x0000488d   Thumb Code     0  faddsub_clz.o(x$fpl$fsub)
    _fsub                                    0x0000488d   Thumb Code   234  faddsub_clz.o(x$fpl$fsub)
    __I$use$fp                               0x00004976   Number         0  usenofp.o(x$fpl$usenofp)
    Region$$Table$$Base                      0x00004f98   Number         0  anon$$obj.o(Region$$Table)
    Region$$Table$$Limit                     0x00004fd8   Number         0  anon$$obj.o(Region$$Table)
    buffer                                   0x1000001c   Data         100  imports.o(.bss.buffer)
    life                                     0x10000080   Data           1  imports.o(.bss.life)
    matrix                                   0x10000088   Data          56  touchpanel.o(.bss.matrix)
    power_pills_coord                        0x100000c0   Data          48  imports.o(.bss.power_pills_coord)
    DisplaySample                            0x2007c000   Data          12  touchpanel.o(.data.DisplaySample)
    SystemFrequency                          0x2007c00c   Data           4  system_lpc17xx.o(.data.SystemFrequency)
    board                                    0x2007c010   Data         868  imports.o(.data.board)
    _random_number_data                      0x2007c378   Data         228  rand.o(.bss)
    __libspace_start                         0x2007c45c   Data          96  libspace.o(.bss)
    __temporary_stack_top$libspace           0x2007c4bc   Data           0  libspace.o(.bss)
    ScaleFlag                                0x2007c4c4   Data           1  system_lpc17xx.o(.bss.ScaleFlag)
    ScreenSample                             0x2007c4c6   Data          12  touchpanel.o(.bss.ScreenSample)
    direction                                0x2007c4dc   Data           1  imports.o(.bss.direction)
    elapsed_time                             0x2007c4dd   Data           1  imports.o(.bss.elapsed_time)
    pacman                                   0x2007c4e0   Data           8  imports.o(.bss.pacman)
    punteggio                                0x2007c4e8   Data           4  imports.o(.bss.punteggio)
    wait                                     0x2007c4ec   Data           1  imports.o(.bss.wait)



==============================================================================

Memory Map of the image

  Image Entry point : 0x000000cd

  Load Region LR_IROM1 (Base: 0x00000000, Size: 0x00005358, Max: 0x00080000, ABSOLUTE, COMPRESSED[0x00005070])

    Execution Region ER_IROM1 (Exec base: 0x00000000, Load base: 0x00000000, Size: 0x00004fd8, Max: 0x00080000, ABSOLUTE)

    Exec Addr    Load Addr    Size         Type   Attr      Idx    E Section Name        Object

    0x00000000   0x00000000   0x000000cc   Data   RO            3    RESET               startup_lpc17xx.o
    0x000000cc   0x000000cc   0x00000008   Code   RO          204  * !!!main             c_w.l(__main.o)
    0x000000d4   0x000000d4   0x0000005c   Code   RO          447    !!!scatter          c_w.l(__scatter.o)
    0x00000130   0x00000130   0x00000064   Code   RO          445    !!dclz77c           c_w.l(__dclz77c.o)
    0x00000194   0x00000194   0x0000001a   Code   RO          451    !!handler_copy      c_w.l(__scatter_copy.o)
    0x000001ae   0x000001ae   0x00000002   PAD
    0x000001b0   0x000001b0   0x00000002   Code   RO          448    !!handler_null      c_w.l(__scatter.o)
    0x000001b2   0x000001b2   0x00000002   PAD
    0x000001b4   0x000001b4   0x0000001c   Code   RO          453    !!handler_zi        c_w.l(__scatter_zi.o)
    0x000001d0   0x000001d0   0x00000000   Code   RO          192    .ARM.Collect$$_printf_percent$$00000000  c_w.l(_printf_percent.o)
    0x000001d0   0x000001d0   0x00000006   Code   RO          191    .ARM.Collect$$_printf_percent$$00000009  c_w.l(_printf_d.o)
    0x000001d6   0x000001d6   0x00000004   Code   RO          256    .ARM.Collect$$_printf_percent$$00000017  c_w.l(_printf_percent_end.o)
    0x000001da   0x000001da   0x00000002   Code   RO          365    .ARM.Collect$$libinit$$00000000  c_w.l(libinit.o)
    0x000001dc   0x000001dc   0x00000000   Code   RO          260    .ARM.Collect$$libinit$$00000002  c_w.l(libinit2.o)
    0x000001dc   0x000001dc   0x00000000   Code   RO          262    .ARM.Collect$$libinit$$00000004  c_w.l(libinit2.o)
    0x000001dc   0x000001dc   0x00000000   Code   RO          264    .ARM.Collect$$libinit$$00000006  c_w.l(libinit2.o)
    0x000001dc   0x000001dc   0x00000000   Code   RO          267    .ARM.Collect$$libinit$$0000000C  c_w.l(libinit2.o)
    0x000001dc   0x000001dc   0x00000000   Code   RO          269    .ARM.Collect$$libinit$$0000000E  c_w.l(libinit2.o)
    0x000001dc   0x000001dc   0x00000004   Code   RO          270    .ARM.Collect$$libinit$$0000000F  c_w.l(libinit2.o)
    0x000001e0   0x000001e0   0x00000000   Code   RO          271    .ARM.Collect$$libinit$$00000010  c_w.l(libinit2.o)
    0x000001e0   0x000001e0   0x00000000   Code   RO          274    .ARM.Collect$$libinit$$00000013  c_w.l(libinit2.o)
    0x000001e0   0x000001e0   0x00000000   Code   RO          276    .ARM.Collect$$libinit$$00000015  c_w.l(libinit2.o)
    0x000001e0   0x000001e0   0x00000000   Code   RO          278    .ARM.Collect$$libinit$$00000017  c_w.l(libinit2.o)
    0x000001e0   0x000001e0   0x00000000   Code   RO          280    .ARM.Collect$$libinit$$00000019  c_w.l(libinit2.o)
    0x000001e0   0x000001e0   0x00000000   Code   RO          282    .ARM.Collect$$libinit$$0000001B  c_w.l(libinit2.o)
    0x000001e0   0x000001e0   0x00000000   Code   RO          284    .ARM.Collect$$libinit$$0000001D  c_w.l(libinit2.o)
    0x000001e0   0x000001e0   0x00000000   Code   RO          286    .ARM.Collect$$libinit$$0000001F  c_w.l(libinit2.o)
    0x000001e0   0x000001e0   0x00000000   Code   RO          288    .ARM.Collect$$libinit$$00000021  c_w.l(libinit2.o)
    0x000001e0   0x000001e0   0x00000000   Code   RO          290    .ARM.Collect$$libinit$$00000023  c_w.l(libinit2.o)
    0x000001e0   0x000001e0   0x00000000   Code   RO          292    .ARM.Collect$$libinit$$00000025  c_w.l(libinit2.o)
    0x000001e0   0x000001e0   0x00000000   Code   RO          294    .ARM.Collect$$libinit$$00000027  c_w.l(libinit2.o)
    0x000001e0   0x000001e0   0x00000000   Code   RO          298    .ARM.Collect$$libinit$$0000002E  c_w.l(libinit2.o)
    0x000001e0   0x000001e0   0x00000000   Code   RO          300    .ARM.Collect$$libinit$$00000030  c_w.l(libinit2.o)
    0x000001e0   0x000001e0   0x00000000   Code   RO          302    .ARM.Collect$$libinit$$00000032  c_w.l(libinit2.o)
    0x000001e0   0x000001e0   0x00000000   Code   RO          304    .ARM.Collect$$libinit$$00000034  c_w.l(libinit2.o)
    0x000001e0   0x000001e0   0x00000002   Code   RO          305    .ARM.Collect$$libinit$$00000035  c_w.l(libinit2.o)
    0x000001e2   0x000001e2   0x00000002   Code   RO          404    .ARM.Collect$$libshutdown$$00000000  c_w.l(libshutdown.o)
    0x000001e4   0x000001e4   0x00000000   Code   RO          412    .ARM.Collect$$libshutdown$$00000002  c_w.l(libshutdown2.o)
    0x000001e4   0x000001e4   0x00000000   Code   RO          414    .ARM.Collect$$libshutdown$$00000004  c_w.l(libshutdown2.o)
    0x000001e4   0x000001e4   0x00000000   Code   RO          417    .ARM.Collect$$libshutdown$$00000007  c_w.l(libshutdown2.o)
    0x000001e4   0x000001e4   0x00000000   Code   RO          420    .ARM.Collect$$libshutdown$$0000000A  c_w.l(libshutdown2.o)
    0x000001e4   0x000001e4   0x00000000   Code   RO          422    .ARM.Collect$$libshutdown$$0000000C  c_w.l(libshutdown2.o)
    0x000001e4   0x000001e4   0x00000000   Code   RO          425    .ARM.Collect$$libshutdown$$0000000F  c_w.l(libshutdown2.o)
    0x000001e4   0x000001e4   0x00000002   Code   RO          426    .ARM.Collect$$libshutdown$$00000010  c_w.l(libshutdown2.o)
    0x000001e6   0x000001e6   0x00000000   Code   RO          249    .ARM.Collect$$rtentry$$00000000  c_w.l(__rtentry.o)
    0x000001e6   0x000001e6   0x00000000   Code   RO          328    .ARM.Collect$$rtentry$$00000002  c_w.l(__rtentry2.o)
    0x000001e6   0x000001e6   0x00000006   Code   RO          340    .ARM.Collect$$rtentry$$00000004  c_w.l(__rtentry4.o)
    0x000001ec   0x000001ec   0x00000000   Code   RO          330    .ARM.Collect$$rtentry$$00000009  c_w.l(__rtentry2.o)
    0x000001ec   0x000001ec   0x00000004   Code   RO          331    .ARM.Collect$$rtentry$$0000000A  c_w.l(__rtentry2.o)
    0x000001f0   0x000001f0   0x00000000   Code   RO          333    .ARM.Collect$$rtentry$$0000000C  c_w.l(__rtentry2.o)
    0x000001f0   0x000001f0   0x00000008   Code   RO          334    .ARM.Collect$$rtentry$$0000000D  c_w.l(__rtentry2.o)
    0x000001f8   0x000001f8   0x00000002   Code   RO          373    .ARM.Collect$$rtexit$$00000000  c_w.l(rtexit.o)
    0x000001fa   0x000001fa   0x00000000   Code   RO          382    .ARM.Collect$$rtexit$$00000002  c_w.l(rtexit2.o)
    0x000001fa   0x000001fa   0x00000004   Code   RO          383    .ARM.Collect$$rtexit$$00000003  c_w.l(rtexit2.o)
    0x000001fe   0x000001fe   0x00000006   Code   RO          384    .ARM.Collect$$rtexit$$00000004  c_w.l(rtexit2.o)
    0x00000204   0x00000204   0x00000034   Code   RO          193    .emb_text           c_w.l(rand.o)
    0x00000238   0x00000238   0x00000034   Code   RO            5    .text               startup_lpc17xx.o
    0x0000026c   0x0000026c   0x00000044   Code   RO           13    .text               sample.o
    0x000002b0   0x000002b0   0x0000002a   Code   RO           50    .text               asciilib.o
    0x000002da   0x000002da   0x00000012   Code   RO          159    .text               c_w.l(sys_time.o)
    0x000002ec   0x000002ec   0x00000006   Code   RO          202    .text               c_w.l(heapauxi.o)
    0x000002f2   0x000002f2   0x00000002   Code   RO          246    .text               c_w.l(use_no_semi.o)
    0x000002f4   0x000002f4   0x00000000   Code   RO          248    .text               c_w.l(indicate_semi.o)
    0x000002f4   0x000002f4   0x00000008   Code   RO          370    .text               c_w.l(libspace.o)
    0x000002fc   0x000002fc   0x00000004   Code   RO            4    .ARM.__at_0x02FC    startup_lpc17xx.o
    0x00000300   0x00000300   0x00000150   Code   RO           21    .text               system_lpc17xx.o
    0x00000450   0x00000450   0x00000168   Code   RO           31    .text               irq_timer.o
    0x000005b8   0x000005b8   0x000000ac   Code   RO           42    .text               lib_timer.o
    0x00000664   0x00000664   0x00001726   Code   RO           59    .text               glcd.o
    0x00001d8a   0x00001d8a   0x00000002   PAD
    0x00001d8c   0x00001d8c   0x00000d26   Code   RO           77    .text               touchpanel.o
    0x00002ab2   0x00002ab2   0x00000002   PAD
    0x00002ab4   0x00002ab4   0x00000a3c   Code   RO           90    .text               imports.o
    0x000034f0   0x000034f0   0x0000008a   Code   RO          125    .text               irq_button.o
    0x0000357a   0x0000357a   0x00000002   PAD
    0x0000357c   0x0000357c   0x0000007c   Code   RO          132    .text               lib_button.o
    0x000035f8   0x000035f8   0x000000c8   Code   RO          139    .text               irq_rit.o
    0x000036c0   0x000036c0   0x00000072   Code   RO          149    .text               lib_rit.o
    0x00003732   0x00003732   0x00000002   PAD
    0x00003734   0x00003734   0x00000028   Code   RO          165    .text               c_w.l(noretval__2sprintf.o)
    0x0000375c   0x0000375c   0x00000068   Code   RO          167    .text               c_w.l(__printf.o)
    0x000037c4   0x000037c4   0x00000078   Code   RO          169    .text               c_w.l(_printf_dec.o)
    0x0000383c   0x0000383c   0x0000003c   Code   RO          194    .text               c_w.l(rand.o)
    0x00003878   0x00003878   0x0000004e   Code   RO          200    .text               c_w.l(rt_memclr_w.o)
    0x000038c6   0x000038c6   0x000000b2   Code   RO          250    .text               c_w.l(_printf_intcommon.o)
    0x00003978   0x00003978   0x00000030   Code   RO          252    .text               c_w.l(_printf_char_common.o)
    0x000039a8   0x000039a8   0x0000000a   Code   RO          254    .text               c_w.l(_sputc.o)
    0x000039b2   0x000039b2   0x0000004a   Code   RO          352    .text               c_w.l(sys_stackheap_outer.o)
    0x000039fc   0x000039fc   0x00000012   Code   RO          354    .text               c_w.l(exit.o)
    0x00003a0e   0x00003a0e   0x00000002   PAD
    0x00003a10   0x00003a10   0x0000000c   Code   RO          394    .text               c_w.l(sys_exit.o)
    0x00003a1c   0x00003a1c   0x00000150   Code   RO          206    x$fpl$dadd          fz_ws.l(daddsub_clz.o)
    0x00003b6c   0x00003b6c   0x00000018   Code   RO          346    x$fpl$dcmpinf       fz_ws.l(dcmpi.o)
    0x00003b84   0x00003b84   0x000002b8   Code   RO          215    x$fpl$ddiv          fz_ws.l(ddiv.o)
    0x00003e3c   0x00003e3c   0x00000078   Code   RO          306    x$fpl$deqf          fz_ws.l(deqf.o)
    0x00003eb4   0x00003eb4   0x0000005e   Code   RO          218    x$fpl$dfix          fz_ws.l(dfix.o)
    0x00003f12   0x00003f12   0x0000002e   Code   RO          223    x$fpl$dflt          fz_ws.l(dflt_clz.o)
    0x00003f40   0x00003f40   0x00000078   Code   RO          308    x$fpl$dgeqf         fz_ws.l(dgeqf.o)
    0x00003fb8   0x00003fb8   0x00000078   Code   RO          310    x$fpl$dleqf         fz_ws.l(dleqf.o)
    0x00004030   0x00004030   0x00000154   Code   RO          228    x$fpl$dmul          fz_ws.l(dmul.o)
    0x00004184   0x00004184   0x0000009c   Code   RO          312    x$fpl$dnaninf       fz_ws.l(dnaninf.o)
    0x00004220   0x00004220   0x0000000c   Code   RO          314    x$fpl$dretinf       fz_ws.l(dretinf.o)
    0x0000422c   0x0000422c   0x000001dc   Code   RO          208    x$fpl$dsub          fz_ws.l(daddsub_clz.o)
    0x00004408   0x00004408   0x000000c4   Code   RO          230    x$fpl$fadd          fz_ws.l(faddsub_clz.o)
    0x000044cc   0x000044cc   0x00000054   Code   RO          212    x$fpl$fcmp          fz_ws.l(dcmp.o)
    0x00004520   0x00004520   0x00000054   Code   RO          236    x$fpl$fcmp          fz_ws.l(fcmp.o)
    0x00004574   0x00004574   0x00000018   Code   RO          348    x$fpl$fcmpinf       fz_ws.l(fcmpi.o)
    0x0000458c   0x0000458c   0x00000068   Code   RO          316    x$fpl$feqf          fz_ws.l(feqf.o)
    0x000045f4   0x000045f4   0x00000030   Code   RO          239    x$fpl$fflt          fz_ws.l(fflt_clz.o)
    0x00004624   0x00004624   0x00000068   Code   RO          318    x$fpl$fgeqf         fz_ws.l(fgeqf.o)
    0x0000468c   0x0000468c   0x00000068   Code   RO          320    x$fpl$fleqf         fz_ws.l(fleqf.o)
    0x000046f4   0x000046f4   0x00000102   Code   RO          244    x$fpl$fmul          fz_ws.l(fmul.o)
    0x000047f6   0x000047f6   0x0000008c   Code   RO          322    x$fpl$fnaninf       fz_ws.l(fnaninf.o)
    0x00004882   0x00004882   0x0000000a   Code   RO          324    x$fpl$fretinf       fz_ws.l(fretinf.o)
    0x0000488c   0x0000488c   0x000000ea   Code   RO          232    x$fpl$fsub          fz_ws.l(faddsub_clz.o)
    0x00004976   0x00004976   0x00000000   Code   RO          326    x$fpl$usenofp       fz_ws.l(usenofp.o)
    0x00004976   0x00004976   0x000005f0   Data   RO           52    .rodata.AsciiLib    asciilib.o
    0x00004f66   0x00004f66   0x0000001d   Data   RO           81    .rodata.str1.1      touchpanel.o
    0x00004f83   0x00004f83   0x00000012   Data   RO          100    .rodata.str1.1      imports.o
    0x00004f95   0x00004f95   0x00000003   PAD
    0x00004f98   0x00004f98   0x00000040   Data   RO          444    Region$$Table       anon$$obj.o


    Execution Region RW_IRAM1 (Exec base: 0x10000000, Load base: 0x00004fd8, Size: 0x000004f0, Max: 0x00008000, ABSOLUTE)

    Exec Addr    Load Addr    Size         Type   Attr      Idx    E Section Name        Object

    0x10000000   0x00004fd8   0x00000004   Data   RW          101    .data.Move_Pacman.checkpoint  imports.o
    0x10000004   0x00004fdc   0x00000004   PAD
    0x10000008        -       0x00000004   Zero   RW          142    .bss.RIT_IRQHandler.down0  irq_rit.o
    0x1000000c        -       0x00000001   Zero   RW          143    .bss.RIT_IRQHandler.position  irq_rit.o
    0x1000000d   0x00004fdc   0x00000001   PAD
    0x1000000e        -       0x00000004   Zero   RW           80    .bss.Read_Ads7846.screen  touchpanel.o
    0x10000012   0x00004fdc   0x00000002   PAD
    0x10000014        -       0x00000004   Zero   RW           35    .bss.TIMER0_IRQHandler.left  irq_timer.o
    0x10000018        -       0x00000004   Zero   RW           33    .bss.TIMER0_IRQHandler.up  irq_timer.o
    0x1000001c        -       0x00000064   Zero   RW           99    .bss.buffer         imports.o
    0x10000080        -       0x00000001   Zero   RW           98    .bss.life           imports.o
    0x10000081   0x00004fdc   0x00000007   PAD
    0x10000088        -       0x00000038   Zero   RW           83    .bss.matrix         touchpanel.o
    0x100000c0        -       0x00000030   Zero   RW          103    .bss.power_pills_coord  imports.o
    0x100000f0        -       0x00000400   Zero   RW            1    STACK               startup_lpc17xx.o


    Execution Region RW_IRAM2 (Exec base: 0x2007c000, Load base: 0x00004fe0, Size: 0x000004f0, Max: 0x00008000, ABSOLUTE, COMPRESSED[0x00000090])

    Exec Addr    Load Addr    Size         Type   Attr      Idx    E Section Name        Object

    0x2007c000   COMPRESSED   0x0000000c   Data   RW           79    .data.DisplaySample  touchpanel.o
    0x2007c00c   COMPRESSED   0x00000004   Data   RW           23    .data.SystemFrequency  system_lpc17xx.o
    0x2007c010   COMPRESSED   0x00000364   Data   RW           92    .data.board         imports.o
    0x2007c374   COMPRESSED   0x00000004   PAD
    0x2007c378        -       0x000000e4   Zero   RW          195    .bss                c_w.l(rand.o)
    0x2007c45c        -       0x00000060   Zero   RW          371    .bss                c_w.l(libspace.o)
    0x2007c4bc        -       0x00000001   Zero   RW          102    .bss.PauseHandler.pause  imports.o
    0x2007c4bd   COMPRESSED   0x00000003   PAD
    0x2007c4c0        -       0x00000004   Zero   RW          141    .bss.RIT_IRQHandler.down  irq_rit.o
    0x2007c4c4        -       0x00000001   Zero   RW           24    .bss.ScaleFlag      system_lpc17xx.o
    0x2007c4c5   COMPRESSED   0x00000001   PAD
    0x2007c4c6        -       0x0000000c   Zero   RW           82    .bss.ScreenSample   touchpanel.o
    0x2007c4d2   COMPRESSED   0x00000002   PAD
    0x2007c4d4        -       0x00000004   Zero   RW           34    .bss.TIMER0_IRQHandler.down  irq_timer.o
    0x2007c4d8        -       0x00000004   Zero   RW           36    .bss.TIMER0_IRQHandler.right  irq_timer.o
    0x2007c4dc        -       0x00000001   Zero   RW           96    .bss.direction      imports.o
    0x2007c4dd        -       0x00000001   Zero   RW           93    .bss.elapsed_time   imports.o
    0x2007c4de   COMPRESSED   0x00000002   PAD
    0x2007c4e0        -       0x00000008   Zero   RW           95    .bss.pacman         imports.o
    0x2007c4e8        -       0x00000004   Zero   RW           97    .bss.punteggio      imports.o
    0x2007c4ec        -       0x00000001   Zero   RW           94    .bss.wait           imports.o
    0x2007c4ed   COMPRESSED   0x00000003   PAD
    0x2007c4f0        -       0x00000000   Zero   RW            2    HEAP                startup_lpc17xx.o


==============================================================================

Image component sizes


      Code (inc. data)   RO Data    RW Data    ZI Data      Debug   Object Name

        42          0       1520          0          0        657   asciilib.o
      5926          0          0          0          0      18114   glcd.o
      2620         52         18        872        165       7593   imports.o
       138          0          0          0          0       3967   irq_button.o
       200          0          0          0          9       4361   irq_rit.o
       360          4          0          0         16       2659   irq_timer.o
       124          0          0          0          0       5540   lib_button.o
       114          0          0          0          0       3530   lib_rit.o
       172          0          0          0          0       3277   lib_timer.o
        68          0          0          0          0       1628   sample.o
        56         22        204          0       1024        988   startup_lpc17xx.o
       336         20          0          4          1       2113   system_lpc17xx.o
      3366          0         29         12         72       8559   touchpanel.o

    ----------------------------------------------------------------------
     13530         98       1838        888       1316      62986   Object Totals
         0          0         64          0          0          0   (incl. Generated)
         8          0          3          0         29          0   (incl. Padding)

    ----------------------------------------------------------------------

      Code (inc. data)   RO Data    RW Data    ZI Data      Debug   Library Member Name

       100          0          0          0          0          0   __dclz77c.o
         8          0          0          0          0         68   __main.o
       104          0          0          0          0         84   __printf.o
         0          0          0          0          0          0   __rtentry.o
        12          0          0          0          0          0   __rtentry2.o
         6          0          0          0          0          0   __rtentry4.o
        94          8          0          0          0          0   __scatter.o
        26          0          0          0          0          0   __scatter_copy.o
        28          0          0          0          0          0   __scatter_zi.o
        48          6          0          0          0         96   _printf_char_common.o
         6          0          0          0          0          0   _printf_d.o
       120         16          0          0          0         92   _printf_dec.o
       178          0          0          0          0         88   _printf_intcommon.o
         0          0          0          0          0          0   _printf_percent.o
         4          0          0          0          0          0   _printf_percent_end.o
        10          0          0          0          0         68   _sputc.o
        18          0          0          0          0         80   exit.o
         6          0          0          0          0        152   heapauxi.o
         0          0          0          0          0          0   indicate_semi.o
         2          0          0          0          0          0   libinit.o
         6          0          0          0          0          0   libinit2.o
         2          0          0          0          0          0   libshutdown.o
         2          0          0          0          0          0   libshutdown2.o
         8          4          0          0         96         68   libspace.o
        40          6          0          0          0         84   noretval__2sprintf.o
       112         18          0          0        228        160   rand.o
        78          0          0          0          0         80   rt_memclr_w.o
         2          0          0          0          0          0   rtexit.o
        10          0          0          0          0          0   rtexit2.o
        12          4          0          0          0         68   sys_exit.o
        74          0          0          0          0         80   sys_stackheap_outer.o
        18          0          0          0          0         76   sys_time.o
         2          0          0          0          0         68   use_no_semi.o
       812         16          0          0          0        296   daddsub_clz.o
        84          0          0          0          0        196   dcmp.o
        24          0          0          0          0         68   dcmpi.o
       696        140          0          0          0        216   ddiv.o
       120          4          0          0          0         92   deqf.o
        94          4          0          0          0         92   dfix.o
        46          0          0          0          0         68   dflt_clz.o
       120          4          0          0          0         92   dgeqf.o
       120          4          0          0          0         92   dleqf.o
       340         12          0          0          0        104   dmul.o
       156          4          0          0          0         92   dnaninf.o
        12          0          0          0          0         68   dretinf.o
       430          8          0          0          0        168   faddsub_clz.o
        84          0          0          0          0        196   fcmp.o
        24          0          0          0          0         68   fcmpi.o
       104          4          0          0          0         84   feqf.o
        48          0          0          0          0         68   fflt_clz.o
       104          4          0          0          0         84   fgeqf.o
       104          4          0          0          0         84   fleqf.o
       258          4          0          0          0         84   fmul.o
       140          4          0          0          0         84   fnaninf.o
        10          0          0          0          0         68   fretinf.o
         0          0          0          0          0          0   usenofp.o

    ----------------------------------------------------------------------
      5072        278          0          0        324       3876   Library Totals
         6          0          0          0          0          0   (incl. Padding)

    ----------------------------------------------------------------------

      Code (inc. data)   RO Data    RW Data    ZI Data      Debug   Library Name

      1136         62          0          0        324       1412   c_w.l
      3930        216          0          0          0       2464   fz_ws.l

    ----------------------------------------------------------------------
      5072        278          0          0        324       3876   Library Totals

    ----------------------------------------------------------------------

==============================================================================


      Code (inc. data)   RO Data    RW Data    ZI Data      Debug   

     18602        376       1838        888       1640      64902   Grand Totals
     18602        376       1838        148       1640      64902   ELF Image Totals (compressed)
     18602        376       1838        148          0          0   ROM Totals

==============================================================================

    Total RO  Size (Code + RO Data)                20440 (  19.96kB)
    Total RW  Size (RW Data + ZI Data)              2528 (   2.47kB)
    Total ROM Size (Code + RO Data + RW Data)      20588 (  20.11kB)

==============================================================================

